Archive member included to satisfy reference by file (symbol)

/usr/lib/gcc/arm-none-eabi/12.2.1/thumb/v6-m/nofp/libgcc.a(_dvmd_tls.o)
                              CMakeFiles/serverless.dir/home/jake/pico-sdk/src/rp2_common/pico_divider/divider.S.obj (__aeabi_idiv0)
/usr/lib/gcc/arm-none-eabi/12.2.1/../../../arm-none-eabi/lib/thumb/v6-m/nofp/libc.a(lib_a-atexit.o)
                              /usr/lib/gcc/arm-none-eabi/12.2.1/../../../arm-none-eabi/lib/thumb/v6-m/nofp/crt0.o (atexit)
/usr/lib/gcc/arm-none-eabi/12.2.1/../../../arm-none-eabi/lib/thumb/v6-m/nofp/libc.a(lib_a-calloc.o)
                              CMakeFiles/serverless.dir/home/jake/pico-sdk/src/rp2_common/pico_malloc/pico_malloc.c.obj (calloc)
/usr/lib/gcc/arm-none-eabi/12.2.1/../../../arm-none-eabi/lib/thumb/v6-m/nofp/libc.a(lib_a-callocr.o)
                              /usr/lib/gcc/arm-none-eabi/12.2.1/../../../arm-none-eabi/lib/thumb/v6-m/nofp/libc.a(lib_a-calloc.o) (_calloc_r)
/usr/lib/gcc/arm-none-eabi/12.2.1/../../../arm-none-eabi/lib/thumb/v6-m/nofp/libc.a(lib_a-fini.o)
                              /usr/lib/gcc/arm-none-eabi/12.2.1/../../../arm-none-eabi/lib/thumb/v6-m/nofp/crt0.o (__libc_fini_array)
/usr/lib/gcc/arm-none-eabi/12.2.1/../../../arm-none-eabi/lib/thumb/v6-m/nofp/libc.a(lib_a-impure.o)
                              /usr/lib/gcc/arm-none-eabi/12.2.1/../../../arm-none-eabi/lib/thumb/v6-m/nofp/libc.a(lib_a-calloc.o) (_impure_ptr)
/usr/lib/gcc/arm-none-eabi/12.2.1/../../../arm-none-eabi/lib/thumb/v6-m/nofp/libc.a(lib_a-init.o)
                              /usr/lib/gcc/arm-none-eabi/12.2.1/../../../arm-none-eabi/lib/thumb/v6-m/nofp/crt0.o (__libc_init_array)
/usr/lib/gcc/arm-none-eabi/12.2.1/../../../arm-none-eabi/lib/thumb/v6-m/nofp/libc.a(lib_a-malloc.o)
                              CMakeFiles/serverless.dir/home/jake/pico-sdk/src/rp2_common/pico_malloc/pico_malloc.c.obj (malloc)
/usr/lib/gcc/arm-none-eabi/12.2.1/../../../arm-none-eabi/lib/thumb/v6-m/nofp/libc.a(lib_a-mallocr.o)
                              /usr/lib/gcc/arm-none-eabi/12.2.1/../../../arm-none-eabi/lib/thumb/v6-m/nofp/libc.a(lib_a-callocr.o) (_malloc_r)
/usr/lib/gcc/arm-none-eabi/12.2.1/../../../arm-none-eabi/lib/thumb/v6-m/nofp/libc.a(lib_a-mlock.o)
                              /usr/lib/gcc/arm-none-eabi/12.2.1/../../../arm-none-eabi/lib/thumb/v6-m/nofp/libc.a(lib_a-mallocr.o) (__malloc_lock)
/usr/lib/gcc/arm-none-eabi/12.2.1/../../../arm-none-eabi/lib/thumb/v6-m/nofp/libc.a(lib_a-realloc.o)
                              CMakeFiles/serverless.dir/home/jake/pico-sdk/src/rp2_common/pico_malloc/pico_malloc.c.obj (realloc)
/usr/lib/gcc/arm-none-eabi/12.2.1/../../../arm-none-eabi/lib/thumb/v6-m/nofp/libc.a(lib_a-reallocr.o)
                              /usr/lib/gcc/arm-none-eabi/12.2.1/../../../arm-none-eabi/lib/thumb/v6-m/nofp/libc.a(lib_a-realloc.o) (_realloc_r)
/usr/lib/gcc/arm-none-eabi/12.2.1/../../../arm-none-eabi/lib/thumb/v6-m/nofp/libc.a(lib_a-sbrkr.o)
                              /usr/lib/gcc/arm-none-eabi/12.2.1/../../../arm-none-eabi/lib/thumb/v6-m/nofp/libc.a(lib_a-mallocr.o) (_sbrk_r)
/usr/lib/gcc/arm-none-eabi/12.2.1/../../../arm-none-eabi/lib/thumb/v6-m/nofp/libc.a(lib_a-strlen-stub.o)
                              CMakeFiles/serverless.dir/src/serverless.c.obj (strlen)
/usr/lib/gcc/arm-none-eabi/12.2.1/../../../arm-none-eabi/lib/thumb/v6-m/nofp/libc.a(lib_a-strncmp.o)
                              CMakeFiles/serverless.dir/src/serverless.c.obj (strncmp)
/usr/lib/gcc/arm-none-eabi/12.2.1/../../../arm-none-eabi/lib/thumb/v6-m/nofp/libc.a(lib_a-__atexit.o)
                              /usr/lib/gcc/arm-none-eabi/12.2.1/../../../arm-none-eabi/lib/thumb/v6-m/nofp/libc.a(lib_a-atexit.o) (__register_exitproc)
/usr/lib/gcc/arm-none-eabi/12.2.1/../../../arm-none-eabi/lib/thumb/v6-m/nofp/libc.a(lib_a-freer.o)
                              /usr/lib/gcc/arm-none-eabi/12.2.1/../../../arm-none-eabi/lib/thumb/v6-m/nofp/libc.a(lib_a-malloc.o) (_free_r)
/usr/lib/gcc/arm-none-eabi/12.2.1/../../../arm-none-eabi/lib/thumb/v6-m/nofp/libc.a(lib_a-memmove.o)
                              /usr/lib/gcc/arm-none-eabi/12.2.1/../../../arm-none-eabi/lib/thumb/v6-m/nofp/libc.a(lib_a-reallocr.o) (memmove)
/usr/lib/gcc/arm-none-eabi/12.2.1/../../../arm-none-eabi/lib/thumb/v6-m/nofp/libc.a(lib_a-reent.o)
                              /usr/lib/gcc/arm-none-eabi/12.2.1/../../../arm-none-eabi/lib/thumb/v6-m/nofp/libc.a(lib_a-sbrkr.o) (errno)

Discarded input sections

 .text          0x00000000        0x0 /usr/lib/gcc/arm-none-eabi/12.2.1/thumb/v6-m/nofp/crti.o
 .data          0x00000000        0x0 /usr/lib/gcc/arm-none-eabi/12.2.1/thumb/v6-m/nofp/crti.o
 .bss           0x00000000        0x0 /usr/lib/gcc/arm-none-eabi/12.2.1/thumb/v6-m/nofp/crti.o
 .data          0x00000000        0x4 /usr/lib/gcc/arm-none-eabi/12.2.1/thumb/v6-m/nofp/crtbegin.o
 .rodata        0x00000000       0x24 /usr/lib/gcc/arm-none-eabi/12.2.1/thumb/v6-m/nofp/crtbegin.o
[...]
Memory Configuration

Name             Origin             Length             Attributes
FLASH            0x10000000         0x00200000         xr
RAM              0x20000000         0x00040000         xrw
SCRATCH_X        0x20040000         0x00001000         xrw
SCRATCH_Y        0x20041000         0x00001000         xrw
*default*        0x00000000         0xffffffff

Linker script and memory map

LOAD /usr/lib/gcc/arm-none-eabi/12.2.1/thumb/v6-m/nofp/crti.o
LOAD /usr/lib/gcc/arm-none-eabi/12.2.1/thumb/v6-m/nofp/crtbegin.o
LOAD /usr/lib/gcc/arm-none-eabi/12.2.1/../../../arm-none-eabi/lib/thumb/v6-m/nofp/crt0.o

.flash_begin    0x10000000        0x0
                0x10000000                        __flash_binary_start = .

.boot2          0x10000000      0x100
                0x10000000                        __boot2_start__ = .
 *(.boot2)
 .boot2         0x10000000      0x100 /tmp/ccqPyuod.o
                0x10000100                        __boot2_end__ = .
                0x00000001                        ASSERT (((__boot2_end__ - __boot2_start__) == 0x100), ERROR: Pico second stage bootloader must be 256 bytes in size)

.text           0x10000100     0x75d8
                0x10000100                        __logical_binary_start = .
 *(.vectors)
 .vectors       0x10000100       0xd4 CMakeFiles/serverless.dir/home/jake/pico-sdk/src/rp2_common/pico_standard_link/crt0.S.obj
                0x10000100                __vectors
                0x10000100                __VECTOR_TABLE
                0x100001c0                isr_invalid
                0x100001c0                __default_isrs_start
                0x100001c2                isr_nmi
                0x100001c4                isr_hardfault
                0x100001c6                isr_svcall
                0x100001c8                isr_pendsv
                0x100001ca                isr_systick
                0x100001cc                isr_irq30
                0x100001cc                __unhandled_user_irq
                0x100001cc                isr_irq13
                0x100001cc                isr_irq27
                0x100001cc                isr_irq31
                0x100001cc                isr_irq5
                0x100001cc                isr_irq11
                0x100001cc                isr_irq23
                0x100001cc                isr_irq18
                0x100001cc                isr_irq28
                0x100001cc                isr_irq19
                0x100001cc                isr_irq0
                0x100001cc                isr_irq6
                0x100001cc                isr_irq22
                0x100001cc                isr_irq17
                0x100001cc                isr_irq14
                0x100001cc                isr_irq2
                0x100001cc                isr_irq10
                0x100001cc                isr_irq8
                0x100001cc                isr_irq24
                0x100001cc                isr_irq1
                0x100001cc                isr_irq7
                0x100001cc                isr_irq21
                0x100001cc                isr_irq20
                0x100001cc                isr_irq15
                0x100001cc                isr_irq25
                0x100001cc                isr_irq4
                0x100001cc                isr_irq16
                0x100001cc                isr_irq29
                0x100001cc                isr_irq26
                0x100001cc                __default_isrs_end
                0x100001cc                isr_irq3
                0x100001cc                isr_irq12
                0x100001cc                isr_irq9
                0x100001d2                unhandled_user_irq_num_in_r0
 *(.binary_info_header)
 .binary_info_header
                0x100001d4       0x14 CMakeFiles/serverless.dir/home/jake/pico-sdk/src/rp2_common/pico_standard_link/crt0.S.obj
                0x100001e8                        __binary_info_header_end = .
 *(.reset)
 .reset         0x100001e8       0xa0 CMakeFiles/serverless.dir/home/jake/pico-sdk/src/rp2_common/pico_standard_link/crt0.S.obj
                0x100001e8                _entry_point
 .reset         0x10000288       0x30 CMakeFiles/serverless.dir/home/jake/pico-sdk/src/rp2_common/pico_standard_link/binary_info.c.obj
 *(.init)
 .init          0x100002b8        0x4 /usr/lib/gcc/arm-none-eabi/12.2.1/thumb/v6-m/nofp/crti.o
                0x100002b8                _init
 *(EXCLUDE_FILE(*libm.a: *libc.a:*lib_a-mem*.o *libgcc.a:) .text*)
 .text          0x100002bc       0x98 /usr/lib/gcc/arm-none-eabi/12.2.1/thumb/v6-m/nofp/crtbegin.o
 .text.core1_entry
                0x10000354       0x2c CMakeFiles/serverless.dir/src/serverless.c.obj
                0x10000354                core1_entry
 .text.startup.main
                0x10000380       0xdc CMakeFiles/serverless.dir/src/serverless.c.obj
                0x10000380                main
 .text.findPrimeFactors
                0x1000045c       0x94 CMakeFiles/serverless.dir/src/serverless.c.obj
                0x1000045c                findPrimeFactors
 .text.core1_interrupt_handler
                0x100004f0       0x50 CMakeFiles/serverless.dir/src/serverless.c.obj
                0x100004f0                core1_interrupt_handler
 .text.core1_trampoline
                0x10000540        0x4 CMakeFiles/serverless.dir/home/jake/pico-sdk/src/rp2_common/pico_multicore/multicore.c.obj
 .text.core1_wrapper
                0x10000544        0xc CMakeFiles/serverless.dir/home/jake/pico-sdk/src/rp2_common/pico_multicore/multicore.c.obj
                0x10000544                core1_wrapper
 .text.multicore_fifo_push_blocking
                0x10000550       0x14 CMakeFiles/serverless.dir/home/jake/pico-sdk/src/rp2_common/pico_multicore/multicore.c.obj
                0x10000550                multicore_fifo_push_blocking
 .text.multicore_fifo_pop_blocking
                0x10000564       0x1c CMakeFiles/serverless.dir/home/jake/pico-sdk/src/rp2_common/pico_multicore/multicore.c.obj
                0x10000564                multicore_fifo_pop_blocking
 .text.multicore_launch_core1_raw
                0x10000580       0x84 CMakeFiles/serverless.dir/home/jake/pico-sdk/src/rp2_common/pico_multicore/multicore.c.obj
                0x10000580                multicore_launch_core1_raw
 .text.multicore_launch_core1
                0x10000604       0x58 CMakeFiles/serverless.dir/home/jake/pico-sdk/src/rp2_common/pico_multicore/multicore.c.obj
                0x10000604                multicore_launch_core1
 .text.lock_init
                0x1000065c       0x10 CMakeFiles/serverless.dir/home/jake/pico-sdk/src/common/pico_sync/lock_core.c.obj
                0x1000065c                lock_init
 .text.mutex_init
                0x1000066c       0x1c CMakeFiles/serverless.dir/home/jake/pico-sdk/src/common/pico_sync/mutex.c.obj
                0x1000066c                mutex_init
 .text.recursive_mutex_init
                0x10000688       0x1c CMakeFiles/serverless.dir/home/jake/pico-sdk/src/common/pico_sync/mutex.c.obj
                0x10000688                recursive_mutex_init
 .text.critical_section_init
                0x100006a4       0x1c CMakeFiles/serverless.dir/home/jake/pico-sdk/src/common/pico_sync/critical_section.c.obj
                0x100006a4                critical_section_init
 .text.critical_section_init_with_lock_num
                0x100006c0       0x14 CMakeFiles/serverless.dir/home/jake/pico-sdk/src/common/pico_sync/critical_section.c.obj
                0x100006c0                critical_section_init_with_lock_num
 .text.timer_pool_entry_comparator
                0x100006d4       0x34 CMakeFiles/serverless.dir/home/jake/pico-sdk/src/common/pico_time/time.c.obj
                0x100006d4                timer_pool_entry_comparator
 .text.sleep_until_callback
                0x10000708       0x30 CMakeFiles/serverless.dir/home/jake/pico-sdk/src/common/pico_time/time.c.obj
 .text.add_alarm_under_lock.isra.0
                0x10000738      0x100 CMakeFiles/serverless.dir/home/jake/pico-sdk/src/common/pico_time/time.c.obj
 .text.alarm_pool_alarm_callback
                0x10000838      0x1bc CMakeFiles/serverless.dir/home/jake/pico-sdk/src/common/pico_time/time.c.obj
 .text.alarm_pool_init_default
                0x100009f4       0x6c CMakeFiles/serverless.dir/home/jake/pico-sdk/src/common/pico_time/time.c.obj
                0x100009f4                alarm_pool_init_default
 .text.alarm_pool_get_default
                0x10000a60        0x8 CMakeFiles/serverless.dir/home/jake/pico-sdk/src/common/pico_time/time.c.obj
                0x10000a60                alarm_pool_get_default
 .text.alarm_pool_add_alarm_at
                0x10000a68      0x188 CMakeFiles/serverless.dir/home/jake/pico-sdk/src/common/pico_time/time.c.obj
                0x10000a68                alarm_pool_add_alarm_at
 .text.alarm_pool_cancel_alarm
                0x10000bf0       0x6c CMakeFiles/serverless.dir/home/jake/pico-sdk/src/common/pico_time/time.c.obj
                0x10000bf0                alarm_pool_cancel_alarm
 .text.alarm_pool_core_num
                0x10000c5c        0x4 CMakeFiles/serverless.dir/home/jake/pico-sdk/src/common/pico_time/time.c.obj
                0x10000c5c                alarm_pool_core_num
 .text.sleep_until
                0x10000c60       0xc4 CMakeFiles/serverless.dir/home/jake/pico-sdk/src/common/pico_time/time.c.obj
                0x10000c60                sleep_until
 .text.sleep_ms
                0x10000d24       0x38 CMakeFiles/serverless.dir/home/jake/pico-sdk/src/common/pico_time/time.c.obj
                0x10000d24                sleep_ms
 .text.best_effort_wfe_or_timeout
                0x10000d5c       0x78 CMakeFiles/serverless.dir/home/jake/pico-sdk/src/common/pico_time/time.c.obj
                0x10000d5c                best_effort_wfe_or_timeout
 .text.hardware_alarm_irq_handler
                0x10000dd4       0xbc CMakeFiles/serverless.dir/home/jake/pico-sdk/src/rp2_common/hardware_timer/timer.c.obj
 .text.hardware_alarm_claim
                0x10000e90       0x18 CMakeFiles/serverless.dir/home/jake/pico-sdk/src/rp2_common/hardware_timer/timer.c.obj
                0x10000e90                hardware_alarm_claim
 .text.time_us_64
                0x10000ea8       0x14 CMakeFiles/serverless.dir/home/jake/pico-sdk/src/rp2_common/hardware_timer/timer.c.obj
                0x10000ea8                time_us_64
 .text.busy_wait_us
                0x10000ebc       0x68 CMakeFiles/serverless.dir/home/jake/pico-sdk/src/rp2_common/hardware_timer/timer.c.obj
                0x10000ebc                busy_wait_us
 .text.busy_wait_until
                0x10000f24       0x20 CMakeFiles/serverless.dir/home/jake/pico-sdk/src/rp2_common/hardware_timer/timer.c.obj
                0x10000f24                busy_wait_until
 .text.hardware_alarm_set_callback
                0x10000f44       0x8c CMakeFiles/serverless.dir/home/jake/pico-sdk/src/rp2_common/hardware_timer/timer.c.obj
                0x10000f44                hardware_alarm_set_callback
 .text.hardware_alarm_set_target
                0x10000fd0       0xdc CMakeFiles/serverless.dir/home/jake/pico-sdk/src/rp2_common/hardware_timer/timer.c.obj
                0x10000fd0                hardware_alarm_set_target
 .text.hardware_alarm_cancel
                0x100010ac       0x3c CMakeFiles/serverless.dir/home/jake/pico-sdk/src/rp2_common/hardware_timer/timer.c.obj
                0x100010ac                hardware_alarm_cancel
 .text.running_on_fpga
                0x100010e8       0x10 CMakeFiles/serverless.dir/home/jake/pico-sdk/src/rp2_common/pico_platform/platform.c.obj
                0x100010e8                running_on_fpga
 .text.hw_claim_or_assert
                0x100010f8       0x44 CMakeFiles/serverless.dir/home/jake/pico-sdk/src/rp2_common/hardware_claim/claim.c.obj
                0x100010f8                hw_claim_or_assert
 .text.hw_claim_unused_from_range
                0x1000113c       0x9c CMakeFiles/serverless.dir/home/jake/pico-sdk/src/rp2_common/hardware_claim/claim.c.obj
                0x1000113c                hw_claim_unused_from_range
 .text.spin_locks_reset
                0x100011d8       0x1c CMakeFiles/serverless.dir/home/jake/pico-sdk/src/rp2_common/hardware_sync/sync.c.obj
                0x100011d8                spin_locks_reset
 .text.next_striped_spin_lock_num
                0x100011f4       0x18 CMakeFiles/serverless.dir/home/jake/pico-sdk/src/rp2_common/hardware_sync/sync.c.obj
                0x100011f4                next_striped_spin_lock_num
 .text.spin_lock_claim_unused
                0x1000120c       0x24 CMakeFiles/serverless.dir/home/jake/pico-sdk/src/rp2_common/hardware_sync/sync.c.obj
                0x1000120c                spin_lock_claim_unused
 .text.irq_set_enabled
                0x10001230       0x24 CMakeFiles/serverless.dir/home/jake/pico-sdk/src/rp2_common/hardware_irq/irq.c.obj
                0x10001230                irq_set_enabled
 .text.irq_is_enabled
                0x10001254       0x18 CMakeFiles/serverless.dir/home/jake/pico-sdk/src/rp2_common/hardware_irq/irq.c.obj
                0x10001254                irq_is_enabled
 .text.irq_set_pending
                0x1000126c       0x10 CMakeFiles/serverless.dir/home/jake/pico-sdk/src/rp2_common/hardware_irq/irq.c.obj
                0x1000126c                irq_set_pending
 .text.irq_has_shared_handler
                0x1000127c       0x2c CMakeFiles/serverless.dir/home/jake/pico-sdk/src/rp2_common/hardware_irq/irq.c.obj
                0x1000127c                irq_has_shared_handler
 .text.irq_get_vtable_handler
                0x100012a8       0x10 CMakeFiles/serverless.dir/home/jake/pico-sdk/src/rp2_common/hardware_irq/irq.c.obj
                0x100012a8                irq_get_vtable_handler
 .text.irq_set_exclusive_handler
                0x100012b8       0x54 CMakeFiles/serverless.dir/home/jake/pico-sdk/src/rp2_common/hardware_irq/irq.c.obj
                0x100012b8                irq_set_exclusive_handler
 .text.irq_add_shared_handler
                0x1000130c      0x1f4 CMakeFiles/serverless.dir/home/jake/pico-sdk/src/rp2_common/hardware_irq/irq.c.obj
                0x1000130c                irq_add_shared_handler
 .text.irq_remove_handler
                0x10001500      0x1c4 CMakeFiles/serverless.dir/home/jake/pico-sdk/src/rp2_common/hardware_irq/irq.c.obj
                0x10001500                irq_remove_handler
 .text.irq_add_tail_to_free_list
                0x100016c4       0xb4 CMakeFiles/serverless.dir/home/jake/pico-sdk/src/rp2_common/hardware_irq/irq.c.obj
                0x100016c4                irq_add_tail_to_free_list
 .text.irq_init_priorities
                0x10001778       0x24 CMakeFiles/serverless.dir/home/jake/pico-sdk/src/rp2_common/hardware_irq/irq.c.obj
                0x10001778                irq_init_priorities
 .text.user_irq_claim_unused
                0x1000179c       0x2c CMakeFiles/serverless.dir/home/jake/pico-sdk/src/rp2_common/hardware_irq/irq.c.obj
                0x1000179c                user_irq_claim_unused
 .text.ph_merge_nodes
                0x100017c8       0x64 CMakeFiles/serverless.dir/home/jake/pico-sdk/src/common/pico_util/pheap.c.obj
 .text.ph_post_alloc_init
                0x1000182c       0x3c CMakeFiles/serverless.dir/home/jake/pico-sdk/src/common/pico_util/pheap.c.obj
                0x1000182c                ph_post_alloc_init
 .text.ph_merge_two_pass
                0x10001868       0x98 CMakeFiles/serverless.dir/home/jake/pico-sdk/src/common/pico_util/pheap.c.obj
                0x10001868                ph_merge_two_pass
 .text.ph_remove_any_head
                0x10001900      0x100 CMakeFiles/serverless.dir/home/jake/pico-sdk/src/common/pico_util/pheap.c.obj
 .text.ph_remove_head
                0x10001a00      0x104 CMakeFiles/serverless.dir/home/jake/pico-sdk/src/common/pico_util/pheap.c.obj
                0x10001a00                ph_remove_head
 .text.ph_remove_and_free_node
                0x10001b04       0x78 CMakeFiles/serverless.dir/home/jake/pico-sdk/src/common/pico_util/pheap.c.obj
                0x10001b04                ph_remove_and_free_node
 .text.clocks_init
                0x10001b7c      0x2b4 CMakeFiles/serverless.dir/home/jake/pico-sdk/src/rp2_common/hardware_clocks/clocks.c.obj
                0x10001b7c                clocks_init
 .text.pll_init
                0x10001e30       0xa8 CMakeFiles/serverless.dir/home/jake/pico-sdk/src/rp2_common/hardware_pll/pll.c.obj
                0x10001e30                pll_init
 .text.watchdog_start_tick
                0x10001ed8       0x10 CMakeFiles/serverless.dir/home/jake/pico-sdk/src/rp2_common/hardware_watchdog/watchdog.c.obj
                0x10001ed8                watchdog_start_tick
 .text.watchdog_reboot
                0x10001ee8       0x9c CMakeFiles/serverless.dir/home/jake/pico-sdk/src/rp2_common/hardware_watchdog/watchdog.c.obj
                0x10001ee8                watchdog_reboot
 .text.xosc_init
                0x10001f84       0x28 CMakeFiles/serverless.dir/home/jake/pico-sdk/src/rp2_common/hardware_xosc/xosc.c.obj
                0x10001f84                xosc_init
 .text.runtime_init
                0x10001fac       0xf0 CMakeFiles/serverless.dir/home/jake/pico-sdk/src/rp2_common/pico_runtime/runtime.c.obj
                0x10001fac                runtime_init
 .text._exit    0x1000209c        0x4 CMakeFiles/serverless.dir/home/jake/pico-sdk/src/rp2_common/pico_runtime/runtime.c.obj
                0x1000209c                _exit
 .text._sbrk    0x100020a0       0x34 CMakeFiles/serverless.dir/home/jake/pico-sdk/src/rp2_common/pico_runtime/runtime.c.obj
                0x100020a0                _sbrk
 .text.exit     0x100020d4        0x8 CMakeFiles/serverless.dir/home/jake/pico-sdk/src/rp2_common/pico_runtime/runtime.c.obj
                0x100020d4                exit
 .text.panic    0x100020dc       0x30 CMakeFiles/serverless.dir/home/jake/pico-sdk/src/rp2_common/pico_runtime/runtime.c.obj
                0x100020dc                panic
 .text.hard_assertion_failure
                0x1000210c        0xc CMakeFiles/serverless.dir/home/jake/pico-sdk/src/rp2_common/pico_runtime/runtime.c.obj
                0x1000210c                hard_assertion_failure
 .text._out_null
                0x10002118        0x4 CMakeFiles/serverless.dir/home/jake/pico-sdk/src/rp2_common/pico_printf/printf.c.obj
 .text._out_rev
                0x1000211c       0x90 CMakeFiles/serverless.dir/home/jake/pico-sdk/src/rp2_common/pico_printf/printf.c.obj
 .text._ntoa_format
                0x100021ac      0x1f4 CMakeFiles/serverless.dir/home/jake/pico-sdk/src/rp2_common/pico_printf/printf.c.obj
 .text._out_char
                0x100023a0       0x10 CMakeFiles/serverless.dir/home/jake/pico-sdk/src/rp2_common/pico_printf/printf.c.obj
 .text._out_fct
                0x100023b0       0x10 CMakeFiles/serverless.dir/home/jake/pico-sdk/src/rp2_common/pico_printf/printf.c.obj
 .text._etoa    0x100023c0      0x454 CMakeFiles/serverless.dir/home/jake/pico-sdk/src/rp2_common/pico_printf/printf.c.obj
 .text._ftoa    0x10002814      0x3c4 CMakeFiles/serverless.dir/home/jake/pico-sdk/src/rp2_common/pico_printf/printf.c.obj
 .text._vsnprintf
                0x10002bd8      0xb24 CMakeFiles/serverless.dir/home/jake/pico-sdk/src/rp2_common/pico_printf/printf.c.obj
 .text.vfctprintf
                0x100036fc       0x20 CMakeFiles/serverless.dir/home/jake/pico-sdk/src/rp2_common/pico_printf/printf.c.obj
                0x100036fc                vfctprintf
 .text.weak_raw_vprintf
                0x1000371c       0x30 CMakeFiles/serverless.dir/home/jake/pico-sdk/src/rp2_common/pico_printf/printf.c.obj
                0x1000371c                weak_raw_vprintf
 .text          0x1000374c       0x10 CMakeFiles/serverless.dir/home/jake/pico-sdk/src/rp2_common/pico_bit_ops/bit_ops_aeabi.S.obj
 .text.rom_func_lookup
                0x1000375c       0x10 CMakeFiles/serverless.dir/home/jake/pico-sdk/src/rp2_common/pico_bootrom/bootrom.c.obj
                0x1000375c                rom_func_lookup
 .text.rom_data_lookup
                0x1000376c       0x10 CMakeFiles/serverless.dir/home/jake/pico-sdk/src/rp2_common/pico_bootrom/bootrom.c.obj
                0x1000376c                rom_data_lookup
 .text.rom_funcs_lookup
                0x1000377c       0x44 CMakeFiles/serverless.dir/home/jake/pico-sdk/src/rp2_common/pico_bootrom/bootrom.c.obj
                0x1000377c                rom_funcs_lookup
 .text.__wrap___aeabi_idiv
                0x100037c0       0x50 CMakeFiles/serverless.dir/home/jake/pico-sdk/src/rp2_common/pico_divider/divider.S.obj
                0x100037c0                __wrap___aeabi_idivmod
                0x100037c0                divmod_s32s32
                0x100037c0                div_s32s32
                0x100037c0                __wrap___aeabi_idiv
                0x100037c8                divmod_s32s32_unsafe
                0x100037f4                divmod_s32s32_savestate
 .text.__wrap___aeabi_uidiv
                0x10003810       0x4c CMakeFiles/serverless.dir/home/jake/pico-sdk/src/rp2_common/pico_divider/divider.S.obj
                0x10003810                __wrap___aeabi_uidiv
                0x10003810                __wrap___aeabi_uidivmod
                0x10003810                div_u32u32
                0x10003810                divmod_u32u32
                0x10003818                divmod_u32u32_unsafe
                0x10003840                divmod_u32u32_savestate
 .text.__wrap___aeabi_ldiv
                0x1000385c      0x424 CMakeFiles/serverless.dir/home/jake/pico-sdk/src/rp2_common/pico_divider/divider.S.obj
                0x1000385c                div_s64s64
                0x1000385c                divmod_s64s64
                0x1000385c                __wrap___aeabi_ldivmod
                0x1000388c                div_u64u64
                0x1000388c                divmod_u64u64
                0x1000388c                __wrap___aeabi_uldivmod
                0x1000389c                divmod_u64u64_savestate
                0x100038bc                divmod_s64s64_unsafe
                0x10003944                divmod_u64u64_unsafe
 .text.__wrap___aeabi_darithmetic
                0x10003c80       0x80 CMakeFiles/serverless.dir/home/jake/pico-sdk/src/rp2_common/pico_double/double_aeabi.S.obj
                0x10003c80                __wrap___aeabi_drsub
                0x10003c86                __wrap___aeabi_dsub
                0x10003c98                __wrap___aeabi_dadd
                0x10003caa                __wrap___aeabi_ddiv
                0x10003ce6                __wrap___aeabi_dmul
 .text.__wrap___aeabi_cdcmple
                0x10003d00       0x6c CMakeFiles/serverless.dir/home/jake/pico-sdk/src/rp2_common/pico_double/double_aeabi.S.obj
                0x10003d00                __wrap___aeabi_cdrcmple
                0x10003d10                __wrap___aeabi_cdcmple
                0x10003d10                __wrap___aeabi_cdcmpeq
 .text.__wrap___aeabi_dcmplt
                0x10003d6c        0xc CMakeFiles/serverless.dir/home/jake/pico-sdk/src/rp2_common/pico_double/double_aeabi.S.obj
                0x10003d6c                __wrap___aeabi_dcmplt
 .text.__wrap___aeabi_dcmpge
                0x10003d78       0x10 CMakeFiles/serverless.dir/home/jake/pico-sdk/src/rp2_common/pico_double/double_aeabi.S.obj
                0x10003d78                __wrap___aeabi_dcmpge
 .text.__wrap___aeabi_dcmpgt
                0x10003d88        0xa CMakeFiles/serverless.dir/home/jake/pico-sdk/src/rp2_common/pico_double/double_aeabi.S.obj
                0x10003d88                __wrap___aeabi_dcmpgt
 .text.__wrap___aeabi_dcmpun
                0x10003d92       0x1c CMakeFiles/serverless.dir/home/jake/pico-sdk/src/rp2_common/pico_double/double_aeabi.S.obj
                0x10003d92                __wrap___aeabi_dcmpun
 *fill*         0x10003dae        0x2 
 .text.__wrap___aeabi_i2d
                0x10003db0       0x38 CMakeFiles/serverless.dir/home/jake/pico-sdk/src/rp2_common/pico_double/double_aeabi.S.obj
                0x10003db0                __wrap___aeabi_ui2d
                0x10003db8                __wrap___aeabi_i2d
 .text.__wrap___aeabi_d2iz
                0x10003de8       0x48 CMakeFiles/serverless.dir/home/jake/pico-sdk/src/rp2_common/pico_double/double_aeabi.S.obj
                0x10003de8                __wrap___aeabi_d2iz
                0x10003de8                double2int_z
 .text.__wrap___aeabi_d2uiz
                0x10003e30       0x18 CMakeFiles/serverless.dir/home/jake/pico-sdk/src/rp2_common/pico_double/double_aeabi.S.obj
                0x10003e30                double2uint
                0x10003e30                __wrap___aeabi_d2uiz
 .text.__aeabi_double_init
                0x10003e48       0x98 CMakeFiles/serverless.dir/home/jake/pico-sdk/src/rp2_common/pico_double/double_init_rom.c.obj
                0x10003e48                __aeabi_double_init
 .text.double_table_shim_on_use_helper
                0x10003ee0       0x2c CMakeFiles/serverless.dir/home/jake/pico-sdk/src/rp2_common/pico_double/double_v1_rom_shim.S.obj
                0x10003ee0                double_table_shim_on_use_helper
 .text.__wrap___aeabi_dsub
                0x10003f0c       0x10 CMakeFiles/serverless.dir/home/jake/pico-sdk/src/rp2_common/pico_double/double_v1_rom_shim.S.obj
                0x10003f0c                drsub_shim
                0x10003f12                dsub_shim
 .text.dadd_shim
                0x10003f1c      0x15c CMakeFiles/serverless.dir/home/jake/pico-sdk/src/rp2_common/pico_double/double_v1_rom_shim.S.obj
                0x10003f1c                dadd_shim
 .text.dmul_shim
                0x10004078      0x15c CMakeFiles/serverless.dir/home/jake/pico-sdk/src/rp2_common/pico_double/double_v1_rom_shim.S.obj
                0x10004078                dmul_shim
 .text.ddiv_shim
                0x100041d4      0x1b0 CMakeFiles/serverless.dir/home/jake/pico-sdk/src/rp2_common/pico_double/double_v1_rom_shim.S.obj
                0x100041d4                ddiv_shim
 .text.double2uint_shim
                0x10004384        0xe CMakeFiles/serverless.dir/home/jake/pico-sdk/src/rp2_common/pico_double/double_v1_rom_shim.S.obj
                0x10004384                double2uint_shim
                0x10004386                double2ufix_shim
 *fill*         0x10004392        0x2 
 .text.double2uint64_shim
                0x10004394       0x70 CMakeFiles/serverless.dir/home/jake/pico-sdk/src/rp2_common/pico_double/double_v1_rom_shim.S.obj
                0x10004394                double2uint64_shim
                0x10004396                double2ufix64_shim
                0x100043b6                d2fix_a
 .text.dunpacks
                0x10004404       0x3c CMakeFiles/serverless.dir/home/jake/pico-sdk/src/rp2_common/pico_double/double_v1_rom_shim.S.obj
                0x10004404                dunpacks
 .text.__aeabi_lmul
                0x10004440       0x32 CMakeFiles/serverless.dir/home/jake/pico-sdk/src/rp2_common/pico_int64_ops/pico_int64_ops_aeabi.S.obj
                0x10004440                __wrap___aeabi_lmul
 *fill*         0x10004472        0x2 
 .text.__aeabi_float_init
                0x10004474       0x64 CMakeFiles/serverless.dir/home/jake/pico-sdk/src/rp2_common/pico_float/float_init_rom.c.obj
                0x10004474                __aeabi_float_init
 .text.float_table_shim_on_use_helper
                0x100044d8       0x2c CMakeFiles/serverless.dir/home/jake/pico-sdk/src/rp2_common/pico_float/float_v1_rom_shim.S.obj
                0x100044d8                float_table_shim_on_use_helper
 .text.__wrap_calloc
                0x10004504       0x40 CMakeFiles/serverless.dir/home/jake/pico-sdk/src/rp2_common/pico_malloc/pico_malloc.c.obj
                0x10004504                __wrap_calloc
 .text.__wrap_free
                0x10004544       0x20 CMakeFiles/serverless.dir/home/jake/pico-sdk/src/rp2_common/pico_malloc/pico_malloc.c.obj
                0x10004544                __wrap_free
 .text          0x10004564       0x10 CMakeFiles/serverless.dir/home/jake/pico-sdk/src/rp2_common/pico_mem_ops/mem_ops_aeabi.S.obj
                0x10004564                __aeabi_mem_init
 .text.memset   0x10004574        0xc CMakeFiles/serverless.dir/home/jake/pico-sdk/src/rp2_common/pico_mem_ops/mem_ops_aeabi.S.obj
                0x10004574                __wrap_memset
 .text.memcpy   0x10004580        0xc CMakeFiles/serverless.dir/home/jake/pico-sdk/src/rp2_common/pico_mem_ops/mem_ops_aeabi.S.obj
                0x10004580                __wrap___aeabi_memcpy
                0x10004580                __wrap_memcpy
 .text.stdio_out_chars_crlf
                0x1000458c       0xbc CMakeFiles/serverless.dir/home/jake/pico-sdk/src/rp2_common/pico_stdio/stdio.c.obj
 .text.stdio_buffered_printer
                0x10004648       0x64 CMakeFiles/serverless.dir/home/jake/pico-sdk/src/rp2_common/pico_stdio/stdio.c.obj
 .text.__wrap_putchar
                0x100046ac       0x98 CMakeFiles/serverless.dir/home/jake/pico-sdk/src/rp2_common/pico_stdio/stdio.c.obj
                0x100046ac                __wrap_putchar
 .text.__wrap_puts
                0x10004744       0xe0 CMakeFiles/serverless.dir/home/jake/pico-sdk/src/rp2_common/pico_stdio/stdio.c.obj
                0x10004744                __wrap_puts
 .text.stdio_set_driver_enabled
                0x10004824       0x30 CMakeFiles/serverless.dir/home/jake/pico-sdk/src/rp2_common/pico_stdio/stdio.c.obj
                0x10004824                stdio_set_driver_enabled
 .text.__wrap_vprintf
                0x10004854       0xd4 CMakeFiles/serverless.dir/home/jake/pico-sdk/src/rp2_common/pico_stdio/stdio.c.obj
                0x10004854                __wrap_vprintf
 .text.__wrap_printf
                0x10004928       0x18 CMakeFiles/serverless.dir/home/jake/pico-sdk/src/rp2_common/pico_stdio/stdio.c.obj
                0x10004928                __wrap_printf
 .text.stdio_init_all
                0x10004940        0x8 CMakeFiles/serverless.dir/home/jake/pico-sdk/src/rp2_common/pico_stdio/stdio.c.obj
                0x10004940                stdio_init_all
 .text.__wrap_getchar
                0x10004948       0x7c CMakeFiles/serverless.dir/home/jake/pico-sdk/src/rp2_common/pico_stdio/stdio.c.obj
                0x10004948                __wrap_getchar
 .text.resetd_init
                0x100049c4        0x4 CMakeFiles/serverless.dir/home/jake/pico-sdk/src/rp2_common/pico_stdio_usb/reset_interface.c.obj
 .text.resetd_reset
                0x100049c8        0xc CMakeFiles/serverless.dir/home/jake/pico-sdk/src/rp2_common/pico_stdio_usb/reset_interface.c.obj
 .text.resetd_open
                0x100049d4       0x28 CMakeFiles/serverless.dir/home/jake/pico-sdk/src/rp2_common/pico_stdio_usb/reset_interface.c.obj
 .text.resetd_xfer_cb
                0x100049fc        0x4 CMakeFiles/serverless.dir/home/jake/pico-sdk/src/rp2_common/pico_stdio_usb/reset_interface.c.obj
 .text.resetd_control_xfer_cb
                0x10004a00       0x60 CMakeFiles/serverless.dir/home/jake/pico-sdk/src/rp2_common/pico_stdio_usb/reset_interface.c.obj
 .text.usbd_app_driver_get_cb
                0x10004a60        0xc CMakeFiles/serverless.dir/home/jake/pico-sdk/src/rp2_common/pico_stdio_usb/reset_interface.c.obj
                0x10004a60                usbd_app_driver_get_cb
 .text.tud_cdc_line_coding_cb
                0x10004a6c       0x34 CMakeFiles/serverless.dir/home/jake/pico-sdk/src/rp2_common/pico_stdio_usb/reset_interface.c.obj
                0x10004a6c                tud_cdc_line_coding_cb
 .text.stdio_usb_set_chars_available_callback
                0x10004aa0       0x14 CMakeFiles/serverless.dir/home/jake/pico-sdk/src/rp2_common/pico_stdio_usb/stdio_usb.c.obj
                0x10004aa0                stdio_usb_set_chars_available_callback
 .text.usb_irq  0x10004ab4       0x10 CMakeFiles/serverless.dir/home/jake/pico-sdk/src/rp2_common/pico_stdio_usb/stdio_usb.c.obj
 .text.timer_task
                0x10004ac4       0x54 CMakeFiles/serverless.dir/home/jake/pico-sdk/src/rp2_common/pico_stdio_usb/stdio_usb.c.obj
 .text.stdio_usb_in_chars
                0x10004b18       0x90 CMakeFiles/serverless.dir/home/jake/pico-sdk/src/rp2_common/pico_stdio_usb/stdio_usb.c.obj
                0x10004b18                stdio_usb_in_chars
 .text.stdio_usb_out_chars
                0x10004ba8      0x104 CMakeFiles/serverless.dir/home/jake/pico-sdk/src/rp2_common/pico_stdio_usb/stdio_usb.c.obj
 .text.low_priority_worker_irq
                0x10004cac       0xa8 CMakeFiles/serverless.dir/home/jake/pico-sdk/src/rp2_common/pico_stdio_usb/stdio_usb.c.obj
 .text.tud_cdc_rx_cb
                0x10004d54       0x20 CMakeFiles/serverless.dir/home/jake/pico-sdk/src/rp2_common/pico_stdio_usb/stdio_usb.c.obj
                0x10004d54                tud_cdc_rx_cb
 .text.stdio_usb_init
                0x10004d74       0xe0 CMakeFiles/serverless.dir/home/jake/pico-sdk/src/rp2_common/pico_stdio_usb/stdio_usb.c.obj
                0x10004d74                stdio_usb_init
 .text.tud_descriptor_device_cb
                0x10004e54        0x8 CMakeFiles/serverless.dir/home/jake/pico-sdk/src/rp2_common/pico_stdio_usb/stdio_usb_descriptors.c.obj
                0x10004e54                tud_descriptor_device_cb
 .text.tud_descriptor_configuration_cb
                0x10004e5c        0x8 CMakeFiles/serverless.dir/home/jake/pico-sdk/src/rp2_common/pico_stdio_usb/stdio_usb_descriptors.c.obj
                0x10004e5c                tud_descriptor_configuration_cb
 .text.tud_descriptor_string_cb
                0x10004e64       0x78 CMakeFiles/serverless.dir/home/jake/pico-sdk/src/rp2_common/pico_stdio_usb/stdio_usb_descriptors.c.obj
                0x10004e64                tud_descriptor_string_cb
 .text.startup._retrieve_unique_id_on_boot
                0x10004edc       0x10 CMakeFiles/serverless.dir/home/jake/pico-sdk/src/rp2_common/pico_unique_id/unique_id.c.obj
 .text.pico_get_unique_board_id_string
                0x10004eec      0x1a8 CMakeFiles/serverless.dir/home/jake/pico-sdk/src/rp2_common/pico_unique_id/unique_id.c.obj
                0x10004eec                pico_get_unique_board_id_string
 .text.flash_get_unique_id
                0x10005094       0x40 CMakeFiles/serverless.dir/home/jake/pico-sdk/src/rp2_common/hardware_flash/flash.c.obj
                0x10005094                flash_get_unique_id
 .text.dcd_int_enable
                0x100050d4        0xc CMakeFiles/serverless.dir/home/jake/pico-sdk/lib/tinyusb/src/portable/raspberrypi/rp2040/dcd_rp2040.c.obj
                0x100050d4                dcd_int_enable
 .text.dcd_set_address
                0x100050e0       0x14 CMakeFiles/serverless.dir/home/jake/pico-sdk/lib/tinyusb/src/portable/raspberrypi/rp2040/dcd_rp2040.c.obj
                0x100050e0                dcd_set_address
 .text.dcd_connect
                0x100050f4       0x10 CMakeFiles/serverless.dir/home/jake/pico-sdk/lib/tinyusb/src/portable/raspberrypi/rp2040/dcd_rp2040.c.obj
                0x100050f4                dcd_connect
 .text.dcd_init
                0x10005104       0x98 CMakeFiles/serverless.dir/home/jake/pico-sdk/lib/tinyusb/src/portable/raspberrypi/rp2040/dcd_rp2040.c.obj
                0x10005104                dcd_init
 .text.dcd_edpt0_status_complete
                0x1000519c       0x1c CMakeFiles/serverless.dir/home/jake/pico-sdk/lib/tinyusb/src/portable/raspberrypi/rp2040/dcd_rp2040.c.obj
                0x1000519c                dcd_edpt0_status_complete
 .text.dcd_edpt_open
                0x100051b8      0x108 CMakeFiles/serverless.dir/home/jake/pico-sdk/lib/tinyusb/src/portable/raspberrypi/rp2040/dcd_rp2040.c.obj
                0x100051b8                dcd_edpt_open
 .text.dcd_edpt_close_all
                0x100052c0        0x8 CMakeFiles/serverless.dir/home/jake/pico-sdk/lib/tinyusb/src/portable/raspberrypi/rp2040/dcd_rp2040.c.obj
                0x100052c0                dcd_edpt_close_all
 .text.dcd_edpt_xfer
                0x100052c8       0x24 CMakeFiles/serverless.dir/home/jake/pico-sdk/lib/tinyusb/src/portable/raspberrypi/rp2040/dcd_rp2040.c.obj
                0x100052c8                dcd_edpt_xfer
 .text.dcd_edpt_stall
                0x100052ec       0x38 CMakeFiles/serverless.dir/home/jake/pico-sdk/lib/tinyusb/src/portable/raspberrypi/rp2040/dcd_rp2040.c.obj
                0x100052ec                dcd_edpt_stall
 .text.dcd_edpt_clear_stall
                0x10005324       0x30 CMakeFiles/serverless.dir/home/jake/pico-sdk/lib/tinyusb/src/portable/raspberrypi/rp2040/dcd_rp2040.c.obj
                0x10005324                dcd_edpt_clear_stall
 .text.rp2040_usb_init
                0x10005354       0x4c CMakeFiles/serverless.dir/home/jake/pico-sdk/lib/tinyusb/src/portable/raspberrypi/rp2040/rp2040_usb.c.obj
                0x10005354                rp2040_usb_init
 .text.hw_endpoint_xfer_start
                0x100053a0       0x40 CMakeFiles/serverless.dir/home/jake/pico-sdk/lib/tinyusb/src/portable/raspberrypi/rp2040/rp2040_usb.c.obj
                0x100053a0                hw_endpoint_xfer_start
 .text.tud_mounted
                0x100053e0       0x10 CMakeFiles/serverless.dir/home/jake/pico-sdk/lib/tinyusb/src/device/usbd.c.obj
                0x100053e0                tud_mounted
 .text.tud_suspended
                0x100053f0       0x10 CMakeFiles/serverless.dir/home/jake/pico-sdk/lib/tinyusb/src/device/usbd.c.obj
                0x100053f0                tud_suspended
 .text.tud_inited
                0x10005400       0x14 CMakeFiles/serverless.dir/home/jake/pico-sdk/lib/tinyusb/src/device/usbd.c.obj
                0x10005400                tud_inited
 .text.tud_init
                0x10005414       0xd8 CMakeFiles/serverless.dir/home/jake/pico-sdk/lib/tinyusb/src/device/usbd.c.obj
                0x10005414                tud_init
 .text.tud_task_ext
                0x100054ec      0x8a4 CMakeFiles/serverless.dir/home/jake/pico-sdk/lib/tinyusb/src/device/usbd.c.obj
                0x100054ec                tud_task_ext
 .text.usbd_open_edpt_pair
                0x10005d90       0x9c CMakeFiles/serverless.dir/home/jake/pico-sdk/lib/tinyusb/src/device/usbd.c.obj
                0x10005d90                usbd_open_edpt_pair
 .text.usbd_defer_func
                0x10005e2c       0x48 CMakeFiles/serverless.dir/home/jake/pico-sdk/lib/tinyusb/src/device/usbd.c.obj
                0x10005e2c                usbd_defer_func
 .text.usbd_edpt_open
                0x10005e74       0x34 CMakeFiles/serverless.dir/home/jake/pico-sdk/lib/tinyusb/src/device/usbd.c.obj
                0x10005e74                usbd_edpt_open
 .text.usbd_edpt_claim
                0x10005ea8       0x28 CMakeFiles/serverless.dir/home/jake/pico-sdk/lib/tinyusb/src/device/usbd.c.obj
                0x10005ea8                usbd_edpt_claim
 .text.usbd_edpt_release
                0x10005ed0       0x28 CMakeFiles/serverless.dir/home/jake/pico-sdk/lib/tinyusb/src/device/usbd.c.obj
                0x10005ed0                usbd_edpt_release
 .text.usbd_edpt_xfer
                0x10005ef8       0x4c CMakeFiles/serverless.dir/home/jake/pico-sdk/lib/tinyusb/src/device/usbd.c.obj
                0x10005ef8                usbd_edpt_xfer
 .text.tud_control_status
                0x10005f44       0x2c CMakeFiles/serverless.dir/home/jake/pico-sdk/lib/tinyusb/src/device/usbd_control.c.obj
                0x10005f44                tud_control_status
 .text.tud_control_xfer
                0x10005f70       0xac CMakeFiles/serverless.dir/home/jake/pico-sdk/lib/tinyusb/src/device/usbd_control.c.obj
                0x10005f70                tud_control_xfer
 .text.usbd_control_reset
                0x1000601c       0x14 CMakeFiles/serverless.dir/home/jake/pico-sdk/lib/tinyusb/src/device/usbd_control.c.obj
                0x1000601c                usbd_control_reset
 .text.usbd_control_set_complete_callback
                0x10006030        0xc CMakeFiles/serverless.dir/home/jake/pico-sdk/lib/tinyusb/src/device/usbd_control.c.obj
                0x10006030                usbd_control_set_complete_callback
 .text.usbd_control_set_request
                0x1000603c       0x1c CMakeFiles/serverless.dir/home/jake/pico-sdk/lib/tinyusb/src/device/usbd_control.c.obj
                0x1000603c                usbd_control_set_request
 .text.usbd_control_xfer_cb
                0x10006058       0xf4 CMakeFiles/serverless.dir/home/jake/pico-sdk/lib/tinyusb/src/device/usbd_control.c.obj
                0x10006058                usbd_control_xfer_cb
 .text.tud_cdc_n_connected
                0x1000614c       0x30 CMakeFiles/serverless.dir/home/jake/pico-sdk/lib/tinyusb/src/class/cdc/cdc_device.c.obj
                0x1000614c                tud_cdc_n_connected
 .text.tud_cdc_n_available
                0x1000617c       0x18 CMakeFiles/serverless.dir/home/jake/pico-sdk/lib/tinyusb/src/class/cdc/cdc_device.c.obj
                0x1000617c                tud_cdc_n_available
 .text.tud_cdc_n_read
                0x10006194       0x70 CMakeFiles/serverless.dir/home/jake/pico-sdk/lib/tinyusb/src/class/cdc/cdc_device.c.obj
                0x10006194                tud_cdc_n_read
 .text.tud_cdc_n_write_flush
                0x10006204       0x78 CMakeFiles/serverless.dir/home/jake/pico-sdk/lib/tinyusb/src/class/cdc/cdc_device.c.obj
                0x10006204                tud_cdc_n_write_flush
 .text.tud_cdc_n_write
                0x1000627c       0x34 CMakeFiles/serverless.dir/home/jake/pico-sdk/lib/tinyusb/src/class/cdc/cdc_device.c.obj
                0x1000627c                tud_cdc_n_write
 .text.tud_cdc_n_write_available
                0x100062b0       0x18 CMakeFiles/serverless.dir/home/jake/pico-sdk/lib/tinyusb/src/class/cdc/cdc_device.c.obj
                0x100062b0                tud_cdc_n_write_available
 .text.cdcd_init
                0x100062c8       0x7c CMakeFiles/serverless.dir/home/jake/pico-sdk/lib/tinyusb/src/class/cdc/cdc_device.c.obj
                0x100062c8                cdcd_init
 .text.cdcd_reset
                0x10006344       0x2c CMakeFiles/serverless.dir/home/jake/pico-sdk/lib/tinyusb/src/class/cdc/cdc_device.c.obj
                0x10006344                cdcd_reset
 .text.cdcd_open
                0x10006370       0xe4 CMakeFiles/serverless.dir/home/jake/pico-sdk/lib/tinyusb/src/class/cdc/cdc_device.c.obj
                0x10006370                cdcd_open
 .text.cdcd_control_xfer_cb
                0x10006454       0xe4 CMakeFiles/serverless.dir/home/jake/pico-sdk/lib/tinyusb/src/class/cdc/cdc_device.c.obj
                0x10006454                cdcd_control_xfer_cb
 .text.cdcd_xfer_cb
                0x10006538      0x13c CMakeFiles/serverless.dir/home/jake/pico-sdk/lib/tinyusb/src/class/cdc/cdc_device.c.obj
                0x10006538                cdcd_xfer_cb
 .text.tusb_init
                0x10006674        0xc CMakeFiles/serverless.dir/home/jake/pico-sdk/lib/tinyusb/src/tusb.c.obj
                0x10006674                tusb_init
 .text.tusb_inited
                0x10006680        0x8 CMakeFiles/serverless.dir/home/jake/pico-sdk/lib/tinyusb/src/tusb.c.obj
                0x10006680                tusb_inited
 .text.tu_edpt_claim
                0x10006688       0x50 CMakeFiles/serverless.dir/home/jake/pico-sdk/lib/tinyusb/src/tusb.c.obj
                0x10006688                tu_edpt_claim
 .text.tu_edpt_release
                0x100066d8       0x38 CMakeFiles/serverless.dir/home/jake/pico-sdk/lib/tinyusb/src/tusb.c.obj
                0x100066d8                tu_edpt_release
 .text.tu_edpt_validate
                0x10006710       0x7c CMakeFiles/serverless.dir/home/jake/pico-sdk/lib/tinyusb/src/tusb.c.obj
                0x10006710                tu_edpt_validate
 .text.tu_edpt_bind_driver
                0x1000678c       0x34 CMakeFiles/serverless.dir/home/jake/pico-sdk/lib/tinyusb/src/tusb.c.obj
                0x1000678c                tu_edpt_bind_driver
 .text.tu_fifo_config
                0x100067c0       0x6c CMakeFiles/serverless.dir/home/jake/pico-sdk/lib/tinyusb/src/common/tusb_fifo.c.obj
                0x100067c0                tu_fifo_config
 .text.tu_fifo_count
                0x1000682c       0x2c CMakeFiles/serverless.dir/home/jake/pico-sdk/lib/tinyusb/src/common/tusb_fifo.c.obj
                0x1000682c                tu_fifo_count
 .text.tu_fifo_empty
                0x10006858       0x10 CMakeFiles/serverless.dir/home/jake/pico-sdk/lib/tinyusb/src/common/tusb_fifo.c.obj
                0x10006858                tu_fifo_empty
 .text.tu_fifo_remaining
                0x10006868       0x2c CMakeFiles/serverless.dir/home/jake/pico-sdk/lib/tinyusb/src/common/tusb_fifo.c.obj
                0x10006868                tu_fifo_remaining
 .text.tu_fifo_read
                0x10006894       0x9c CMakeFiles/serverless.dir/home/jake/pico-sdk/lib/tinyusb/src/common/tusb_fifo.c.obj
                0x10006894                tu_fifo_read
 .text.tu_fifo_read_n
                0x10006930       0xe8 CMakeFiles/serverless.dir/home/jake/pico-sdk/lib/tinyusb/src/common/tusb_fifo.c.obj
                0x10006930                tu_fifo_read_n
 .text.tu_fifo_write
                0x10006a18       0x88 CMakeFiles/serverless.dir/home/jake/pico-sdk/lib/tinyusb/src/common/tusb_fifo.c.obj
                0x10006a18                tu_fifo_write
 .text.tu_fifo_write_n
                0x10006aa0      0x170 CMakeFiles/serverless.dir/home/jake/pico-sdk/lib/tinyusb/src/common/tusb_fifo.c.obj
                0x10006aa0                tu_fifo_write_n
 .text.tu_fifo_clear
                0x10006c10       0x40 CMakeFiles/serverless.dir/home/jake/pico-sdk/lib/tinyusb/src/common/tusb_fifo.c.obj
                0x10006c10                tu_fifo_clear
 .text.tu_fifo_set_overwritable
                0x10006c50       0x48 CMakeFiles/serverless.dir/home/jake/pico-sdk/lib/tinyusb/src/common/tusb_fifo.c.obj
                0x10006c50                tu_fifo_set_overwritable
 .text          0x10006c98       0x18 /usr/lib/gcc/arm-none-eabi/12.2.1/../../../arm-none-eabi/lib/thumb/v6-m/nofp/libc.a(lib_a-calloc.o)
                0x10006c98                calloc
 .text          0x10006cb0       0x5c /usr/lib/gcc/arm-none-eabi/12.2.1/../../../arm-none-eabi/lib/thumb/v6-m/nofp/libc.a(lib_a-callocr.o)
                0x10006cb0                _calloc_r
 .text          0x10006d0c       0x28 /usr/lib/gcc/arm-none-eabi/12.2.1/../../../arm-none-eabi/lib/thumb/v6-m/nofp/libc.a(lib_a-malloc.o)
                0x10006d0c                malloc
                0x10006d20                free
 .text          0x10006d34      0x574 /usr/lib/gcc/arm-none-eabi/12.2.1/../../../arm-none-eabi/lib/thumb/v6-m/nofp/libc.a(lib_a-mallocr.o)
                0x10006d34                _malloc_r
 .text          0x100072a8        0x8 /usr/lib/gcc/arm-none-eabi/12.2.1/../../../arm-none-eabi/lib/thumb/v6-m/nofp/libc.a(lib_a-mlock.o)
                0x100072a8                __malloc_lock
                0x100072ac                __malloc_unlock
 .text          0x100072b0       0x24 /usr/lib/gcc/arm-none-eabi/12.2.1/../../../arm-none-eabi/lib/thumb/v6-m/nofp/libc.a(lib_a-sbrkr.o)
                0x100072b0                _sbrk_r
 .text          0x100072d4       0x5c /usr/lib/gcc/arm-none-eabi/12.2.1/../../../arm-none-eabi/lib/thumb/v6-m/nofp/libc.a(lib_a-strlen-stub.o)
                0x100072d4                strlen
 .text          0x10007330       0x74 /usr/lib/gcc/arm-none-eabi/12.2.1/../../../arm-none-eabi/lib/thumb/v6-m/nofp/libc.a(lib_a-strncmp.o)
                0x10007330                strncmp
 .text          0x100073a4      0x260 /usr/lib/gcc/arm-none-eabi/12.2.1/../../../arm-none-eabi/lib/thumb/v6-m/nofp/libc.a(lib_a-freer.o)
                0x100073a4                _malloc_trim_r
                0x10007440                _free_r
 *(.fini)
 .fini          0x10007604        0x4 /usr/lib/gcc/arm-none-eabi/12.2.1/thumb/v6-m/nofp/crti.o
                0x10007604                _fini
 .fini.__stub   0x10007608       0xd0 linker stubs
 *crtbegin.o(.ctors)
 *crtbegin?.o(.ctors)
 *(EXCLUDE_FILE(*crtend.o *crtend?.o) .ctors)
 *(SORT_BY_NAME(.ctors.*))
 *(.ctors)
 *crtbegin.o(.dtors)
 *crtbegin?.o(.dtors)
 *(EXCLUDE_FILE(*crtend.o *crtend?.o) .dtors)
 *(SORT_BY_NAME(.dtors.*))
 *(.dtors)
 *(.eh_frame*)
 .eh_frame      0x100076d8        0x0 /usr/lib/gcc/arm-none-eabi/12.2.1/thumb/v6-m/nofp/crtbegin.o
                0x100076d8                        . = ALIGN (0x4)

.glue_7         0x100076d8        0x0
 .glue_7        0x100076d8        0x0 linker stubs

.glue_7t        0x100076d8        0x0
 .glue_7t       0x100076d8        0x0 linker stubs

.vfp11_veneer   0x100076d8        0x0
 .vfp11_veneer  0x100076d8        0x0 linker stubs

.v4_bx          0x100076d8        0x0
 .v4_bx         0x100076d8        0x0 linker stubs

.iplt           0x100076d8        0x0
 .iplt          0x100076d8        0x0 /usr/lib/gcc/arm-none-eabi/12.2.1/thumb/v6-m/nofp/crtbegin.o

.rodata         0x100076d8      0x5b8
 *(EXCLUDE_FILE(*libm.a: *libc.a:*lib_a-mem*.o *libgcc.a:) .rodata*)
 .rodata.core1_entry.str1.4
                0x100076d8        0xd CMakeFiles/serverless.dir/src/serverless.c.obj
 *fill*         0x100076e5        0x3 
 .rodata.main.str1.4
                0x100076e8       0x3d CMakeFiles/serverless.dir/src/serverless.c.obj
                                 0x41 (size before relaxing)
 *fill*         0x10007725        0x3 
 .rodata.findPrimeFactors.str1.4
                0x10007728       0x3d CMakeFiles/serverless.dir/src/serverless.c.obj
 *fill*         0x10007765        0x3 
 .rodata.core1_interrupt_handler.str1.4
                0x10007768       0x32 CMakeFiles/serverless.dir/src/serverless.c.obj
 *fill*         0x1000779a        0x6 
 .rodata.at_the_end_of_time
                0x100077a0        0x8 CMakeFiles/serverless.dir/home/jake/pico-sdk/src/common/pico_time/time.c.obj
                0x100077a0                at_the_end_of_time
 .rodata.hardware_alarm_claim.str1.4
                0x100077a8       0x22 CMakeFiles/serverless.dir/home/jake/pico-sdk/src/rp2_common/hardware_timer/timer.c.obj
 *fill*         0x100077ca        0x2 
 .rodata.spin_lock_claim_unused.str1.4
                0x100077cc       0x1b CMakeFiles/serverless.dir/home/jake/pico-sdk/src/rp2_common/hardware_sync/sync.c.obj
 *fill*         0x100077e7        0x1 
 .rodata.user_irq_claim_unused.str1.4
                0x100077e8       0x1b CMakeFiles/serverless.dir/home/jake/pico-sdk/src/rp2_common/hardware_irq/irq.c.obj
 *fill*         0x10007803        0x1 
 .rodata.panic.str1.4
                0x10007804       0x10 CMakeFiles/serverless.dir/home/jake/pico-sdk/src/rp2_common/pico_runtime/runtime.c.obj
                                 0x12 (size before relaxing)
 .rodata.hard_assertion_failure.str1.4
                0x10007814        0xc CMakeFiles/serverless.dir/home/jake/pico-sdk/src/rp2_common/pico_runtime/runtime.c.obj
 .rodata._ftoa.str1.4
                0x10007820       0x15 CMakeFiles/serverless.dir/home/jake/pico-sdk/src/rp2_common/pico_printf/printf.c.obj
 *fill*         0x10007835        0x3 
 .rodata._vsnprintf
                0x10007838      0x19c CMakeFiles/serverless.dir/home/jake/pico-sdk/src/rp2_common/pico_printf/printf.c.obj
 *fill*         0x100079d4        0x4 
 .rodata.pow10.0
                0x100079d8       0x50 CMakeFiles/serverless.dir/home/jake/pico-sdk/src/rp2_common/pico_printf/printf.c.obj
 .rodata.__wrap_malloc.str1.4
                0x10007a28        0xe CMakeFiles/serverless.dir/home/jake/pico-sdk/src/rp2_common/pico_malloc/pico_malloc.c.obj
 *fill*         0x10007a36        0x2 
 .rodata.str1.4
                0x10007a38       0x40 CMakeFiles/serverless.dir/home/jake/pico-sdk/src/rp2_common/pico_standard_link/binary_info.c.obj
 .rodata.__bi_81
                0x10007a78        0xc CMakeFiles/serverless.dir/home/jake/pico-sdk/src/rp2_common/pico_standard_link/binary_info.c.obj
 .rodata.__bi_75
                0x10007a84        0xc CMakeFiles/serverless.dir/home/jake/pico-sdk/src/rp2_common/pico_standard_link/binary_info.c.obj
 .rodata.__bi_44
                0x10007a90        0xc CMakeFiles/serverless.dir/home/jake/pico-sdk/src/rp2_common/pico_standard_link/binary_info.c.obj
 .rodata.crlf_str.0
                0x10007a9c        0x2 CMakeFiles/serverless.dir/home/jake/pico-sdk/src/rp2_common/pico_stdio/stdio.c.obj
 *fill*         0x10007a9e        0x2 
 .rodata._resetd_driver
                0x10007aa0       0x18 CMakeFiles/serverless.dir/home/jake/pico-sdk/src/rp2_common/pico_stdio_usb/reset_interface.c.obj
 .rodata.str1.4
                0x10007ab8       0x13 CMakeFiles/serverless.dir/home/jake/pico-sdk/src/rp2_common/pico_stdio_usb/stdio_usb.c.obj
 *fill*         0x10007acb        0x1 
 .rodata.__bi_188.0
                0x10007acc        0xc CMakeFiles/serverless.dir/home/jake/pico-sdk/src/rp2_common/pico_stdio_usb/stdio_usb.c.obj
 .rodata.str1.4
                0x10007ad8       0x2a CMakeFiles/serverless.dir/home/jake/pico-sdk/src/rp2_common/pico_stdio_usb/stdio_usb_descriptors.c.obj
 *fill*         0x10007b02        0x2 
 .rodata.usbd_desc_str
                0x10007b04       0x18 CMakeFiles/serverless.dir/home/jake/pico-sdk/src/rp2_common/pico_stdio_usb/stdio_usb_descriptors.c.obj
 .rodata.usbd_desc_cfg
                0x10007b1c       0x54 CMakeFiles/serverless.dir/home/jake/pico-sdk/src/rp2_common/pico_stdio_usb/stdio_usb_descriptors.c.obj
 .rodata.usbd_desc_device
                0x10007b70       0x12 CMakeFiles/serverless.dir/home/jake/pico-sdk/src/rp2_common/pico_stdio_usb/stdio_usb_descriptors.c.obj
 *fill*         0x10007b82        0x2 
 .rodata.str1.4
                0x10007b84       0x14 CMakeFiles/serverless.dir/home/jake/pico-sdk/lib/tinyusb/src/portable/raspberrypi/rp2040/dcd_rp2040.c.obj
 .rodata.str1.4
                0x10007b98       0x53 CMakeFiles/serverless.dir/home/jake/pico-sdk/lib/tinyusb/src/portable/raspberrypi/rp2040/rp2040_usb.c.obj
 *fill*         0x10007beb        0x1 
 .rodata.tud_task_ext
                0x10007bec       0x8c CMakeFiles/serverless.dir/home/jake/pico-sdk/lib/tinyusb/src/device/usbd.c.obj
 .rodata._usbd_driver
                0x10007c78       0x18 CMakeFiles/serverless.dir/home/jake/pico-sdk/lib/tinyusb/src/device/usbd.c.obj
                0x10007c90                        . = ALIGN (0x4)
 *(SORT_BY_ALIGNMENT(SORT_BY_NAME(.flashdata*)))
                0x10007c90                        . = ALIGN (0x4)

.rel.dyn        0x10007c90        0x0
 .rel.iplt      0x10007c90        0x0 /usr/lib/gcc/arm-none-eabi/12.2.1/thumb/v6-m/nofp/crtbegin.o

.ARM.extab
 *(.ARM.extab* .gnu.linkonce.armextab.*)
                0x10007c90                        __exidx_start = .

.ARM.exidx
 *(.ARM.exidx* .gnu.linkonce.armexidx.*)
                0x10007c90                        __exidx_end = .
                0x10007c90                        . = ALIGN (0x4)
                0x10007c90                        __binary_info_start = .

.binary_info    0x10007c90       0x20
 *(.binary_info.keep.*)
 .binary_info.keep.__bi_ptr81
                0x10007c90        0x4 CMakeFiles/serverless.dir/home/jake/pico-sdk/src/rp2_common/pico_standard_link/binary_info.c.obj
 .binary_info.keep.__bi_ptr75
                0x10007c94        0x4 CMakeFiles/serverless.dir/home/jake/pico-sdk/src/rp2_common/pico_standard_link/binary_info.c.obj
 .binary_info.keep.__bi_ptr50
                0x10007c98        0x4 CMakeFiles/serverless.dir/home/jake/pico-sdk/src/rp2_common/pico_standard_link/binary_info.c.obj
 .binary_info.keep.__bi_ptr44
                0x10007c9c        0x4 CMakeFiles/serverless.dir/home/jake/pico-sdk/src/rp2_common/pico_standard_link/binary_info.c.obj
 .binary_info.keep.__bi_ptr38
                0x10007ca0        0x4 CMakeFiles/serverless.dir/home/jake/pico-sdk/src/rp2_common/pico_standard_link/binary_info.c.obj
 .binary_info.keep.__bi_ptr30
                0x10007ca4        0x4 CMakeFiles/serverless.dir/home/jake/pico-sdk/src/rp2_common/pico_standard_link/binary_info.c.obj
 .binary_info.keep.__bi_ptr22
                0x10007ca8        0x4 CMakeFiles/serverless.dir/home/jake/pico-sdk/src/rp2_common/pico_standard_link/binary_info.c.obj
 *(.binary_info.*)
 .binary_info.__bi_ptr188
                0x10007cac        0x4 CMakeFiles/serverless.dir/home/jake/pico-sdk/src/rp2_common/pico_stdio_usb/stdio_usb.c.obj
                0x10007cb0                        __binary_info_end = .
                0x10007cb0                        . = ALIGN (0x4)
                0x10007cb0                        __etext = .

.ram_vector_table
                0x20000000       0xc0
 *(.ram_vector_table)
 .ram_vector_table
                0x20000000       0xc0 CMakeFiles/serverless.dir/home/jake/pico-sdk/src/rp2_common/pico_runtime/runtime.c.obj
                0x20000000                ram_vector_table

.data           0x200000c0     0x16b8 load address 0x10007cb0
                0x200000c0                        __data_start__ = .
 *(vtable)
 *(.time_critical*)
 .time_critical.mutex_enter_blocking
                0x200000c0       0x48 CMakeFiles/serverless.dir/home/jake/pico-sdk/src/common/pico_sync/mutex.c.obj
                0x200000c0                mutex_enter_blocking
 .time_critical.mutex_try_enter
                0x20000108       0x40 CMakeFiles/serverless.dir/home/jake/pico-sdk/src/common/pico_sync/mutex.c.obj
                0x20000108                mutex_try_enter
 .time_critical.mutex_try_enter_block_until
                0x20000148       0x9c CMakeFiles/serverless.dir/home/jake/pico-sdk/src/common/pico_sync/mutex.c.obj
                0x20000148                mutex_try_enter_block_until
 .time_critical.mutex_enter_timeout_ms
                0x200001e4       0x90 CMakeFiles/serverless.dir/home/jake/pico-sdk/src/common/pico_sync/mutex.c.obj
                0x200001e4                mutex_enter_timeout_ms
 .time_critical.mutex_exit
                0x20000274       0x28 CMakeFiles/serverless.dir/home/jake/pico-sdk/src/common/pico_sync/mutex.c.obj
                0x20000274                mutex_exit
 .time_critical.flash_init_boot2_copyout
                0x2000029c       0x30 CMakeFiles/serverless.dir/home/jake/pico-sdk/src/rp2_common/hardware_flash/flash.c.obj
 .time_critical.flash_enable_xip_via_boot2
                0x200002cc        0xc CMakeFiles/serverless.dir/home/jake/pico-sdk/src/rp2_common/hardware_flash/flash.c.obj
 .time_critical.flash_cs_force
                0x200002d8       0x38 CMakeFiles/serverless.dir/home/jake/pico-sdk/src/rp2_common/hardware_flash/flash.c.obj
 .time_critical.flash_do_cmd
                0x20000310       0xc0 CMakeFiles/serverless.dir/home/jake/pico-sdk/src/rp2_common/hardware_flash/flash.c.obj
                0x20000310                flash_do_cmd
 .time_critical.reset_non_control_endpoints
                0x200003d0       0x68 CMakeFiles/serverless.dir/home/jake/pico-sdk/lib/tinyusb/src/portable/raspberrypi/rp2040/dcd_rp2040.c.obj
 .time_critical.hw_handle_buff_status
                0x20000438       0xac CMakeFiles/serverless.dir/home/jake/pico-sdk/lib/tinyusb/src/portable/raspberrypi/rp2040/dcd_rp2040.c.obj
 .time_critical.dcd_rp2040_irq
                0x200004e4      0x510 CMakeFiles/serverless.dir/home/jake/pico-sdk/lib/tinyusb/src/portable/raspberrypi/rp2040/dcd_rp2040.c.obj
 .time_critical.e15_is_bulkin_ep
                0x200009f4       0x28 CMakeFiles/serverless.dir/home/jake/pico-sdk/lib/tinyusb/src/portable/raspberrypi/rp2040/rp2040_usb.c.obj
 .time_critical.e15_is_critical_frame_period
                0x20000a1c       0x34 CMakeFiles/serverless.dir/home/jake/pico-sdk/lib/tinyusb/src/portable/raspberrypi/rp2040/rp2040_usb.c.obj
 .time_critical.prepare_ep_buffer
                0x20000a50       0x6c CMakeFiles/serverless.dir/home/jake/pico-sdk/lib/tinyusb/src/portable/raspberrypi/rp2040/rp2040_usb.c.obj
 .time_critical.sync_ep_buffer
                0x20000abc       0x48 CMakeFiles/serverless.dir/home/jake/pico-sdk/lib/tinyusb/src/portable/raspberrypi/rp2040/rp2040_usb.c.obj
 .time_critical._hw_endpoint_xfer_sync
                0x20000b04       0x28 CMakeFiles/serverless.dir/home/jake/pico-sdk/lib/tinyusb/src/portable/raspberrypi/rp2040/rp2040_usb.c.obj
 .time_critical.hw_endpoint_reset_transfer
                0x20000b2c        0xc CMakeFiles/serverless.dir/home/jake/pico-sdk/lib/tinyusb/src/portable/raspberrypi/rp2040/rp2040_usb.c.obj
                0x20000b2c                hw_endpoint_reset_transfer
 .time_critical._hw_endpoint_buffer_control_update32
                0x20000b38       0x58 CMakeFiles/serverless.dir/home/jake/pico-sdk/lib/tinyusb/src/portable/raspberrypi/rp2040/rp2040_usb.c.obj
                0x20000b38                _hw_endpoint_buffer_control_update32
 .time_critical.hw_endpoint_start_next_buffer
                0x20000b90       0x6c CMakeFiles/serverless.dir/home/jake/pico-sdk/lib/tinyusb/src/portable/raspberrypi/rp2040/rp2040_usb.c.obj
                0x20000b90                hw_endpoint_start_next_buffer
 .time_critical.hw_endpoint_xfer_continue
                0x20000bfc       0x50 CMakeFiles/serverless.dir/home/jake/pico-sdk/lib/tinyusb/src/portable/raspberrypi/rp2040/rp2040_usb.c.obj
                0x20000bfc                hw_endpoint_xfer_continue
 .time_critical.tinyusb
                0x20000c4c      0x170 CMakeFiles/serverless.dir/home/jake/pico-sdk/lib/tinyusb/src/device/usbd.c.obj
                0x20000c4c                dcd_event_handler
 *(.text*)
 .text          0x20000dbc        0x4 /usr/lib/gcc/arm-none-eabi/12.2.1/thumb/v6-m/nofp/libgcc.a(_dvmd_tls.o)
                0x20000dbc                __aeabi_ldiv0
                0x20000dbc                __aeabi_idiv0
 .text.__stub   0x20000dc0       0x70 linker stubs
                0x20000e30                        . = ALIGN (0x4)
 *(.rodata*)
                0x20000e30                        . = ALIGN (0x4)
 *(.data*)
 .data.default_alarm_pool
                0x20000e30       0x18 CMakeFiles/serverless.dir/home/jake/pico-sdk/src/common/pico_time/time.c.obj
 .data.default_alarm_pool_heap
                0x20000e48       0x10 CMakeFiles/serverless.dir/home/jake/pico-sdk/src/common/pico_time/time.c.obj
 .data.striped_spin_lock_num
                0x20000e58        0x1 CMakeFiles/serverless.dir/home/jake/pico-sdk/src/rp2_common/hardware_sync/sync.c.obj
 *fill*         0x20000e59        0x3 
 .data          0x20000e5c       0x48 CMakeFiles/serverless.dir/home/jake/pico-sdk/src/rp2_common/hardware_irq/irq_handler_chain.S.obj
                0x20000e5c                irq_handler_chain_slots
                0x20000e8c                irq_handler_chain_first_slot
                0x20000e96                irq_handler_chain_remove_tail
 *fill*         0x20000ea4        0xc 
 .data.aeabi_bits_funcs
                0x20000eb0       0x10 CMakeFiles/serverless.dir/home/jake/pico-sdk/src/rp2_common/pico_bit_ops/bit_ops_aeabi.S.obj
                0x20000eb0                aeabi_bits_funcs
                0x20000ec0                aeabi_bits_funcs_end
 .data.aeabi_mem_funcs
                0x20000ec0       0x10 CMakeFiles/serverless.dir/home/jake/pico-sdk/src/rp2_common/pico_mem_ops/mem_ops_aeabi.S.obj
                0x20000ec0                aeabi_mem_funcs
                0x20000ed0                aeabi_mem_funcs_end
 .data.stdio_usb
                0x20000ed0       0x18 CMakeFiles/serverless.dir/home/jake/pico-sdk/src/rp2_common/pico_stdio_usb/stdio_usb.c.obj
                0x20000ed0                stdio_usb
 .data.ep_dir_string
                0x20000ee8        0x8 CMakeFiles/serverless.dir/home/jake/pico-sdk/lib/tinyusb/src/portable/raspberrypi/rp2040/rp2040_usb.c.obj
                0x20000ee8                ep_dir_string
 .data._usbd_qdef
                0x20000ef0       0x1c CMakeFiles/serverless.dir/home/jake/pico-sdk/lib/tinyusb/src/device/usbd.c.obj
                0x20000ef0                _usbd_qdef
 .data._usbd_rhport
                0x20000f0c        0x1 CMakeFiles/serverless.dir/home/jake/pico-sdk/lib/tinyusb/src/device/usbd.c.obj
 *fill*         0x20000f0d        0x3 
 .data          0x20000f10      0x430 /usr/lib/gcc/arm-none-eabi/12.2.1/../../../arm-none-eabi/lib/thumb/v6-m/nofp/libc.a(lib_a-impure.o)
                0x20000f10                _impure_ptr
 .data          0x20001340      0x410 /usr/lib/gcc/arm-none-eabi/12.2.1/../../../arm-none-eabi/lib/thumb/v6-m/nofp/libc.a(lib_a-mallocr.o)
                0x20001340                __malloc_sbrk_base
                0x20001344                __malloc_trim_threshold
                0x20001348                __malloc_av_
                0x20001750                        . = ALIGN (0x4)
 *(.after_data.*)
                0x20001750                        . = ALIGN (0x4)
                0x20001750                        PROVIDE (__mutex_array_start = .)
 *(SORT_BY_NAME(.mutex_array.*))
 *(.mutex_array)
 .mutex_array   0x20001750        0x8 CMakeFiles/serverless.dir/home/jake/pico-sdk/src/rp2_common/pico_malloc/pico_malloc.c.obj
 .mutex_array   0x20001758        0x8 CMakeFiles/serverless.dir/home/jake/pico-sdk/src/rp2_common/pico_stdio/stdio.c.obj
                0x20001760                        PROVIDE (__mutex_array_end = .)
                0x20001760                        . = ALIGN (0x4)
                0x20001760                        PROVIDE (__preinit_array_start = .)
 *(SORT_BY_NAME(.preinit_array.*))
 .preinit_array.00001
                0x20001760        0x4 CMakeFiles/serverless.dir/home/jake/pico-sdk/src/rp2_common/pico_mem_ops/mem_ops_aeabi.S.obj
 .preinit_array.00010
                0x20001764        0x4 CMakeFiles/serverless.dir/home/jake/pico-sdk/src/rp2_common/pico_bit_ops/bit_ops_aeabi.S.obj
 .preinit_array.00020
                0x20001768        0x4 CMakeFiles/serverless.dir/home/jake/pico-sdk/src/rp2_common/pico_double/double_aeabi.S.obj
 .preinit_array.00020
                0x2000176c        0x4 CMakeFiles/serverless.dir/home/jake/pico-sdk/src/rp2_common/pico_float/float_aeabi.S.obj
 *(.preinit_array)
                0x20001770                        PROVIDE (__preinit_array_end = .)
                0x20001770                        . = ALIGN (0x4)
                0x20001770                        PROVIDE (__init_array_start = .)
 *(SORT_BY_NAME(.init_array.*))
 *(.init_array)
 .init_array    0x20001770        0x4 /usr/lib/gcc/arm-none-eabi/12.2.1/thumb/v6-m/nofp/crtbegin.o
 .init_array    0x20001774        0x4 CMakeFiles/serverless.dir/home/jake/pico-sdk/src/rp2_common/pico_unique_id/unique_id.c.obj
                0x20001778                        PROVIDE (__init_array_end = .)
                0x20001778                        . = ALIGN (0x4)
                0x20001778                        PROVIDE (__fini_array_start = .)
 *(SORT_BY_NAME(.fini_array.*))
 *(.fini_array)
                0x20001778                        PROVIDE (__fini_array_end = .)
 *(.jcr)
                0x20001778                        . = ALIGN (0x4)
                0x20001778                        __data_end__ = .

.tm_clone_table
                0x20001778        0x0 load address 0x10009368
 .tm_clone_table
                0x20001778        0x0 /usr/lib/gcc/arm-none-eabi/12.2.1/thumb/v6-m/nofp/crtbegin.o
 .tm_clone_table
                0x20001778        0x0 /usr/lib/gcc/arm-none-eabi/12.2.1/thumb/v6-m/nofp/crtend.o

.igot.plt       0x20001778        0x0 load address 0x10009368
 .igot.plt      0x20001778        0x0 /usr/lib/gcc/arm-none-eabi/12.2.1/thumb/v6-m/nofp/crtbegin.o

.uninitialized_data
                0x20001778        0x0 load address 0x10009368
                0x20001778                        . = ALIGN (0x4)
 *(.uninitialized_data*)

.scratch_x      0x20040000        0x0 load address 0x10009368
                0x20040000                        __scratch_x_start__ = .
 *(.scratch_x.*)
                0x20040000                        . = ALIGN (0x4)
                0x20040000                        __scratch_x_end__ = .
                0x10009368                        __scratch_x_source__ = LOADADDR (.scratch_x)

.scratch_y      0x20041000        0x0 load address 0x10009368
                0x20041000                        __scratch_y_start__ = .
 *(.scratch_y.*)
                0x20041000                        . = ALIGN (0x4)
                0x20041000                        __scratch_y_end__ = .
                0x10009368                        __scratch_y_source__ = LOADADDR (.scratch_y)

.bss            0x20001778      0xdc4
                0x20001778                        . = ALIGN (0x4)
                0x20001778                        __bss_start__ = .
 *(SORT_BY_ALIGNMENT(SORT_BY_NAME(.bss*)))
 .bss.configured_freq
                0x20001778       0x28 CMakeFiles/serverless.dir/home/jake/pico-sdk/src/rp2_common/hardware_clocks/clocks.c.obj
 .bss.default_alarm_pool_entries
                0x200017a0      0x100 CMakeFiles/serverless.dir/home/jake/pico-sdk/src/common/pico_time/time.c.obj
 .bss.last_avail_time.1
                0x200018a0        0x8 CMakeFiles/serverless.dir/home/jake/pico-sdk/src/rp2_common/pico_stdio_usb/stdio_usb.c.obj
 .bss.sd_table  0x200018a8      0x100 CMakeFiles/serverless.dir/home/jake/pico-sdk/src/rp2_common/pico_double/double_init_rom.c.obj
                0x200018a8                sd_table
 .bss.sf_table  0x200019a8      0x100 CMakeFiles/serverless.dir/home/jake/pico-sdk/src/rp2_common/pico_float/float_init_rom.c.obj
                0x200019a8                sf_table
 .bss           0x20001aa8       0x1c /usr/lib/gcc/arm-none-eabi/12.2.1/thumb/v6-m/nofp/crtbegin.o
 .bss           0x20001ac4       0x34 /usr/lib/gcc/arm-none-eabi/12.2.1/../../../arm-none-eabi/lib/thumb/v6-m/nofp/libc.a(lib_a-mallocr.o)
                0x20001ac4                __malloc_top_pad
                0x20001ac8                __malloc_current_mallinfo
                0x20001af0                __malloc_max_sbrked_mem
                0x20001af4                __malloc_max_total_mem
 .bss           0x20001af8        0x4 /usr/lib/gcc/arm-none-eabi/12.2.1/../../../arm-none-eabi/lib/thumb/v6-m/nofp/libc.a(lib_a-reent.o)
                0x20001af8                errno
 .bss._app_driver
                0x20001afc        0x4 CMakeFiles/serverless.dir/home/jake/pico-sdk/lib/tinyusb/src/device/usbd.c.obj
 .bss._cdcd_itf
                0x20001b00      0x2c8 CMakeFiles/serverless.dir/home/jake/pico-sdk/lib/tinyusb/src/class/cdc/cdc_device.c.obj
 .bss._ctrl_xfer
                0x20001dc8       0x14 CMakeFiles/serverless.dir/home/jake/pico-sdk/lib/tinyusb/src/device/usbd_control.c.obj
 .bss._ubsd_mutexdef
                0x20001ddc        0x8 CMakeFiles/serverless.dir/home/jake/pico-sdk/lib/tinyusb/src/device/usbd.c.obj
 .bss._usbd_ctrl_buf
                0x20001de4       0x40 CMakeFiles/serverless.dir/home/jake/pico-sdk/lib/tinyusb/src/device/usbd_control.c.obj
 .bss._usbd_dev
                0x20001e24       0x53 CMakeFiles/serverless.dir/home/jake/pico-sdk/lib/tinyusb/src/device/usbd.c.obj
 *fill*         0x20001e77        0x1 
 .bss._usbd_mutex
                0x20001e78        0x4 CMakeFiles/serverless.dir/home/jake/pico-sdk/lib/tinyusb/src/device/usbd.c.obj
 .bss._usbd_q   0x20001e7c        0x4 CMakeFiles/serverless.dir/home/jake/pico-sdk/lib/tinyusb/src/device/usbd.c.obj
 .bss._usbd_qdef_buf
                0x20001e80       0xc0 CMakeFiles/serverless.dir/home/jake/pico-sdk/lib/tinyusb/src/device/usbd.c.obj
                0x20001e80                _usbd_qdef_buf
 .bss.alarm_callbacks
                0x20001f40       0x10 CMakeFiles/serverless.dir/home/jake/pico-sdk/src/rp2_common/hardware_timer/timer.c.obj
 .bss.boot2_copyout
                0x20001f50      0x100 CMakeFiles/serverless.dir/home/jake/pico-sdk/src/rp2_common/hardware_flash/flash.c.obj
 .bss.chars_available_callback
                0x20002050        0x4 CMakeFiles/serverless.dir/home/jake/pico-sdk/src/rp2_common/pico_stdio_usb/stdio_usb.c.obj
 .bss.chars_available_param
                0x20002054        0x4 CMakeFiles/serverless.dir/home/jake/pico-sdk/src/rp2_common/pico_stdio_usb/stdio_usb.c.obj
 .bss.claimed   0x20002058        0x4 CMakeFiles/serverless.dir/home/jake/pico-sdk/src/rp2_common/hardware_sync/sync.c.obj
 .bss.default_alarm_pool_entry_ids_high
                0x2000205c       0x10 CMakeFiles/serverless.dir/home/jake/pico-sdk/src/common/pico_time/time.c.obj
 .bss.default_alarm_pool_heap_nodes
                0x2000206c       0x30 CMakeFiles/serverless.dir/home/jake/pico-sdk/src/common/pico_time/time.c.obj
 .bss.desc_str.0
                0x2000209c       0x28 CMakeFiles/serverless.dir/home/jake/pico-sdk/src/rp2_common/pico_stdio_usb/stdio_usb_descriptors.c.obj
 .bss.drivers   0x200020c4        0x4 CMakeFiles/serverless.dir/home/jake/pico-sdk/src/rp2_common/pico_stdio/stdio.c.obj
 .bss.e15_last_sof
                0x200020c8        0x4 CMakeFiles/serverless.dir/home/jake/pico-sdk/lib/tinyusb/src/portable/raspberrypi/rp2040/rp2040_usb.c.obj
                0x200020c8                e15_last_sof
 .bss.filter    0x200020cc        0x4 CMakeFiles/serverless.dir/home/jake/pico-sdk/src/rp2_common/pico_stdio/stdio.c.obj
 .bss.heap_end.0
                0x200020d0        0x4 CMakeFiles/serverless.dir/home/jake/pico-sdk/src/rp2_common/pico_runtime/runtime.c.obj
 .bss.hw_endpoints
                0x200020d4      0x400 CMakeFiles/serverless.dir/home/jake/pico-sdk/lib/tinyusb/src/portable/raspberrypi/rp2040/dcd_rp2040.c.obj
 .bss.lazy_vsnprintf
                0x200024d4        0x4 CMakeFiles/serverless.dir/home/jake/pico-sdk/src/rp2_common/pico_printf/printf.c.obj
 .bss.load_value
                0x200024d8        0x4 CMakeFiles/serverless.dir/home/jake/pico-sdk/src/rp2_common/hardware_watchdog/watchdog.c.obj
 .bss.next_buffer_ptr
                0x200024dc        0x4 CMakeFiles/serverless.dir/home/jake/pico-sdk/lib/tinyusb/src/portable/raspberrypi/rp2040/dcd_rp2040.c.obj
 .bss.one_shot_timer_crit_sec
                0x200024e0        0x8 CMakeFiles/serverless.dir/home/jake/pico-sdk/src/rp2_common/pico_stdio_usb/stdio_usb.c.obj
 .bss.pools     0x200024e8       0x10 CMakeFiles/serverless.dir/home/jake/pico-sdk/src/common/pico_time/time.c.obj
 .bss.retrieved_id
                0x200024f8        0x8 CMakeFiles/serverless.dir/home/jake/pico-sdk/src/rp2_common/pico_unique_id/unique_id.c.obj
 .bss.sf_clz_func
                0x20002500        0x4 CMakeFiles/serverless.dir/home/jake/pico-sdk/src/rp2_common/pico_double/double_init_rom.c.obj
                0x20002500                sf_clz_func
 .bss.sleep_notifier
                0x20002504        0x4 CMakeFiles/serverless.dir/home/jake/pico-sdk/src/common/pico_time/time.c.obj
 .bss.stdio_usb_mutex
                0x20002508        0x8 CMakeFiles/serverless.dir/home/jake/pico-sdk/src/rp2_common/pico_stdio_usb/stdio_usb.c.obj
 .bss.target_hi
                0x20002510       0x10 CMakeFiles/serverless.dir/home/jake/pico-sdk/src/rp2_common/hardware_timer/timer.c.obj
 .bss.usbd_serial_str
                0x20002520       0x11 CMakeFiles/serverless.dir/home/jake/pico-sdk/src/rp2_common/pico_stdio_usb/stdio_usb_descriptors.c.obj
 .bss._app_driver_count
                0x20002531        0x1 CMakeFiles/serverless.dir/home/jake/pico-sdk/lib/tinyusb/src/device/usbd.c.obj
 .bss._sof_enable
                0x20002532        0x1 CMakeFiles/serverless.dir/home/jake/pico-sdk/lib/tinyusb/src/portable/raspberrypi/rp2040/dcd_rp2040.c.obj
 .bss.boot2_copyout_valid
                0x20002533        0x1 CMakeFiles/serverless.dir/home/jake/pico-sdk/src/rp2_common/hardware_flash/flash.c.obj
 .bss.claimed   0x20002534        0x1 CMakeFiles/serverless.dir/home/jake/pico-sdk/src/rp2_common/hardware_timer/timer.c.obj
 .bss.has_job   0x20002535        0x1 CMakeFiles/serverless.dir/src/serverless.c.obj
                0x20002535                has_job
 .bss.irq_hander_chain_free_slot_head
                0x20002536        0x1 CMakeFiles/serverless.dir/home/jake/pico-sdk/src/rp2_common/hardware_irq/irq.c.obj
 .bss.itf_num   0x20002537        0x1 CMakeFiles/serverless.dir/home/jake/pico-sdk/src/rp2_common/pico_stdio_usb/reset_interface.c.obj
 .bss.low_priority_irq_num
                0x20002538        0x1 CMakeFiles/serverless.dir/home/jake/pico-sdk/src/rp2_common/pico_stdio_usb/stdio_usb.c.obj
 .bss.one_shot_timer_pending
                0x20002539        0x1 CMakeFiles/serverless.dir/home/jake/pico-sdk/src/rp2_common/pico_stdio_usb/stdio_usb.c.obj
 .bss.timer_callbacks_pending
                0x2000253a        0x1 CMakeFiles/serverless.dir/home/jake/pico-sdk/src/rp2_common/hardware_timer/timer.c.obj
 .bss.user_irq_claimed
                0x2000253b        0x1 CMakeFiles/serverless.dir/home/jake/pico-sdk/src/rp2_common/hardware_irq/irq.c.obj
 *(COMMON)
                0x2000253c                        . = ALIGN (0x4)
                0x2000253c                        __bss_end__ = .

.heap           0x2000253c      0x800
                0x2000253c                        __end__ = .
                0x2000253c                        end = __end__
 *(.heap*)
 .heap          0x2000253c      0x800 CMakeFiles/serverless.dir/home/jake/pico-sdk/src/rp2_common/pico_standard_link/crt0.S.obj
                0x20002d3c                        __HeapLimit = .

.stack1_dummy   0x20040000      0x800
 *(.stack1*)
 .stack1        0x20040000      0x800 CMakeFiles/serverless.dir/home/jake/pico-sdk/src/rp2_common/pico_multicore/multicore.c.obj

.stack_dummy    0x20041000      0x800
 *(.stack*)
 .stack         0x20041000      0x800 CMakeFiles/serverless.dir/home/jake/pico-sdk/src/rp2_common/pico_standard_link/crt0.S.obj

.flash_end      0x10009368        0x0
                0x10009368                        __flash_binary_end = .
                0x20040000                        __StackLimit = (ORIGIN (RAM) + LENGTH (RAM))
                0x20041000                        __StackOneTop = (ORIGIN (SCRATCH_X) + LENGTH (SCRATCH_X))
                0x20042000                        __StackTop = (ORIGIN (SCRATCH_Y) + LENGTH (SCRATCH_Y))
                0x20040800                        __StackOneBottom = (__StackOneTop - SIZEOF (.stack1_dummy))
                0x20041800                        __StackBottom = (__StackTop - SIZEOF (.stack_dummy))
                0x20042000                        PROVIDE (__stack = __StackTop)
                0x00000001                        ASSERT ((__StackLimit >= __HeapLimit), region RAM overflowed)
                0x00000001                        ASSERT (((__binary_info_header_end - __logical_binary_start) <= 0x100), Binary info must be in first 256 bytes of the binary)
LOAD CMakeFiles/serverless.dir/src/serverless.c.obj
LOAD CMakeFiles/serverless.dir/home/jake/pico-sdk/src/rp2_common/pico_multicore/multicore.c.obj
LOAD CMakeFiles/serverless.dir/home/jake/pico-sdk/src/common/pico_sync/sem.c.obj
LOAD CMakeFiles/serverless.dir/home/jake/pico-sdk/src/common/pico_sync/lock_core.c.obj
LOAD CMakeFiles/serverless.dir/home/jake/pico-sdk/src/common/pico_sync/mutex.c.obj
LOAD CMakeFiles/serverless.dir/home/jake/pico-sdk/src/common/pico_sync/critical_section.c.obj
LOAD CMakeFiles/serverless.dir/home/jake/pico-sdk/src/common/pico_time/time.c.obj
LOAD CMakeFiles/serverless.dir/home/jake/pico-sdk/src/common/pico_time/timeout_helper.c.obj
LOAD CMakeFiles/serverless.dir/home/jake/pico-sdk/src/rp2_common/hardware_timer/timer.c.obj
LOAD CMakeFiles/serverless.dir/home/jake/pico-sdk/src/rp2_common/pico_platform/platform.c.obj
LOAD CMakeFiles/serverless.dir/home/jake/pico-sdk/src/rp2_common/hardware_claim/claim.c.obj
LOAD CMakeFiles/serverless.dir/home/jake/pico-sdk/src/rp2_common/hardware_sync/sync.c.obj
LOAD CMakeFiles/serverless.dir/home/jake/pico-sdk/src/rp2_common/hardware_irq/irq.c.obj
LOAD CMakeFiles/serverless.dir/home/jake/pico-sdk/src/rp2_common/hardware_irq/irq_handler_chain.S.obj
LOAD CMakeFiles/serverless.dir/home/jake/pico-sdk/src/common/pico_util/datetime.c.obj
LOAD CMakeFiles/serverless.dir/home/jake/pico-sdk/src/common/pico_util/pheap.c.obj
LOAD CMakeFiles/serverless.dir/home/jake/pico-sdk/src/common/pico_util/queue.c.obj
LOAD CMakeFiles/serverless.dir/home/jake/pico-sdk/src/rp2_common/pico_stdlib/stdlib.c.obj
LOAD CMakeFiles/serverless.dir/home/jake/pico-sdk/src/rp2_common/hardware_gpio/gpio.c.obj
LOAD CMakeFiles/serverless.dir/home/jake/pico-sdk/src/rp2_common/hardware_uart/uart.c.obj
LOAD CMakeFiles/serverless.dir/home/jake/pico-sdk/src/rp2_common/hardware_clocks/clocks.c.obj
LOAD CMakeFiles/serverless.dir/home/jake/pico-sdk/src/rp2_common/hardware_pll/pll.c.obj
LOAD CMakeFiles/serverless.dir/home/jake/pico-sdk/src/rp2_common/hardware_vreg/vreg.c.obj
LOAD CMakeFiles/serverless.dir/home/jake/pico-sdk/src/rp2_common/hardware_watchdog/watchdog.c.obj
LOAD CMakeFiles/serverless.dir/home/jake/pico-sdk/src/rp2_common/hardware_xosc/xosc.c.obj
LOAD CMakeFiles/serverless.dir/home/jake/pico-sdk/src/rp2_common/hardware_divider/divider.S.obj
LOAD CMakeFiles/serverless.dir/home/jake/pico-sdk/src/rp2_common/pico_runtime/runtime.c.obj
LOAD CMakeFiles/serverless.dir/home/jake/pico-sdk/src/rp2_common/pico_printf/printf.c.obj
LOAD CMakeFiles/serverless.dir/home/jake/pico-sdk/src/rp2_common/pico_bit_ops/bit_ops_aeabi.S.obj
LOAD CMakeFiles/serverless.dir/home/jake/pico-sdk/src/rp2_common/pico_bootrom/bootrom.c.obj
LOAD CMakeFiles/serverless.dir/home/jake/pico-sdk/src/rp2_common/pico_divider/divider.S.obj
LOAD CMakeFiles/serverless.dir/home/jake/pico-sdk/src/rp2_common/pico_double/double_aeabi.S.obj
LOAD CMakeFiles/serverless.dir/home/jake/pico-sdk/src/rp2_common/pico_double/double_init_rom.c.obj
LOAD CMakeFiles/serverless.dir/home/jake/pico-sdk/src/rp2_common/pico_double/double_math.c.obj
LOAD CMakeFiles/serverless.dir/home/jake/pico-sdk/src/rp2_common/pico_double/double_v1_rom_shim.S.obj
LOAD CMakeFiles/serverless.dir/home/jake/pico-sdk/src/rp2_common/pico_int64_ops/pico_int64_ops_aeabi.S.obj
LOAD CMakeFiles/serverless.dir/home/jake/pico-sdk/src/rp2_common/pico_float/float_aeabi.S.obj
LOAD CMakeFiles/serverless.dir/home/jake/pico-sdk/src/rp2_common/pico_float/float_init_rom.c.obj
LOAD CMakeFiles/serverless.dir/home/jake/pico-sdk/src/rp2_common/pico_float/float_math.c.obj
LOAD CMakeFiles/serverless.dir/home/jake/pico-sdk/src/rp2_common/pico_float/float_v1_rom_shim.S.obj
LOAD CMakeFiles/serverless.dir/home/jake/pico-sdk/src/rp2_common/pico_malloc/pico_malloc.c.obj
LOAD CMakeFiles/serverless.dir/home/jake/pico-sdk/src/rp2_common/pico_mem_ops/mem_ops_aeabi.S.obj
LOAD CMakeFiles/serverless.dir/home/jake/pico-sdk/src/rp2_common/pico_standard_link/crt0.S.obj
LOAD CMakeFiles/serverless.dir/home/jake/pico-sdk/src/rp2_common/pico_standard_link/new_delete.cpp.obj
LOAD CMakeFiles/serverless.dir/home/jake/pico-sdk/src/rp2_common/pico_standard_link/binary_info.c.obj
LOAD CMakeFiles/serverless.dir/home/jake/pico-sdk/src/rp2_common/pico_stdio/stdio.c.obj
LOAD CMakeFiles/serverless.dir/home/jake/pico-sdk/src/rp2_common/pico_stdio_usb/reset_interface.c.obj
LOAD CMakeFiles/serverless.dir/home/jake/pico-sdk/src/rp2_common/pico_stdio_usb/stdio_usb.c.obj
LOAD CMakeFiles/serverless.dir/home/jake/pico-sdk/src/rp2_common/pico_stdio_usb/stdio_usb_descriptors.c.obj
LOAD CMakeFiles/serverless.dir/home/jake/pico-sdk/src/rp2_common/pico_unique_id/unique_id.c.obj
LOAD CMakeFiles/serverless.dir/home/jake/pico-sdk/src/rp2_common/hardware_flash/flash.c.obj
LOAD CMakeFiles/serverless.dir/home/jake/pico-sdk/lib/tinyusb/src/portable/raspberrypi/rp2040/dcd_rp2040.c.obj
LOAD CMakeFiles/serverless.dir/home/jake/pico-sdk/lib/tinyusb/src/portable/raspberrypi/rp2040/rp2040_usb.c.obj
LOAD CMakeFiles/serverless.dir/home/jake/pico-sdk/lib/tinyusb/src/device/usbd.c.obj
LOAD CMakeFiles/serverless.dir/home/jake/pico-sdk/lib/tinyusb/src/device/usbd_control.c.obj
LOAD CMakeFiles/serverless.dir/home/jake/pico-sdk/lib/tinyusb/src/class/audio/audio_device.c.obj
LOAD CMakeFiles/serverless.dir/home/jake/pico-sdk/lib/tinyusb/src/class/cdc/cdc_device.c.obj
LOAD CMakeFiles/serverless.dir/home/jake/pico-sdk/lib/tinyusb/src/class/dfu/dfu_device.c.obj
LOAD CMakeFiles/serverless.dir/home/jake/pico-sdk/lib/tinyusb/src/class/dfu/dfu_rt_device.c.obj
LOAD CMakeFiles/serverless.dir/home/jake/pico-sdk/lib/tinyusb/src/class/hid/hid_device.c.obj
LOAD CMakeFiles/serverless.dir/home/jake/pico-sdk/lib/tinyusb/src/class/midi/midi_device.c.obj
LOAD CMakeFiles/serverless.dir/home/jake/pico-sdk/lib/tinyusb/src/class/msc/msc_device.c.obj
LOAD CMakeFiles/serverless.dir/home/jake/pico-sdk/lib/tinyusb/src/class/net/ecm_rndis_device.c.obj
LOAD CMakeFiles/serverless.dir/home/jake/pico-sdk/lib/tinyusb/src/class/net/ncm_device.c.obj
LOAD CMakeFiles/serverless.dir/home/jake/pico-sdk/lib/tinyusb/src/class/usbtmc/usbtmc_device.c.obj
LOAD CMakeFiles/serverless.dir/home/jake/pico-sdk/lib/tinyusb/src/class/vendor/vendor_device.c.obj
LOAD CMakeFiles/serverless.dir/home/jake/pico-sdk/lib/tinyusb/src/class/video/video_device.c.obj
LOAD CMakeFiles/serverless.dir/home/jake/pico-sdk/lib/tinyusb/src/tusb.c.obj
LOAD CMakeFiles/serverless.dir/home/jake/pico-sdk/lib/tinyusb/src/common/tusb_fifo.c.obj
LOAD CMakeFiles/serverless.dir/home/jake/pico-sdk/src/rp2_common/pico_fix/rp2040_usb_device_enumeration/rp2040_usb_device_enumeration.c.obj
LOAD CMakeFiles/serverless.dir/home/jake/pico-sdk/src/rp2_common/hardware_adc/adc.c.obj
LOAD /tmp/ccqPyuod.o
LOAD /usr/lib/gcc/arm-none-eabi/12.2.1/../../../arm-none-eabi/lib/thumb/v6-m/nofp/libstdc++.a
LOAD /usr/lib/gcc/arm-none-eabi/12.2.1/../../../arm-none-eabi/lib/thumb/v6-m/nofp/libm.a
START GROUP
LOAD /usr/lib/gcc/arm-none-eabi/12.2.1/thumb/v6-m/nofp/libgcc.a
LOAD /usr/lib/gcc/arm-none-eabi/12.2.1/../../../arm-none-eabi/lib/thumb/v6-m/nofp/libc.a
END GROUP
START GROUP
LOAD /usr/lib/gcc/arm-none-eabi/12.2.1/thumb/v6-m/nofp/libgcc.a
LOAD /usr/lib/gcc/arm-none-eabi/12.2.1/../../../arm-none-eabi/lib/thumb/v6-m/nofp/libc.a
LOAD /usr/lib/gcc/arm-none-eabi/12.2.1/../../../arm-none-eabi/lib/thumb/v6-m/nofp/libnosys.a
END GROUP
LOAD /usr/lib/gcc/arm-none-eabi/12.2.1/thumb/v6-m/nofp/crtend.o
LOAD /usr/lib/gcc/arm-none-eabi/12.2.1/thumb/v6-m/nofp/crtn.o
OUTPUT(serverless.elf elf32-littlearm)
LOAD linker stubs

.ARM.attributes
                0x00000000       0x28
 .ARM.attributes
                0x00000000       0x1e /usr/lib/gcc/arm-none-eabi/12.2.1/thumb/v6-m/nofp/crti.o
 .ARM.attributes
                0x0000001e       0x2c /usr/lib/gcc/arm-none-eabi/12.2.1/thumb/v6-m/nofp/crtbegin.o
 .ARM.attributes
                0x0000004a       0x2c CMakeFiles/serverless.dir/src/serverless.c.obj
 .ARM.attributes
                0x00000076       0x2c CMakeFiles/serverless.dir/home/jake/pico-sdk/src/rp2_common/pico_multicore/multicore.c.obj
 .ARM.attributes
                0x000000a2       0x2c CMakeFiles/serverless.dir/home/jake/pico-sdk/src/common/pico_sync/lock_core.c.obj
 .ARM.attributes
                0x000000ce       0x2c CMakeFiles/serverless.dir/home/jake/pico-sdk/src/common/pico_sync/mutex.c.obj
 .ARM.attributes
                0x000000fa       0x2c CMakeFiles/serverless.dir/home/jake/pico-sdk/src/common/pico_sync/critical_section.c.obj
 .ARM.attributes
                0x00000126       0x2c CMakeFiles/serverless.dir/home/jake/pico-sdk/src/common/pico_time/time.c.obj
 .ARM.attributes
                0x00000152       0x2c CMakeFiles/serverless.dir/home/jake/pico-sdk/src/rp2_common/hardware_timer/timer.c.obj
 .ARM.attributes
                0x0000017e       0x2c CMakeFiles/serverless.dir/home/jake/pico-sdk/src/rp2_common/pico_platform/platform.c.obj
 .ARM.attributes
                0x000001aa       0x2c CMakeFiles/serverless.dir/home/jake/pico-sdk/src/rp2_common/hardware_claim/claim.c.obj
 .ARM.attributes
                0x000001d6       0x2c CMakeFiles/serverless.dir/home/jake/pico-sdk/src/rp2_common/hardware_sync/sync.c.obj
 .ARM.attributes
                0x00000202       0x2c CMakeFiles/serverless.dir/home/jake/pico-sdk/src/rp2_common/hardware_irq/irq.c.obj
 .ARM.attributes
                0x0000022e       0x22 CMakeFiles/serverless.dir/home/jake/pico-sdk/src/rp2_common/hardware_irq/irq_handler_chain.S.obj
 .ARM.attributes
                0x00000250       0x2c CMakeFiles/serverless.dir/home/jake/pico-sdk/src/common/pico_util/pheap.c.obj
 .ARM.attributes
                0x0000027c       0x2c CMakeFiles/serverless.dir/home/jake/pico-sdk/src/rp2_common/hardware_clocks/clocks.c.obj
 .ARM.attributes
                0x000002a8       0x2c CMakeFiles/serverless.dir/home/jake/pico-sdk/src/rp2_common/hardware_pll/pll.c.obj
 .ARM.attributes
                0x000002d4       0x2c CMakeFiles/serverless.dir/home/jake/pico-sdk/src/rp2_common/hardware_watchdog/watchdog.c.obj
 .ARM.attributes
                0x00000300       0x2c CMakeFiles/serverless.dir/home/jake/pico-sdk/src/rp2_common/hardware_xosc/xosc.c.obj
 .ARM.attributes
                0x0000032c       0x2c CMakeFiles/serverless.dir/home/jake/pico-sdk/src/rp2_common/pico_runtime/runtime.c.obj
 .ARM.attributes
                0x00000358       0x2c CMakeFiles/serverless.dir/home/jake/pico-sdk/src/rp2_common/pico_printf/printf.c.obj
 .ARM.attributes
                0x00000384       0x22 CMakeFiles/serverless.dir/home/jake/pico-sdk/src/rp2_common/pico_bit_ops/bit_ops_aeabi.S.obj
 .ARM.attributes
                0x000003a6       0x2c CMakeFiles/serverless.dir/home/jake/pico-sdk/src/rp2_common/pico_bootrom/bootrom.c.obj
 .ARM.attributes
                0x000003d2       0x22 CMakeFiles/serverless.dir/home/jake/pico-sdk/src/rp2_common/pico_divider/divider.S.obj
 .ARM.attributes
                0x000003f4       0x22 CMakeFiles/serverless.dir/home/jake/pico-sdk/src/rp2_common/pico_double/double_aeabi.S.obj
 .ARM.attributes
                0x00000416       0x2c CMakeFiles/serverless.dir/home/jake/pico-sdk/src/rp2_common/pico_double/double_init_rom.c.obj
 .ARM.attributes
                0x00000442       0x22 CMakeFiles/serverless.dir/home/jake/pico-sdk/src/rp2_common/pico_double/double_v1_rom_shim.S.obj
 .ARM.attributes
                0x00000464       0x22 CMakeFiles/serverless.dir/home/jake/pico-sdk/src/rp2_common/pico_int64_ops/pico_int64_ops_aeabi.S.obj
 .ARM.attributes
                0x00000486       0x22 CMakeFiles/serverless.dir/home/jake/pico-sdk/src/rp2_common/pico_float/float_aeabi.S.obj
 .ARM.attributes
                0x000004a8       0x2c CMakeFiles/serverless.dir/home/jake/pico-sdk/src/rp2_common/pico_float/float_init_rom.c.obj
 .ARM.attributes
                0x000004d4       0x22 CMakeFiles/serverless.dir/home/jake/pico-sdk/src/rp2_common/pico_float/float_v1_rom_shim.S.obj
 .ARM.attributes
                0x000004f6       0x2c CMakeFiles/serverless.dir/home/jake/pico-sdk/src/rp2_common/pico_malloc/pico_malloc.c.obj
 .ARM.attributes
                0x00000522       0x22 CMakeFiles/serverless.dir/home/jake/pico-sdk/src/rp2_common/pico_mem_ops/mem_ops_aeabi.S.obj
 .ARM.attributes
                0x00000544       0x22 CMakeFiles/serverless.dir/home/jake/pico-sdk/src/rp2_common/pico_standard_link/crt0.S.obj
 .ARM.attributes
                0x00000566       0x2c CMakeFiles/serverless.dir/home/jake/pico-sdk/src/rp2_common/pico_standard_link/binary_info.c.obj
 .ARM.attributes
                0x00000592       0x2c CMakeFiles/serverless.dir/home/jake/pico-sdk/src/rp2_common/pico_stdio/stdio.c.obj
 .ARM.attributes
                0x000005be       0x2c CMakeFiles/serverless.dir/home/jake/pico-sdk/src/rp2_common/pico_stdio_usb/reset_interface.c.obj
 .ARM.attributes
                0x000005ea       0x2c CMakeFiles/serverless.dir/home/jake/pico-sdk/src/rp2_common/pico_stdio_usb/stdio_usb.c.obj
 .ARM.attributes
                0x00000616       0x2c CMakeFiles/serverless.dir/home/jake/pico-sdk/src/rp2_common/pico_stdio_usb/stdio_usb_descriptors.c.obj
 .ARM.attributes
                0x00000642       0x2c CMakeFiles/serverless.dir/home/jake/pico-sdk/src/rp2_common/pico_unique_id/unique_id.c.obj
 .ARM.attributes
                0x0000066e       0x2c CMakeFiles/serverless.dir/home/jake/pico-sdk/src/rp2_common/hardware_flash/flash.c.obj
 .ARM.attributes
                0x0000069a       0x2c CMakeFiles/serverless.dir/home/jake/pico-sdk/lib/tinyusb/src/portable/raspberrypi/rp2040/dcd_rp2040.c.obj
 .ARM.attributes
                0x000006c6       0x2c CMakeFiles/serverless.dir/home/jake/pico-sdk/lib/tinyusb/src/portable/raspberrypi/rp2040/rp2040_usb.c.obj
 .ARM.attributes
                0x000006f2       0x2c CMakeFiles/serverless.dir/home/jake/pico-sdk/lib/tinyusb/src/device/usbd.c.obj
 .ARM.attributes
                0x0000071e       0x2c CMakeFiles/serverless.dir/home/jake/pico-sdk/lib/tinyusb/src/device/usbd_control.c.obj
 .ARM.attributes
                0x0000074a       0x2c CMakeFiles/serverless.dir/home/jake/pico-sdk/lib/tinyusb/src/class/cdc/cdc_device.c.obj
 .ARM.attributes
                0x00000776       0x2c CMakeFiles/serverless.dir/home/jake/pico-sdk/lib/tinyusb/src/tusb.c.obj
 .ARM.attributes
                0x000007a2       0x2c CMakeFiles/serverless.dir/home/jake/pico-sdk/lib/tinyusb/src/common/tusb_fifo.c.obj
 .ARM.attributes
                0x000007ce       0x22 /tmp/ccqPyuod.o
 .ARM.attributes
                0x000007f0       0x1e /usr/lib/gcc/arm-none-eabi/12.2.1/thumb/v6-m/nofp/libgcc.a(_dvmd_tls.o)
 .ARM.attributes
                0x0000080e       0x2c /usr/lib/gcc/arm-none-eabi/12.2.1/../../../arm-none-eabi/lib/thumb/v6-m/nofp/libc.a(lib_a-calloc.o)
 .ARM.attributes
                0x0000083a       0x2c /usr/lib/gcc/arm-none-eabi/12.2.1/../../../arm-none-eabi/lib/thumb/v6-m/nofp/libc.a(lib_a-callocr.o)
 .ARM.attributes
                0x00000866       0x2c /usr/lib/gcc/arm-none-eabi/12.2.1/../../../arm-none-eabi/lib/thumb/v6-m/nofp/libc.a(lib_a-impure.o)
 .ARM.attributes
                0x00000892       0x2c /usr/lib/gcc/arm-none-eabi/12.2.1/../../../arm-none-eabi/lib/thumb/v6-m/nofp/libc.a(lib_a-malloc.o)
 .ARM.attributes
                0x000008be       0x2c /usr/lib/gcc/arm-none-eabi/12.2.1/../../../arm-none-eabi/lib/thumb/v6-m/nofp/libc.a(lib_a-mallocr.o)
 .ARM.attributes
                0x000008ea       0x2c /usr/lib/gcc/arm-none-eabi/12.2.1/../../../arm-none-eabi/lib/thumb/v6-m/nofp/libc.a(lib_a-mlock.o)
 .ARM.attributes
                0x00000916       0x2c /usr/lib/gcc/arm-none-eabi/12.2.1/../../../arm-none-eabi/lib/thumb/v6-m/nofp/libc.a(lib_a-sbrkr.o)
 .ARM.attributes
                0x00000942       0x2c /usr/lib/gcc/arm-none-eabi/12.2.1/../../../arm-none-eabi/lib/thumb/v6-m/nofp/libc.a(lib_a-strlen-stub.o)
 .ARM.attributes