Archive member included to satisfy reference by file (symbol)

/usr/lib/gcc/arm-none-eabi/12.2.1/thumb/v6-m/nofp/libgcc.a(_dvmd_tls.o)
                              CMakeFiles/blink.dir/home/jake/pico-sdk/src/rp2_common/pico_divider/divider.S.obj (__aeabi_idiv0)
/usr/lib/gcc/arm-none-eabi/12.2.1/../../../arm-none-eabi/lib/thumb/v6-m/nofp/libg.a(lib_a-atexit.o)
                              /usr/lib/gcc/arm-none-eabi/12.2.1/../../../arm-none-eabi/lib/thumb/v6-m/nofp/crt0.o (atexit)
/usr/lib/gcc/arm-none-eabi/12.2.1/../../../arm-none-eabi/lib/thumb/v6-m/nofp/libg.a(lib_a-calloc.o)
                              CMakeFiles/blink.dir/home/jake/pico-sdk/src/rp2_common/pico_malloc/pico_malloc.c.obj (calloc)
/usr/lib/gcc/arm-none-eabi/12.2.1/../../../arm-none-eabi/lib/thumb/v6-m/nofp/libg.a(lib_a-callocr.o)
                              /usr/lib/gcc/arm-none-eabi/12.2.1/../../../arm-none-eabi/lib/thumb/v6-m/nofp/libg.a(lib_a-calloc.o) (_calloc_r)
/usr/lib/gcc/arm-none-eabi/12.2.1/../../../arm-none-eabi/lib/thumb/v6-m/nofp/libg.a(lib_a-fini.o)
                              /usr/lib/gcc/arm-none-eabi/12.2.1/../../../arm-none-eabi/lib/thumb/v6-m/nofp/crt0.o (__libc_fini_array)
/usr/lib/gcc/arm-none-eabi/12.2.1/../../../arm-none-eabi/lib/thumb/v6-m/nofp/libg.a(lib_a-impure.o)
                              /usr/lib/gcc/arm-none-eabi/12.2.1/../../../arm-none-eabi/lib/thumb/v6-m/nofp/libg.a(lib_a-calloc.o) (_impure_ptr)
/usr/lib/gcc/arm-none-eabi/12.2.1/../../../arm-none-eabi/lib/thumb/v6-m/nofp/libg.a(lib_a-init.o)
                              /usr/lib/gcc/arm-none-eabi/12.2.1/../../../arm-none-eabi/lib/thumb/v6-m/nofp/crt0.o (__libc_init_array)
/usr/lib/gcc/arm-none-eabi/12.2.1/../../../arm-none-eabi/lib/thumb/v6-m/nofp/libg.a(lib_a-malloc.o)
                              CMakeFiles/blink.dir/home/jake/pico-sdk/src/rp2_common/pico_malloc/pico_malloc.c.obj (malloc)
/usr/lib/gcc/arm-none-eabi/12.2.1/../../../arm-none-eabi/lib/thumb/v6-m/nofp/libg.a(lib_a-mallocr.o)
                              /usr/lib/gcc/arm-none-eabi/12.2.1/../../../arm-none-eabi/lib/thumb/v6-m/nofp/libg.a(lib_a-callocr.o) (_malloc_r)
/usr/lib/gcc/arm-none-eabi/12.2.1/../../../arm-none-eabi/lib/thumb/v6-m/nofp/libg.a(lib_a-mlock.o)
                              /usr/lib/gcc/arm-none-eabi/12.2.1/../../../arm-none-eabi/lib/thumb/v6-m/nofp/libg.a(lib_a-mallocr.o) (__malloc_lock)
/usr/lib/gcc/arm-none-eabi/12.2.1/../../../arm-none-eabi/lib/thumb/v6-m/nofp/libg.a(lib_a-realloc.o)
                              CMakeFiles/blink.dir/home/jake/pico-sdk/src/rp2_common/pico_malloc/pico_malloc.c.obj (realloc)
/usr/lib/gcc/arm-none-eabi/12.2.1/../../../arm-none-eabi/lib/thumb/v6-m/nofp/libg.a(lib_a-reallocr.o)
                              /usr/lib/gcc/arm-none-eabi/12.2.1/../../../arm-none-eabi/lib/thumb/v6-m/nofp/libg.a(lib_a-realloc.o) (_realloc_r)
/usr/lib/gcc/arm-none-eabi/12.2.1/../../../arm-none-eabi/lib/thumb/v6-m/nofp/libg.a(lib_a-sbrkr.o)
                              /usr/lib/gcc/arm-none-eabi/12.2.1/../../../arm-none-eabi/lib/thumb/v6-m/nofp/libg.a(lib_a-mallocr.o) (_sbrk_r)
/usr/lib/gcc/arm-none-eabi/12.2.1/../../../arm-none-eabi/lib/thumb/v6-m/nofp/libg.a(lib_a-strlen-stub.o)
                              CMakeFiles/blink.dir/home/jake/pico-sdk/src/rp2_common/pico_stdio/stdio.c.obj (strlen)
/usr/lib/gcc/arm-none-eabi/12.2.1/../../../arm-none-eabi/lib/thumb/v6-m/nofp/libg.a(lib_a-__atexit.o)
                              /usr/lib/gcc/arm-none-eabi/12.2.1/../../../arm-none-eabi/lib/thumb/v6-m/nofp/libg.a(lib_a-atexit.o) (__register_exitproc)
/usr/lib/gcc/arm-none-eabi/12.2.1/../../../arm-none-eabi/lib/thumb/v6-m/nofp/libg.a(lib_a-freer.o)
                              /usr/lib/gcc/arm-none-eabi/12.2.1/../../../arm-none-eabi/lib/thumb/v6-m/nofp/libg.a(lib_a-malloc.o) (_free_r)
/usr/lib/gcc/arm-none-eabi/12.2.1/../../../arm-none-eabi/lib/thumb/v6-m/nofp/libg.a(lib_a-memmove.o)
                              /usr/lib/gcc/arm-none-eabi/12.2.1/../../../arm-none-eabi/lib/thumb/v6-m/nofp/libg.a(lib_a-reallocr.o) (memmove)
/usr/lib/gcc/arm-none-eabi/12.2.1/../../../arm-none-eabi/lib/thumb/v6-m/nofp/libg.a(lib_a-reent.o)
                              /usr/lib/gcc/arm-none-eabi/12.2.1/../../../arm-none-eabi/lib/thumb/v6-m/nofp/libg.a(lib_a-sbrkr.o) (errno)

Discarded input sections

 .text          0x00000000        0x0 /usr/lib/gcc/arm-none-eabi/12.2.1/thumb/v6-m/nofp/crti.o
 .data          0x00000000        0x0 /usr/lib/gcc/arm-none-eabi/12.2.1/thumb/v6-m/nofp/crti.o
 .bss           0x00000000        0x0 /usr/lib/gcc/arm-none-eabi/12.2.1/thumb/v6-m/nofp/crti.o
 .data          0x00000000        0x4 /usr/lib/gcc/arm-none-eabi/12.2.1/thumb/v6-m/nofp/crtbegin.o
 .rodata        0x00000000       0x24 /usr/lib/gcc/arm-none-eabi/12.2.1/thumb/v6-m/nofp/crtbegin.o
 .fini_array    0x00000000        0x4 /usr/lib/gcc/arm-none-eabi/12.2.1/thumb/v6-m/nofp/crtbegin.o
[...]
Memory Configuration

Name             Origin             Length             Attributes
FLASH            0x10000000         0x00200000         xr
RAM              0x20000000         0x00040000         xrw
SCRATCH_X        0x20040000         0x00001000         xrw
SCRATCH_Y        0x20041000         0x00001000         xrw
*default*        0x00000000         0xffffffff

Linker script and memory map

LOAD /usr/lib/gcc/arm-none-eabi/12.2.1/thumb/v6-m/nofp/crti.o
LOAD /usr/lib/gcc/arm-none-eabi/12.2.1/thumb/v6-m/nofp/crtbegin.o
LOAD /usr/lib/gcc/arm-none-eabi/12.2.1/../../../arm-none-eabi/lib/thumb/v6-m/nofp/crt0.o

.flash_begin    0x10000000        0x0
                0x10000000                        __flash_binary_start = .

.boot2          0x10000000      0x100
                0x10000000                        __boot2_start__ = .
 *(.boot2)
 .boot2         0x10000000      0x100 /tmp/ccsefGHb.o
                0x10000100                        __boot2_end__ = .
                0x00000001                        ASSERT (((__boot2_end__ - __boot2_start__) == 0x100), ERROR: Pico second stage bootloader must be 256 bytes in size)

.text           0x10000100     0x3fe8
                0x10000100                        __logical_binary_start = .
 *(.vectors)
 .vectors       0x10000100       0xd4 CMakeFiles/blink.dir/home/jake/pico-sdk/src/rp2_common/pico_standard_link/crt0.S.obj
                0x10000100                __vectors
                0x10000100                __VECTOR_TABLE
                0x100001c0                isr_invalid
                0x100001c0                __default_isrs_start
                0x100001c2                isr_nmi
                0x100001c4                isr_hardfault
                0x100001c6                isr_svcall
                0x100001c8                isr_pendsv
                0x100001ca                isr_systick
                0x100001cc                isr_irq30
                0x100001cc                __unhandled_user_irq
                0x100001cc                isr_irq13
                0x100001cc                isr_irq27
                0x100001cc                isr_irq31
                0x100001cc                isr_irq5
                0x100001cc                isr_irq11
                0x100001cc                isr_irq23
                0x100001cc                isr_irq18
                0x100001cc                isr_irq28
                0x100001cc                isr_irq19
                0x100001cc                isr_irq0
                0x100001cc                isr_irq6
                0x100001cc                isr_irq22
                0x100001cc                isr_irq17
                0x100001cc                isr_irq14
                0x100001cc                isr_irq2
                0x100001cc                isr_irq10
                0x100001cc                isr_irq8
                0x100001cc                isr_irq24
                0x100001cc                isr_irq1
                0x100001cc                isr_irq7
                0x100001cc                isr_irq21
                0x100001cc                isr_irq20
                0x100001cc                isr_irq15
                0x100001cc                isr_irq25
                0x100001cc                isr_irq4
                0x100001cc                isr_irq16
                0x100001cc                isr_irq29
                0x100001cc                isr_irq26
                0x100001cc                __default_isrs_end
                0x100001cc                isr_irq3
                0x100001cc                isr_irq12
                0x100001cc                isr_irq9
                0x100001d2                unhandled_user_irq_num_in_r0
 *(.binary_info_header)
 .binary_info_header
                0x100001d4       0x14 CMakeFiles/blink.dir/home/jake/pico-sdk/src/rp2_common/pico_standard_link/crt0.S.obj
                0x100001e8                        __binary_info_header_end = .
 *(.reset)
 .reset         0x100001e8       0xa0 CMakeFiles/blink.dir/home/jake/pico-sdk/src/rp2_common/pico_standard_link/crt0.S.obj
                0x100001e8                _entry_point
 .reset         0x10000288       0x30 CMakeFiles/blink.dir/home/jake/pico-sdk/src/rp2_common/pico_standard_link/binary_info.c.obj
 *(.init)
 .init          0x100002b8        0x4 /usr/lib/gcc/arm-none-eabi/12.2.1/thumb/v6-m/nofp/crti.o
                0x100002b8                _init
 *(EXCLUDE_FILE(*libm.a: *libc.a:*lib_a-mem*.o *libgcc.a:) .text*)
 .text          0x100002bc       0x98 /usr/lib/gcc/arm-none-eabi/12.2.1/thumb/v6-m/nofp/crtbegin.o
 .text.main     0x10000354       0x30 CMakeFiles/blink.dir/src/blink.c.obj
                0x10000354                main
 .text.gpio_set_function
                0x10000384       0x30 CMakeFiles/blink.dir/home/jake/pico-sdk/src/rp2_common/hardware_gpio/gpio.c.obj
                0x10000384                gpio_set_function
 .text.gpio_init
                0x100003b4       0x16 CMakeFiles/blink.dir/home/jake/pico-sdk/src/rp2_common/hardware_gpio/gpio.c.obj
                0x100003b4                gpio_init
 *fill*         0x100003ca        0x2 
 .text.running_on_fpga
                0x100003cc       0x14 CMakeFiles/blink.dir/home/jake/pico-sdk/src/rp2_common/pico_platform/platform.c.obj
                0x100003cc                running_on_fpga
 .text.hw_claim_lock
                0x100003e0       0x18 CMakeFiles/blink.dir/home/jake/pico-sdk/src/rp2_common/hardware_claim/claim.c.obj
                0x100003e0                hw_claim_lock
 .text.hw_claim_unlock
                0x100003f8       0x14 CMakeFiles/blink.dir/home/jake/pico-sdk/src/rp2_common/hardware_claim/claim.c.obj
                0x100003f8                hw_claim_unlock
 .text.hw_claim_or_assert
                0x1000040c       0x32 CMakeFiles/blink.dir/home/jake/pico-sdk/src/rp2_common/hardware_claim/claim.c.obj
                0x1000040c                hw_claim_or_assert
 *fill*         0x1000043e        0x2 
 .text.spin_locks_reset
                0x10000440       0x20 CMakeFiles/blink.dir/home/jake/pico-sdk/src/rp2_common/hardware_sync/sync.c.obj
                0x10000440                spin_locks_reset
 .text.next_striped_spin_lock_num
                0x10000460       0x1c CMakeFiles/blink.dir/home/jake/pico-sdk/src/rp2_common/hardware_sync/sync.c.obj
                0x10000460                next_striped_spin_lock_num
 .text.set_raw_irq_handler_and_unlock
                0x1000047c       0x28 CMakeFiles/blink.dir/home/jake/pico-sdk/src/rp2_common/hardware_irq/irq.c.obj
 .text.resolve_branch
                0x100004a4       0x30 CMakeFiles/blink.dir/home/jake/pico-sdk/src/rp2_common/hardware_irq/irq.c.obj
 .text.make_branch
                0x100004d4       0x48 CMakeFiles/blink.dir/home/jake/pico-sdk/src/rp2_common/hardware_irq/irq.c.obj
 .text.insert_branch_and_link
                0x1000051c       0x40 CMakeFiles/blink.dir/home/jake/pico-sdk/src/rp2_common/hardware_irq/irq.c.obj
 .text.irq_is_enabled
                0x1000055c       0x18 CMakeFiles/blink.dir/home/jake/pico-sdk/src/rp2_common/hardware_irq/irq.c.obj
                0x1000055c                irq_is_enabled
 .text.irq_set_mask_enabled
                0x10000574       0x20 CMakeFiles/blink.dir/home/jake/pico-sdk/src/rp2_common/hardware_irq/irq.c.obj
                0x10000574                irq_set_mask_enabled
 .text.irq_set_enabled
                0x10000594        0xe CMakeFiles/blink.dir/home/jake/pico-sdk/src/rp2_common/hardware_irq/irq.c.obj
                0x10000594                irq_set_enabled
 *fill*         0x100005a2        0x2 
 .text.irq_get_vtable_handler
                0x100005a4       0x10 CMakeFiles/blink.dir/home/jake/pico-sdk/src/rp2_common/hardware_irq/irq.c.obj
                0x100005a4                irq_get_vtable_handler
 .text.irq_set_exclusive_handler
                0x100005b4       0x54 CMakeFiles/blink.dir/home/jake/pico-sdk/src/rp2_common/hardware_irq/irq.c.obj
                0x100005b4                irq_set_exclusive_handler
 .text.irq_remove_handler
                0x10000608      0x188 CMakeFiles/blink.dir/home/jake/pico-sdk/src/rp2_common/hardware_irq/irq.c.obj
                0x10000608                irq_remove_handler
 .text.irq_add_tail_to_free_list
                0x10000790       0xf0 CMakeFiles/blink.dir/home/jake/pico-sdk/src/rp2_common/hardware_irq/irq.c.obj
                0x10000790                irq_add_tail_to_free_list
 .text.irq_init_priorities
                0x10000880       0x1c CMakeFiles/blink.dir/home/jake/pico-sdk/src/rp2_common/hardware_irq/irq.c.obj
                0x10000880                irq_init_priorities
 .text.lock_init
                0x1000089c       0x10 CMakeFiles/blink.dir/home/jake/pico-sdk/src/common/pico_sync/lock_core.c.obj
                0x1000089c                lock_init
 .text.mutex_init
                0x100008ac       0x1a CMakeFiles/blink.dir/home/jake/pico-sdk/src/common/pico_sync/mutex.c.obj
                0x100008ac                mutex_init
 .text.recursive_mutex_init
                0x100008c6       0x1e CMakeFiles/blink.dir/home/jake/pico-sdk/src/common/pico_sync/mutex.c.obj
                0x100008c6                recursive_mutex_init
 .text.time_reached
                0x100008e4       0x28 CMakeFiles/blink.dir/home/jake/pico-sdk/src/common/pico_time/time.c.obj
 .text.get_entry
                0x1000090c       0x38 CMakeFiles/blink.dir/home/jake/pico-sdk/src/common/pico_time/time.c.obj
 .text.timer_pool_entry_comparator
                0x10000944       0x2e CMakeFiles/blink.dir/home/jake/pico-sdk/src/common/pico_time/time.c.obj
                0x10000944                timer_pool_entry_comparator
 *fill*         0x10000972        0x2 
 .text.update_us_since_boot
                0x10000974       0x24 CMakeFiles/blink.dir/home/jake/pico-sdk/src/common/pico_time/time.c.obj
 .text.delayed_by_us
                0x10000998       0x34 CMakeFiles/blink.dir/home/jake/pico-sdk/src/common/pico_time/time.c.obj
 .text.ph_get_node
                0x100009cc       0x30 CMakeFiles/blink.dir/home/jake/pico-sdk/src/common/pico_time/time.c.obj
 .text.ph_contains_node
                0x100009fc       0x1e CMakeFiles/blink.dir/home/jake/pico-sdk/src/common/pico_time/time.c.obj
 .text.ph_new_node
                0x10000a1a       0x28 CMakeFiles/blink.dir/home/jake/pico-sdk/src/common/pico_time/time.c.obj
 *fill*         0x10000a42        0x2 
 .text.ph_add_child_node
                0x10000a44       0x6c CMakeFiles/blink.dir/home/jake/pico-sdk/src/common/pico_time/time.c.obj
 .text.ph_merge_nodes
                0x10000ab0       0x3e CMakeFiles/blink.dir/home/jake/pico-sdk/src/common/pico_time/time.c.obj
 *fill*         0x10000aee        0x2 
 .text.ph_insert_node
                0x10000af0       0x3c CMakeFiles/blink.dir/home/jake/pico-sdk/src/common/pico_time/time.c.obj
 .text.ph_free_node
                0x10000b2c       0x5c CMakeFiles/blink.dir/home/jake/pico-sdk/src/common/pico_time/time.c.obj
 .text.get_entry_id_high
                0x10000b88       0x30 CMakeFiles/blink.dir/home/jake/pico-sdk/src/common/pico_time/time.c.obj
 .text.alarm_pool_post_alloc_init
                0x10000bb8       0x40 CMakeFiles/blink.dir/home/jake/pico-sdk/src/common/pico_time/time.c.obj
 .text.sleep_until_callback
                0x10000bf8       0x30 CMakeFiles/blink.dir/home/jake/pico-sdk/src/common/pico_time/time.c.obj
 .text.get_absolute_time
                0x10000c28       0x22 CMakeFiles/blink.dir/home/jake/pico-sdk/src/common/pico_time/time.c.obj
 .text.make_timeout_time_us
                0x10000c4a       0x24 CMakeFiles/blink.dir/home/jake/pico-sdk/src/common/pico_time/time.c.obj
 *fill*         0x10000c6e        0x2 
 .text.add_alarm_under_lock
                0x10000c70       0x94 CMakeFiles/blink.dir/home/jake/pico-sdk/src/common/pico_time/time.c.obj
 .text.alarm_pool_alarm_callback
                0x10000d04      0x20c CMakeFiles/blink.dir/home/jake/pico-sdk/src/common/pico_time/time.c.obj
 .text.alarm_pool_init_default
                0x10000f10       0x40 CMakeFiles/blink.dir/home/jake/pico-sdk/src/common/pico_time/time.c.obj
                0x10000f10                alarm_pool_init_default
 .text.alarm_pool_get_default
                0x10000f50       0x2c CMakeFiles/blink.dir/home/jake/pico-sdk/src/common/pico_time/time.c.obj
                0x10000f50                alarm_pool_get_default
 .text.alarm_pool_add_alarm_at
                0x10000f7c      0x10e CMakeFiles/blink.dir/home/jake/pico-sdk/src/common/pico_time/time.c.obj
                0x10000f7c                alarm_pool_add_alarm_at
 .text.add_alarm_at
                0x1000108a       0x2e CMakeFiles/blink.dir/home/jake/pico-sdk/src/common/pico_time/time.c.obj
 .text.alarm_pool_cancel_alarm
                0x100010b8       0xa0 CMakeFiles/blink.dir/home/jake/pico-sdk/src/common/pico_time/time.c.obj
                0x100010b8                alarm_pool_cancel_alarm
 .text.cancel_alarm
                0x10001158       0x10 CMakeFiles/blink.dir/home/jake/pico-sdk/src/common/pico_time/time.c.obj
 .text.sleep_until
                0x10001168       0xb0 CMakeFiles/blink.dir/home/jake/pico-sdk/src/common/pico_time/time.c.obj
                0x10001168                sleep_until
 .text.sleep_us
                0x10001218       0x1a CMakeFiles/blink.dir/home/jake/pico-sdk/src/common/pico_time/time.c.obj
                0x10001218                sleep_us
 .text.sleep_ms
                0x10001232       0x14 CMakeFiles/blink.dir/home/jake/pico-sdk/src/common/pico_time/time.c.obj
                0x10001232                sleep_ms
 *fill*         0x10001246        0x2 
 .text.best_effort_wfe_or_timeout
                0x10001248       0x44 CMakeFiles/blink.dir/home/jake/pico-sdk/src/common/pico_time/time.c.obj
                0x10001248                best_effort_wfe_or_timeout
 .text.hardware_alarm_irq_handler
                0x1000128c       0x8c CMakeFiles/blink.dir/home/jake/pico-sdk/src/rp2_common/hardware_timer/timer.c.obj
 .text.hardware_alarm_claim
                0x10001318       0x18 CMakeFiles/blink.dir/home/jake/pico-sdk/src/rp2_common/hardware_timer/timer.c.obj
                0x10001318                hardware_alarm_claim
 .text.time_us_64
                0x10001330       0x18 CMakeFiles/blink.dir/home/jake/pico-sdk/src/rp2_common/hardware_timer/timer.c.obj
                0x10001330                time_us_64
 .text.busy_wait_until
                0x10001348       0x28 CMakeFiles/blink.dir/home/jake/pico-sdk/src/rp2_common/hardware_timer/timer.c.obj
                0x10001348                busy_wait_until
 .text.hardware_alarm_set_callback
                0x10001370       0x90 CMakeFiles/blink.dir/home/jake/pico-sdk/src/rp2_common/hardware_timer/timer.c.obj
                0x10001370                hardware_alarm_set_callback
 .text.hardware_alarm_set_target
                0x10001400       0xe8 CMakeFiles/blink.dir/home/jake/pico-sdk/src/rp2_common/hardware_timer/timer.c.obj
                0x10001400                hardware_alarm_set_target
 .text.hardware_alarm_cancel
                0x100014e8       0x40 CMakeFiles/blink.dir/home/jake/pico-sdk/src/rp2_common/hardware_timer/timer.c.obj
                0x100014e8                hardware_alarm_cancel
 .text.ph_get_node
                0x10001528       0x30 CMakeFiles/blink.dir/home/jake/pico-sdk/src/common/pico_util/pheap.c.obj
 .text.ph_add_child_node
                0x10001558       0x6c CMakeFiles/blink.dir/home/jake/pico-sdk/src/common/pico_util/pheap.c.obj
 .text.ph_merge_nodes
                0x100015c4       0x3e CMakeFiles/blink.dir/home/jake/pico-sdk/src/common/pico_util/pheap.c.obj
 .text.ph_clear
                0x10001602       0x34 CMakeFiles/blink.dir/home/jake/pico-sdk/src/common/pico_util/pheap.c.obj
                0x10001602                ph_clear
 .text.ph_post_alloc_init
                0x10001636        0xe CMakeFiles/blink.dir/home/jake/pico-sdk/src/common/pico_util/pheap.c.obj
                0x10001636                ph_post_alloc_init
 .text.ph_merge_two_pass
                0x10001644       0x5c CMakeFiles/blink.dir/home/jake/pico-sdk/src/common/pico_util/pheap.c.obj
                0x10001644                ph_merge_two_pass
 .text.ph_remove_any_head
                0x100016a0       0xc0 CMakeFiles/blink.dir/home/jake/pico-sdk/src/common/pico_util/pheap.c.obj
 .text.ph_remove_head
                0x10001760       0x14 CMakeFiles/blink.dir/home/jake/pico-sdk/src/common/pico_util/pheap.c.obj
                0x10001760                ph_remove_head
 .text.ph_remove_and_free_node
                0x10001774       0xa0 CMakeFiles/blink.dir/home/jake/pico-sdk/src/common/pico_util/pheap.c.obj
                0x10001774                ph_remove_and_free_node
 .text.clock_configure
                0x10001814      0x104 CMakeFiles/blink.dir/home/jake/pico-sdk/src/rp2_common/hardware_clocks/clocks.c.obj
                0x10001814                clock_configure
 .text.clocks_init
                0x10001918      0x100 CMakeFiles/blink.dir/home/jake/pico-sdk/src/rp2_common/hardware_clocks/clocks.c.obj
                0x10001918                clocks_init
 .text.pll_init
                0x10001a18      0x12c CMakeFiles/blink.dir/home/jake/pico-sdk/src/rp2_common/hardware_pll/pll.c.obj
                0x10001a18                pll_init
 .text.watchdog_start_tick
                0x10001b44       0x10 CMakeFiles/blink.dir/home/jake/pico-sdk/src/rp2_common/hardware_watchdog/watchdog.c.obj
                0x10001b44                watchdog_start_tick
 .text.xosc_init
                0x10001b54       0x28 CMakeFiles/blink.dir/home/jake/pico-sdk/src/rp2_common/hardware_xosc/xosc.c.obj
                0x10001b54                xosc_init
 .text._exit    0x10001b7c        0x4 CMakeFiles/blink.dir/home/jake/pico-sdk/src/rp2_common/pico_runtime/runtime.c.obj
                0x10001b7c                _exit
 .text.exit     0x10001b80        0x6 CMakeFiles/blink.dir/home/jake/pico-sdk/src/rp2_common/pico_runtime/runtime.c.obj
                0x10001b80                exit
 *fill*         0x10001b86        0x2 
 .text.__assert_func
                0x10001b88       0x38 CMakeFiles/blink.dir/home/jake/pico-sdk/src/rp2_common/pico_runtime/runtime.c.obj
                0x10001b88                __assert_func
 .text.runtime_init
                0x10001bc0       0xf8 CMakeFiles/blink.dir/home/jake/pico-sdk/src/rp2_common/pico_runtime/runtime.c.obj
                0x10001bc0                runtime_init
 .text.panic    0x10001cb8       0x30 CMakeFiles/blink.dir/home/jake/pico-sdk/src/rp2_common/pico_runtime/runtime.c.obj
                0x10001cb8                panic
 .text._out_null
                0x10001ce8        0x2 CMakeFiles/blink.dir/home/jake/pico-sdk/src/rp2_common/pico_printf/printf.c.obj
 .text._out_fct
                0x10001cea        0xe CMakeFiles/blink.dir/home/jake/pico-sdk/src/rp2_common/pico_printf/printf.c.obj
 .text._atoi    0x10001cf8       0x24 CMakeFiles/blink.dir/home/jake/pico-sdk/src/rp2_common/pico_printf/printf.c.obj
 .text._out_rev
                0x10001d1c       0xae CMakeFiles/blink.dir/home/jake/pico-sdk/src/rp2_common/pico_printf/printf.c.obj
 .text._ntoa_format
                0x10001dca      0x110 CMakeFiles/blink.dir/home/jake/pico-sdk/src/rp2_common/pico_printf/printf.c.obj
 .text._ntoa_long
                0x10001eda       0xbc CMakeFiles/blink.dir/home/jake/pico-sdk/src/rp2_common/pico_printf/printf.c.obj
 .text._ntoa_long_long
                0x10001f96      0x10e CMakeFiles/blink.dir/home/jake/pico-sdk/src/rp2_common/pico_printf/printf.c.obj
 .text._etoa    0x100020a4      0x420 CMakeFiles/blink.dir/home/jake/pico-sdk/src/rp2_common/pico_printf/printf.c.obj
 .text._ftoa    0x100024c4      0x354 CMakeFiles/blink.dir/home/jake/pico-sdk/src/rp2_common/pico_printf/printf.c.obj
 .text._vsnprintf
                0x10002818      0x65c CMakeFiles/blink.dir/home/jake/pico-sdk/src/rp2_common/pico_printf/printf.c.obj
 .text.vfctprintf
                0x10002e74       0x20 CMakeFiles/blink.dir/home/jake/pico-sdk/src/rp2_common/pico_printf/printf.c.obj
                0x10002e74                vfctprintf
 .text          0x10002e94       0x10 CMakeFiles/blink.dir/home/jake/pico-sdk/src/rp2_common/pico_bit_ops/bit_ops_aeabi.S.obj
 .text.rom_func_lookup
                0x10002ea4       0x10 CMakeFiles/blink.dir/home/jake/pico-sdk/src/rp2_common/pico_bootrom/bootrom.c.obj
                0x10002ea4                rom_func_lookup
 .text.rom_data_lookup
                0x10002eb4       0x10 CMakeFiles/blink.dir/home/jake/pico-sdk/src/rp2_common/pico_bootrom/bootrom.c.obj
                0x10002eb4                rom_data_lookup
 .text.rom_funcs_lookup
                0x10002ec4       0x36 CMakeFiles/blink.dir/home/jake/pico-sdk/src/rp2_common/pico_bootrom/bootrom.c.obj
                0x10002ec4                rom_funcs_lookup
 *fill*         0x10002efa        0x2 
 .text.__wrap___aeabi_idiv
                0x10002efc       0x50 CMakeFiles/blink.dir/home/jake/pico-sdk/src/rp2_common/pico_divider/divider.S.obj
                0x10002efc                __wrap___aeabi_idivmod
                0x10002efc                divmod_s32s32
                0x10002efc                div_s32s32
                0x10002efc                __wrap___aeabi_idiv
                0x10002f04                divmod_s32s32_unsafe
                0x10002f30                divmod_s32s32_savestate
 .text.__wrap___aeabi_uidiv
                0x10002f4c       0x4c CMakeFiles/blink.dir/home/jake/pico-sdk/src/rp2_common/pico_divider/divider.S.obj
                0x10002f4c                __wrap___aeabi_uidiv
                0x10002f4c                __wrap___aeabi_uidivmod
                0x10002f4c                div_u32u32
                0x10002f4c                divmod_u32u32
                0x10002f54                divmod_u32u32_unsafe
                0x10002f7c                divmod_u32u32_savestate
 .text.__wrap___aeabi_ldiv
                0x10002f98      0x424 CMakeFiles/blink.dir/home/jake/pico-sdk/src/rp2_common/pico_divider/divider.S.obj
                0x10002f98                div_s64s64
                0x10002f98                divmod_s64s64
                0x10002f98                __wrap___aeabi_ldivmod
                0x10002fc8                div_u64u64
                0x10002fc8                divmod_u64u64
                0x10002fc8                __wrap___aeabi_uldivmod
                0x10002fd8                divmod_u64u64_savestate
                0x10002ff8                divmod_s64s64_unsafe
                0x10003080                divmod_u64u64_unsafe
 .text.__wrap___aeabi_darithmetic
                0x100033bc       0x80 CMakeFiles/blink.dir/home/jake/pico-sdk/src/rp2_common/pico_double/double_aeabi.S.obj
                0x100033bc                __wrap___aeabi_drsub
                0x100033c2                __wrap___aeabi_dsub
                0x100033d4                __wrap___aeabi_dadd
                0x100033e6                __wrap___aeabi_ddiv
                0x10003422                __wrap___aeabi_dmul
 .text.__wrap___aeabi_cdcmple
                0x1000343c       0x6c CMakeFiles/blink.dir/home/jake/pico-sdk/src/rp2_common/pico_double/double_aeabi.S.obj
                0x1000343c                __wrap___aeabi_cdrcmple
                0x1000344c                __wrap___aeabi_cdcmple
                0x1000344c                __wrap___aeabi_cdcmpeq
 .text.__wrap___aeabi_dcmplt
                0x100034a8        0xc CMakeFiles/blink.dir/home/jake/pico-sdk/src/rp2_common/pico_double/double_aeabi.S.obj
                0x100034a8                __wrap___aeabi_dcmplt
 .text.__wrap___aeabi_dcmple
                0x100034b4       0x10 CMakeFiles/blink.dir/home/jake/pico-sdk/src/rp2_common/pico_double/double_aeabi.S.obj
                0x100034b4                __wrap___aeabi_dcmple
 .text.__wrap___aeabi_dcmpge
                0x100034c4       0x10 CMakeFiles/blink.dir/home/jake/pico-sdk/src/rp2_common/pico_double/double_aeabi.S.obj
                0x100034c4                __wrap___aeabi_dcmpge
 .text.__wrap___aeabi_dcmpgt
                0x100034d4        0xa CMakeFiles/blink.dir/home/jake/pico-sdk/src/rp2_common/pico_double/double_aeabi.S.obj
                0x100034d4                __wrap___aeabi_dcmpgt
 .text.__wrap___aeabi_dcmpun
                0x100034de       0x1c CMakeFiles/blink.dir/home/jake/pico-sdk/src/rp2_common/pico_double/double_aeabi.S.obj
                0x100034de                __wrap___aeabi_dcmpun
 *fill*         0x100034fa        0x2 
 .text.__wrap___aeabi_i2d
                0x100034fc       0x38 CMakeFiles/blink.dir/home/jake/pico-sdk/src/rp2_common/pico_double/double_aeabi.S.obj
                0x100034fc                __wrap___aeabi_ui2d
                0x10003504                __wrap___aeabi_i2d
 .text.__wrap___aeabi_d2iz
                0x10003534       0x48 CMakeFiles/blink.dir/home/jake/pico-sdk/src/rp2_common/pico_double/double_aeabi.S.obj
                0x10003534                __wrap___aeabi_d2iz
                0x10003534                double2int_z
 .text.__wrap___aeabi_d2uiz
                0x1000357c       0x18 CMakeFiles/blink.dir/home/jake/pico-sdk/src/rp2_common/pico_double/double_aeabi.S.obj
                0x1000357c                double2uint
                0x1000357c                __wrap___aeabi_d2uiz
 .text.__aeabi_double_init
                0x10003594       0xcc CMakeFiles/blink.dir/home/jake/pico-sdk/src/rp2_common/pico_double/double_init_rom.c.obj
                0x10003594                __aeabi_double_init
 .text.double_table_shim_on_use_helper
                0x10003660       0x34 CMakeFiles/blink.dir/home/jake/pico-sdk/src/rp2_common/pico_double/double_v1_rom_shim.S.obj
                0x10003660                double_table_shim_on_use_helper
 .text.__wrap___aeabi_dsub
                0x10003694       0x10 CMakeFiles/blink.dir/home/jake/pico-sdk/src/rp2_common/pico_double/double_v1_rom_shim.S.obj
                0x10003694                drsub_shim
                0x1000369a                dsub_shim
 .text.dadd_shim
                0x100036a4      0x15c CMakeFiles/blink.dir/home/jake/pico-sdk/src/rp2_common/pico_double/double_v1_rom_shim.S.obj
                0x100036a4                dadd_shim
 .text.dmul_shim
                0x10003800      0x15c CMakeFiles/blink.dir/home/jake/pico-sdk/src/rp2_common/pico_double/double_v1_rom_shim.S.obj
                0x10003800                dmul_shim
 .text.ddiv_shim
                0x1000395c      0x1b0 CMakeFiles/blink.dir/home/jake/pico-sdk/src/rp2_common/pico_double/double_v1_rom_shim.S.obj
                0x1000395c                ddiv_shim
 .text.double2uint_shim
                0x10003b0c        0xe CMakeFiles/blink.dir/home/jake/pico-sdk/src/rp2_common/pico_double/double_v1_rom_shim.S.obj
                0x10003b0c                double2uint_shim
                0x10003b0e                double2ufix_shim
 *fill*         0x10003b1a        0x2 
 .text.double2uint64_shim
                0x10003b1c       0x70 CMakeFiles/blink.dir/home/jake/pico-sdk/src/rp2_common/pico_double/double_v1_rom_shim.S.obj
                0x10003b1c                double2uint64_shim
                0x10003b1e                double2ufix64_shim
                0x10003b3e                d2fix_a
 .text.dunpacks
                0x10003b8c       0x3c CMakeFiles/blink.dir/home/jake/pico-sdk/src/rp2_common/pico_double/double_v1_rom_shim.S.obj
                0x10003b8c                dunpacks
 .text.__aeabi_lmul
                0x10003bc8       0x32 CMakeFiles/blink.dir/home/jake/pico-sdk/src/rp2_common/pico_int64_ops/pico_int64_ops_aeabi.S.obj
                0x10003bc8                __wrap___aeabi_lmul
 *fill*         0x10003bfa        0x2 
 .text.__aeabi_float_init
                0x10003bfc       0xfc CMakeFiles/blink.dir/home/jake/pico-sdk/src/rp2_common/pico_float/float_init_rom.c.obj
                0x10003bfc                __aeabi_float_init
 .text.float_table_shim_on_use_helper
                0x10003cf8       0x34 CMakeFiles/blink.dir/home/jake/pico-sdk/src/rp2_common/pico_float/float_v1_rom_shim.S.obj
                0x10003cf8                float_table_shim_on_use_helper
 .text          0x10003d2c       0x10 CMakeFiles/blink.dir/home/jake/pico-sdk/src/rp2_common/pico_mem_ops/mem_ops_aeabi.S.obj
                0x10003d2c                __aeabi_mem_init
 .text.memcpy   0x10003d3c        0xc CMakeFiles/blink.dir/home/jake/pico-sdk/src/rp2_common/pico_mem_ops/mem_ops_aeabi.S.obj
                0x10003d3c                __wrap___aeabi_memcpy
                0x10003d3c                __wrap_memcpy
 .text.stdio_out_chars_no_crlf
                0x10003d48        0xe CMakeFiles/blink.dir/home/jake/pico-sdk/src/rp2_common/pico_stdio/stdio.c.obj
 *fill*         0x10003d56        0x2 
 .text.stdio_out_chars_crlf
                0x10003d58       0x80 CMakeFiles/blink.dir/home/jake/pico-sdk/src/rp2_common/pico_stdio/stdio.c.obj
 .text.stdio_stack_buffer_flush
                0x10003dd8       0x44 CMakeFiles/blink.dir/home/jake/pico-sdk/src/rp2_common/pico_stdio/stdio.c.obj
 .text.stdio_buffered_printer
                0x10003e1c       0x20 CMakeFiles/blink.dir/home/jake/pico-sdk/src/rp2_common/pico_stdio/stdio.c.obj
 .text.update_us_since_boot
                0x10003e3c       0x24 CMakeFiles/blink.dir/home/jake/pico-sdk/src/rp2_common/pico_stdio/stdio.c.obj
 .text.get_absolute_time
                0x10003e60       0x22 CMakeFiles/blink.dir/home/jake/pico-sdk/src/rp2_common/pico_stdio/stdio.c.obj
 *fill*         0x10003e82        0x2 
 .text.delayed_by_ms
                0x10003e84       0x44 CMakeFiles/blink.dir/home/jake/pico-sdk/src/rp2_common/pico_stdio/stdio.c.obj
 .text.make_timeout_time_ms
                0x10003ec8       0x20 CMakeFiles/blink.dir/home/jake/pico-sdk/src/rp2_common/pico_stdio/stdio.c.obj
 .text.stdout_serialize_begin
                0x10003ee8       0x20 CMakeFiles/blink.dir/home/jake/pico-sdk/src/rp2_common/pico_stdio/stdio.c.obj
                0x10003ee8                stdout_serialize_begin
 .text.stdout_serialize_end
                0x10003f08       0x10 CMakeFiles/blink.dir/home/jake/pico-sdk/src/rp2_common/pico_stdio/stdio.c.obj
                0x10003f08                stdout_serialize_end
 .text.stdio_put_string
                0x10003f18       0x98 CMakeFiles/blink.dir/home/jake/pico-sdk/src/rp2_common/pico_stdio/stdio.c.obj
 .text.stdio_flush
                0x10003fb0       0x20 CMakeFiles/blink.dir/home/jake/pico-sdk/src/rp2_common/pico_stdio/stdio.c.obj
                0x10003fb0                stdio_flush
 .text.__wrap_puts
                0x10003fd0       0x1e CMakeFiles/blink.dir/home/jake/pico-sdk/src/rp2_common/pico_stdio/stdio.c.obj
                0x10003fd0                __wrap_puts
 *fill*         0x10003fee        0x2 
 .text.__wrap_vprintf
                0x10003ff0       0x40 CMakeFiles/blink.dir/home/jake/pico-sdk/src/rp2_common/pico_stdio/stdio.c.obj
                0x10003ff0                __wrap_vprintf
 .text.__wrap_printf
                0x10004030       0x18 CMakeFiles/blink.dir/home/jake/pico-sdk/src/rp2_common/pico_stdio/stdio.c.obj
                0x10004030                __wrap_printf
 .text          0x10004048       0x5c /usr/lib/gcc/arm-none-eabi/12.2.1/../../../arm-none-eabi/lib/thumb/v6-m/nofp/libg.a(lib_a-strlen-stub.o)
                0x10004048                strlen
 *(.fini)
 .fini          0x100040a4        0x4 /usr/lib/gcc/arm-none-eabi/12.2.1/thumb/v6-m/nofp/crti.o
                0x100040a4                _fini
 .fini.__stub   0x100040a8       0x40 linker stubs
 *crtbegin.o(.ctors)
 *crtbegin?.o(.ctors)
 *(EXCLUDE_FILE(*crtend.o *crtend?.o) .ctors)
 *(SORT_BY_NAME(.ctors.*))
 *(.ctors)
 *crtbegin.o(.dtors)
 *crtbegin?.o(.dtors)
 *(EXCLUDE_FILE(*crtend.o *crtend?.o) .dtors)
 *(SORT_BY_NAME(.dtors.*))
 *(.dtors)
 *(.eh_frame*)
 .eh_frame      0x100040e8        0x0 /usr/lib/gcc/arm-none-eabi/12.2.1/thumb/v6-m/nofp/crtbegin.o
                0x100040e8                        . = ALIGN (0x4)

.glue_7         0x100040e8        0x0
 .glue_7        0x100040e8        0x0 linker stubs

.glue_7t        0x100040e8        0x0
 .glue_7t       0x100040e8        0x0 linker stubs

.vfp11_veneer   0x100040e8        0x0
 .vfp11_veneer  0x100040e8        0x0 linker stubs

.v4_bx          0x100040e8        0x0
 .v4_bx         0x100040e8        0x0 linker stubs

.iplt           0x100040e8        0x0
 .iplt          0x100040e8        0x0 /usr/lib/gcc/arm-none-eabi/12.2.1/thumb/v6-m/nofp/crtbegin.o

.rodata         0x100040e8      0xd84
 *(EXCLUDE_FILE(*libm.a: *libc.a:*lib_a-mem*.o *libgcc.a:) .rodata*)
 .rodata.resolve_branch.str1.4
                0x100040e8       0x4e CMakeFiles/blink.dir/home/jake/pico-sdk/src/rp2_common/hardware_irq/irq.c.obj
 *fill*         0x10004136        0x2 
 .rodata.make_branch.str1.4
                0x10004138       0x30 CMakeFiles/blink.dir/home/jake/pico-sdk/src/rp2_common/hardware_irq/irq.c.obj
 .rodata.insert_branch_and_link.str1.4
                0x10004168       0x10 CMakeFiles/blink.dir/home/jake/pico-sdk/src/rp2_common/hardware_irq/irq.c.obj
 .rodata.irq_set_exclusive_handler.str1.4
                0x10004178       0x36 CMakeFiles/blink.dir/home/jake/pico-sdk/src/rp2_common/hardware_irq/irq.c.obj
 *fill*         0x100041ae        0x2 
 .rodata.irq_remove_handler.str1.4
                0x100041b0       0x3a CMakeFiles/blink.dir/home/jake/pico-sdk/src/rp2_common/hardware_irq/irq.c.obj
 *fill*         0x100041ea        0x2 
 .rodata.irq_add_tail_to_free_list.str1.4
                0x100041ec       0x3a CMakeFiles/blink.dir/home/jake/pico-sdk/src/rp2_common/hardware_irq/irq.c.obj
 *fill*         0x10004226        0x2 
 .rodata.__func__.0
                0x10004228       0x1a CMakeFiles/blink.dir/home/jake/pico-sdk/src/rp2_common/hardware_irq/irq.c.obj
 *fill*         0x10004242        0x2 
 .rodata.__func__.1
                0x10004244       0x17 CMakeFiles/blink.dir/home/jake/pico-sdk/src/rp2_common/hardware_irq/irq.c.obj
 *fill*         0x1000425b        0x1 
 .rodata.__func__.2
                0x1000425c       0x13 CMakeFiles/blink.dir/home/jake/pico-sdk/src/rp2_common/hardware_irq/irq.c.obj
 *fill*         0x1000426f        0x1 
 .rodata.__func__.3
                0x10004270        0xc CMakeFiles/blink.dir/home/jake/pico-sdk/src/rp2_common/hardware_irq/irq.c.obj
 .rodata.__func__.4
                0x1000427c        0xf CMakeFiles/blink.dir/home/jake/pico-sdk/src/rp2_common/hardware_irq/irq.c.obj
 *fill*         0x1000428b        0x1 
 .rodata.__func__.6
                0x1000428c       0x1a CMakeFiles/blink.dir/home/jake/pico-sdk/src/rp2_common/hardware_irq/irq.c.obj
 *fill*         0x100042a6        0x2 
 .rodata.str1.4
                0x100042a8       0x85 CMakeFiles/blink.dir/home/jake/pico-sdk/src/common/pico_sync/mutex.c.obj
 *fill*         0x1000432d        0x3 
 .rodata.__func__.1
                0x10004330        0xb CMakeFiles/blink.dir/home/jake/pico-sdk/src/common/pico_sync/mutex.c.obj
 *fill*         0x1000433b        0x1 
 .rodata.__func__.3
                0x1000433c       0x18 CMakeFiles/blink.dir/home/jake/pico-sdk/src/common/pico_sync/mutex.c.obj
 .rodata.get_entry.str1.4
                0x10004354       0x54 CMakeFiles/blink.dir/home/jake/pico-sdk/src/common/pico_time/time.c.obj
 .rodata.update_us_since_boot.str1.4
                0x100043a8       0x5a CMakeFiles/blink.dir/home/jake/pico-sdk/src/common/pico_time/time.c.obj
 *fill*         0x10004402        0x2 
 .rodata.ph_get_node.str1.4
                0x10004404       0x5f CMakeFiles/blink.dir/home/jake/pico-sdk/src/common/pico_time/time.c.obj
 *fill*         0x10004463        0x1 
 .rodata.ph_add_child_node.str1.4
                0x10004464       0x2e CMakeFiles/blink.dir/home/jake/pico-sdk/src/common/pico_time/time.c.obj
 *fill*         0x10004492        0x2 
 .rodata.ph_insert_node.str1.4
                0x10004494        0x3 CMakeFiles/blink.dir/home/jake/pico-sdk/src/common/pico_time/time.c.obj
 *fill*         0x10004497        0x1 
 .rodata.ph_free_node.str1.4
                0x10004498       0x38 CMakeFiles/blink.dir/home/jake/pico-sdk/src/common/pico_time/time.c.obj
 .rodata.add_alarm_under_lock.str1.4
                0x100044d0       0x28 CMakeFiles/blink.dir/home/jake/pico-sdk/src/common/pico_time/time.c.obj
 .rodata.alarm_pool_alarm_callback.str1.4
                0x100044f8       0x60 CMakeFiles/blink.dir/home/jake/pico-sdk/src/common/pico_time/time.c.obj
 .rodata.alarm_pool_get_default.str1.4
                0x10004558       0x21 CMakeFiles/blink.dir/home/jake/pico-sdk/src/common/pico_time/time.c.obj
 *fill*         0x10004579        0x3 
 .rodata.alarm_pool_cancel_alarm.str1.4
                0x1000457c       0x27 CMakeFiles/blink.dir/home/jake/pico-sdk/src/common/pico_time/time.c.obj
 *fill*         0x100045a3        0x1 
 .rodata.sleep_until.str1.4
                0x100045a4       0x4d CMakeFiles/blink.dir/home/jake/pico-sdk/src/common/pico_time/time.c.obj
 *fill*         0x100045f1        0x3 
 .rodata.__func__.1
                0x100045f4       0x18 CMakeFiles/blink.dir/home/jake/pico-sdk/src/common/pico_time/time.c.obj
 .rodata.__func__.3
                0x1000460c       0x17 CMakeFiles/blink.dir/home/jake/pico-sdk/src/common/pico_time/time.c.obj
 *fill*         0x10004623        0x1 
 .rodata.__func__.4
                0x10004624       0x12 CMakeFiles/blink.dir/home/jake/pico-sdk/src/common/pico_time/time.c.obj
 *fill*         0x10004636        0x2 
 .rodata.__func__.5
                0x10004638        0xd CMakeFiles/blink.dir/home/jake/pico-sdk/src/common/pico_time/time.c.obj
 *fill*         0x10004645        0x3 
 .rodata.__func__.6
                0x10004648       0x12 CMakeFiles/blink.dir/home/jake/pico-sdk/src/common/pico_time/time.c.obj
 *fill*         0x1000465a        0x2 
 .rodata.__func__.7
                0x1000465c        0xf CMakeFiles/blink.dir/home/jake/pico-sdk/src/common/pico_time/time.c.obj
 *fill*         0x1000466b        0x1 
 .rodata.__func__.8
                0x1000466c        0xc CMakeFiles/blink.dir/home/jake/pico-sdk/src/common/pico_time/time.c.obj
 .rodata.__func__.9
                0x10004678       0x15 CMakeFiles/blink.dir/home/jake/pico-sdk/src/common/pico_time/time.c.obj
 *fill*         0x1000468d        0x3 
 .rodata.__func__.10
                0x10004690       0x15 CMakeFiles/blink.dir/home/jake/pico-sdk/src/common/pico_time/time.c.obj
 *fill*         0x100046a5        0x3 
 .rodata.__func__.11
                0x100046a8       0x1a CMakeFiles/blink.dir/home/jake/pico-sdk/src/common/pico_time/time.c.obj
 *fill*         0x100046c2        0x2 
 .rodata.__func__.12
                0x100046c4        0xa CMakeFiles/blink.dir/home/jake/pico-sdk/src/common/pico_time/time.c.obj
 *fill*         0x100046ce        0x2 
 .rodata.hardware_alarm_claim.str1.4
                0x100046d0       0x22 CMakeFiles/blink.dir/home/jake/pico-sdk/src/rp2_common/hardware_timer/timer.c.obj
 *fill*         0x100046f2        0x2 
 .rodata.hardware_alarm_set_target.str1.4
                0x100046f4       0x5e CMakeFiles/blink.dir/home/jake/pico-sdk/src/rp2_common/hardware_timer/timer.c.obj
 *fill*         0x10004752        0x2 
 .rodata.__func__.0
                0x10004754       0x1a CMakeFiles/blink.dir/home/jake/pico-sdk/src/rp2_common/hardware_timer/timer.c.obj
 .rodata.ph_get_node.str1.4
                0x1000476e       0x5f CMakeFiles/blink.dir/home/jake/pico-sdk/src/common/pico_util/pheap.c.obj
 .rodata.ph_add_child_node.str1.4
                0x1000476e       0x2e CMakeFiles/blink.dir/home/jake/pico-sdk/src/common/pico_util/pheap.c.obj
 *fill*         0x1000476e        0x2 
 .rodata.ph_remove_any_head.str1.4
                0x10004770       0x88 CMakeFiles/blink.dir/home/jake/pico-sdk/src/common/pico_util/pheap.c.obj
                                 0x9c (size before relaxing)
 .rodata.ph_remove_and_free_node.str1.4
                0x100047f8       0x1e CMakeFiles/blink.dir/home/jake/pico-sdk/src/common/pico_util/pheap.c.obj
                                 0x26 (size before relaxing)
 *fill*         0x10004816        0x2 
 .rodata.__func__.0
                0x10004818       0x18 CMakeFiles/blink.dir/home/jake/pico-sdk/src/common/pico_util/pheap.c.obj
 .rodata.__func__.1
                0x10004830       0x13 CMakeFiles/blink.dir/home/jake/pico-sdk/src/common/pico_util/pheap.c.obj
 *fill*         0x10004843        0x1 
 .rodata.__func__.2
                0x10004844       0x12 CMakeFiles/blink.dir/home/jake/pico-sdk/src/common/pico_util/pheap.c.obj
 *fill*         0x10004856        0x2 
 .rodata.__func__.3
                0x10004858        0xc CMakeFiles/blink.dir/home/jake/pico-sdk/src/common/pico_util/pheap.c.obj
 .rodata.clock_configure.str1.4
                0x10004864       0x50 CMakeFiles/blink.dir/home/jake/pico-sdk/src/rp2_common/hardware_clocks/clocks.c.obj
 .rodata.__func__.1
                0x100048b4       0x10 CMakeFiles/blink.dir/home/jake/pico-sdk/src/rp2_common/hardware_clocks/clocks.c.obj
 .rodata.pll_init.str1.4
                0x100048c4      0x11b CMakeFiles/blink.dir/home/jake/pico-sdk/src/rp2_common/hardware_pll/pll.c.obj
 *fill*         0x100049df        0x1 
 .rodata.__func__.0
                0x100049e0        0x9 CMakeFiles/blink.dir/home/jake/pico-sdk/src/rp2_common/hardware_pll/pll.c.obj
 *fill*         0x100049e9        0x3 
 .rodata.__assert_func.str1.4
                0x100049ec       0x3f CMakeFiles/blink.dir/home/jake/pico-sdk/src/rp2_common/pico_runtime/runtime.c.obj
                                 0x43 (size before relaxing)
 *fill*         0x10004a2b        0x1 
 .rodata.runtime_init.str1.4
                0x10004a2c       0x5a CMakeFiles/blink.dir/home/jake/pico-sdk/src/rp2_common/pico_runtime/runtime.c.obj
 *fill*         0x10004a86        0x2 
 .rodata.panic.str1.4
                0x10004a88       0x12 CMakeFiles/blink.dir/home/jake/pico-sdk/src/rp2_common/pico_runtime/runtime.c.obj
 *fill*         0x10004a9a        0x2 
 .rodata.__func__.2
                0x10004a9c        0xd CMakeFiles/blink.dir/home/jake/pico-sdk/src/rp2_common/pico_runtime/runtime.c.obj
 *fill*         0x10004aa9        0x3 
 .rodata._ftoa.str1.4
                0x10004aac       0x15 CMakeFiles/blink.dir/home/jake/pico-sdk/src/rp2_common/pico_printf/printf.c.obj
 *fill*         0x10004ac1        0x3 
 .rodata._vsnprintf
                0x10004ac4      0x19c CMakeFiles/blink.dir/home/jake/pico-sdk/src/rp2_common/pico_printf/printf.c.obj
 .rodata.pow10.0
                0x10004c60       0x50 CMakeFiles/blink.dir/home/jake/pico-sdk/src/rp2_common/pico_printf/printf.c.obj
 .rodata.__aeabi_double_init.str1.4
                0x10004cb0       0xa1 CMakeFiles/blink.dir/home/jake/pico-sdk/src/rp2_common/pico_double/double_init_rom.c.obj
 *fill*         0x10004d51        0x3 
 .rodata.__func__.0
                0x10004d54       0x14 CMakeFiles/blink.dir/home/jake/pico-sdk/src/rp2_common/pico_double/double_init_rom.c.obj
 .rodata.__aeabi_float_init.str1.4
                0x10004d68       0x73 CMakeFiles/blink.dir/home/jake/pico-sdk/src/rp2_common/pico_float/float_init_rom.c.obj
                                 0x77 (size before relaxing)
 *fill*         0x10004ddb        0x1 
 .rodata.__func__.0
                0x10004ddc       0x13 CMakeFiles/blink.dir/home/jake/pico-sdk/src/rp2_common/pico_float/float_init_rom.c.obj
 *fill*         0x10004def        0x1 
 .rodata.str1.4
                0x10004df0       0x3c CMakeFiles/blink.dir/home/jake/pico-sdk/src/rp2_common/pico_standard_link/binary_info.c.obj
 .rodata.__bi_81
                0x10004e2c        0xc CMakeFiles/blink.dir/home/jake/pico-sdk/src/rp2_common/pico_standard_link/binary_info.c.obj
 .rodata.__bi_75
                0x10004e38        0xc CMakeFiles/blink.dir/home/jake/pico-sdk/src/rp2_common/pico_standard_link/binary_info.c.obj
 .rodata.__bi_44
                0x10004e44        0xc CMakeFiles/blink.dir/home/jake/pico-sdk/src/rp2_common/pico_standard_link/binary_info.c.obj
 .rodata.update_us_since_boot.str1.4
                0x10004e50       0x5a CMakeFiles/blink.dir/home/jake/pico-sdk/src/rp2_common/pico_stdio/stdio.c.obj
 .rodata.crlf_str.2
                0x10004e50        0x2 CMakeFiles/blink.dir/home/jake/pico-sdk/src/rp2_common/pico_stdio/stdio.c.obj
 *fill*         0x10004e52        0x2 
 .rodata.__func__.3
                0x10004e54       0x15 CMakeFiles/blink.dir/home/jake/pico-sdk/src/rp2_common/pico_stdio/stdio.c.obj
                0x10004e6c                        . = ALIGN (0x4)
 *fill*         0x10004e69        0x3 
 *(SORT_BY_ALIGNMENT(SORT_BY_NAME(.flashdata*)))
                0x10004e6c                        . = ALIGN (0x4)

.rel.dyn        0x10004e6c        0x0
 .rel.iplt      0x10004e6c        0x0 /usr/lib/gcc/arm-none-eabi/12.2.1/thumb/v6-m/nofp/crtbegin.o

.ARM.extab
 *(.ARM.extab* .gnu.linkonce.armextab.*)
                0x10004e6c                        __exidx_start = .

.ARM.exidx
 *(.ARM.exidx* .gnu.linkonce.armexidx.*)
                0x10004e6c                        __exidx_end = .
                0x10004e6c                        . = ALIGN (0x4)
                0x10004e6c                        __binary_info_start = .

.binary_info    0x10004e6c       0x1c
 *(.binary_info.keep.*)
 .binary_info.keep.__bi_ptr81
                0x10004e6c        0x4 CMakeFiles/blink.dir/home/jake/pico-sdk/src/rp2_common/pico_standard_link/binary_info.c.obj
 .binary_info.keep.__bi_ptr75
                0x10004e70        0x4 CMakeFiles/blink.dir/home/jake/pico-sdk/src/rp2_common/pico_standard_link/binary_info.c.obj
 .binary_info.keep.__bi_ptr50
                0x10004e74        0x4 CMakeFiles/blink.dir/home/jake/pico-sdk/src/rp2_common/pico_standard_link/binary_info.c.obj
 .binary_info.keep.__bi_ptr44
                0x10004e78        0x4 CMakeFiles/blink.dir/home/jake/pico-sdk/src/rp2_common/pico_standard_link/binary_info.c.obj
 .binary_info.keep.__bi_ptr38
                0x10004e7c        0x4 CMakeFiles/blink.dir/home/jake/pico-sdk/src/rp2_common/pico_standard_link/binary_info.c.obj
 .binary_info.keep.__bi_ptr30
                0x10004e80        0x4 CMakeFiles/blink.dir/home/jake/pico-sdk/src/rp2_common/pico_standard_link/binary_info.c.obj
 .binary_info.keep.__bi_ptr22
                0x10004e84        0x4 CMakeFiles/blink.dir/home/jake/pico-sdk/src/rp2_common/pico_standard_link/binary_info.c.obj
 *(.binary_info.*)
                0x10004e88                        __binary_info_end = .
                0x10004e88                        . = ALIGN (0x4)
                0x10004e88                        __etext = .

.ram_vector_table
                0x20000000       0xc0
 *(.ram_vector_table)
 .ram_vector_table
                0x20000000       0xc0 CMakeFiles/blink.dir/home/jake/pico-sdk/src/rp2_common/pico_runtime/runtime.c.obj
                0x20000000                ram_vector_table

.data           0x200000c0      0x22c load address 0x10004e88
                0x200000c0                        __data_start__ = .
 *(vtable)
 *(.time_critical*)
 .time_critical.mutex_try_enter
                0x200000c0       0x46 CMakeFiles/blink.dir/home/jake/pico-sdk/src/common/pico_sync/mutex.c.obj
                0x200000c0                mutex_try_enter
 *fill*         0x20000106        0x2 
 .time_critical.mutex_enter_block_until
                0x20000108       0x8c CMakeFiles/blink.dir/home/jake/pico-sdk/src/common/pico_sync/mutex.c.obj
                0x20000108                mutex_enter_block_until
 .time_critical.mutex_try_enter_block_until
                0x20000194       0x34 CMakeFiles/blink.dir/home/jake/pico-sdk/src/common/pico_sync/mutex.c.obj
                0x20000194                mutex_try_enter_block_until
 .time_critical.mutex_exit
                0x200001c8       0x4c CMakeFiles/blink.dir/home/jake/pico-sdk/src/common/pico_sync/mutex.c.obj
                0x200001c8                mutex_exit
 *(.text*)
 .text          0x20000214        0x4 /usr/lib/gcc/arm-none-eabi/12.2.1/thumb/v6-m/nofp/libgcc.a(_dvmd_tls.o)
                0x20000214                __aeabi_ldiv0
                0x20000214                __aeabi_idiv0
 .text.__stub   0x20000218       0x20 linker stubs
                0x20000238                        . = ALIGN (0x4)
 *(.rodata*)
                0x20000238                        . = ALIGN (0x4)
 *(.data*)
 .data.striped_spin_lock_num
                0x20000238        0x1 CMakeFiles/blink.dir/home/jake/pico-sdk/src/rp2_common/hardware_sync/sync.c.obj
 *fill*         0x20000239        0x3 
 .data          0x2000023c       0x48 CMakeFiles/blink.dir/home/jake/pico-sdk/src/rp2_common/hardware_irq/irq_handler_chain.S.obj
                0x2000023c                irq_handler_chain_slots
                0x2000026c                irq_handler_chain_first_slot
                0x20000276                irq_handler_chain_remove_tail
 .data.default_alarm_pool
                0x20000284       0x18 CMakeFiles/blink.dir/home/jake/pico-sdk/src/common/pico_time/time.c.obj
 .data.default_alarm_pool_heap
                0x2000029c       0x10 CMakeFiles/blink.dir/home/jake/pico-sdk/src/common/pico_time/time.c.obj
 *fill*         0x200002ac        0x4 
 .data.aeabi_bits_funcs
                0x200002b0       0x10 CMakeFiles/blink.dir/home/jake/pico-sdk/src/rp2_common/pico_bit_ops/bit_ops_aeabi.S.obj
                0x200002b0                aeabi_bits_funcs
                0x200002c0                aeabi_bits_funcs_end
 .data.aeabi_mem_funcs
                0x200002c0       0x10 CMakeFiles/blink.dir/home/jake/pico-sdk/src/rp2_common/pico_mem_ops/mem_ops_aeabi.S.obj
                0x200002c0                aeabi_mem_funcs
                0x200002d0                aeabi_mem_funcs_end
                0x200002d0                        . = ALIGN (0x4)
 *(.after_data.*)
                0x200002d0                        . = ALIGN (0x4)
                0x200002d0                        PROVIDE (__mutex_array_start = .)
 *(SORT_BY_NAME(.mutex_array.*))
 *(.mutex_array)
 .mutex_array   0x200002d0        0x8 CMakeFiles/blink.dir/home/jake/pico-sdk/src/rp2_common/pico_stdio/stdio.c.obj
                0x200002d8                        PROVIDE (__mutex_array_end = .)
                0x200002d8                        . = ALIGN (0x4)
                0x200002d8                        PROVIDE (__preinit_array_start = .)
 *(SORT_BY_NAME(.preinit_array.*))
 .preinit_array.00001
                0x200002d8        0x4 CMakeFiles/blink.dir/home/jake/pico-sdk/src/rp2_common/pico_mem_ops/mem_ops_aeabi.S.obj
 .preinit_array.00010
                0x200002dc        0x4 CMakeFiles/blink.dir/home/jake/pico-sdk/src/rp2_common/pico_bit_ops/bit_ops_aeabi.S.obj
 .preinit_array.00020
                0x200002e0        0x4 CMakeFiles/blink.dir/home/jake/pico-sdk/src/rp2_common/pico_double/double_aeabi.S.obj
 .preinit_array.00020
                0x200002e4        0x4 CMakeFiles/blink.dir/home/jake/pico-sdk/src/rp2_common/pico_float/float_aeabi.S.obj
 *(.preinit_array)
                0x200002e8                        PROVIDE (__preinit_array_end = .)
                0x200002e8                        . = ALIGN (0x4)
                0x200002e8                        PROVIDE (__init_array_start = .)
 *(SORT_BY_NAME(.init_array.*))
 *(.init_array)
 .init_array    0x200002e8        0x4 /usr/lib/gcc/arm-none-eabi/12.2.1/thumb/v6-m/nofp/crtbegin.o
                0x200002ec                        PROVIDE (__init_array_end = .)
                0x200002ec                        . = ALIGN (0x4)
                0x200002ec                        PROVIDE (__fini_array_start = .)
 *(SORT_BY_NAME(.fini_array.*))
 *(.fini_array)
                0x200002ec                        PROVIDE (__fini_array_end = .)
 *(.jcr)
                0x200002ec                        . = ALIGN (0x4)
                0x200002ec                        __data_end__ = .

.tm_clone_table
                0x200002ec        0x0 load address 0x100050b4
 .tm_clone_table
                0x200002ec        0x0 /usr/lib/gcc/arm-none-eabi/12.2.1/thumb/v6-m/nofp/crtbegin.o
 .tm_clone_table
                0x200002ec        0x0 /usr/lib/gcc/arm-none-eabi/12.2.1/thumb/v6-m/nofp/crtend.o

.igot.plt       0x200002ec        0x0 load address 0x100050b4
 .igot.plt      0x200002ec        0x0 /usr/lib/gcc/arm-none-eabi/12.2.1/thumb/v6-m/nofp/crtbegin.o

.uninitialized_data
                0x200002ec        0x0 load address 0x100050b4
                0x200002ec                        . = ALIGN (0x4)
 *(.uninitialized_data*)

.scratch_x      0x20040000        0x0 load address 0x100050b4
                0x20040000                        __scratch_x_start__ = .
 *(.scratch_x.*)
                0x20040000                        . = ALIGN (0x4)
                0x20040000                        __scratch_x_end__ = .
                0x100050b4                        __scratch_x_source__ = LOADADDR (.scratch_x)

.scratch_y      0x20041000        0x0 load address 0x100050b4
                0x20041000                        __scratch_y_start__ = .
 *(.scratch_y.*)
                0x20041000                        . = ALIGN (0x4)
                0x20041000                        __scratch_y_end__ = .
                0x100050b4                        __scratch_y_source__ = LOADADDR (.scratch_y)

.bss            0x200002f0      0x3c8
                0x200002f0                        . = ALIGN (0x4)
                0x200002f0                        __bss_start__ = .
 *(SORT_BY_ALIGNMENT(SORT_BY_NAME(.bss*)))
 .bss.default_alarm_pool_entries
                0x200002f0      0x100 CMakeFiles/blink.dir/home/jake/pico-sdk/src/common/pico_time/time.c.obj
 .bss           0x200003f0       0x1c /usr/lib/gcc/arm-none-eabi/12.2.1/thumb/v6-m/nofp/crtbegin.o
 .bss.alarm_callbacks
                0x2000040c       0x10 CMakeFiles/blink.dir/home/jake/pico-sdk/src/rp2_common/hardware_timer/timer.c.obj
 .bss.configured_freq
                0x2000041c       0x28 CMakeFiles/blink.dir/home/jake/pico-sdk/src/rp2_common/hardware_clocks/clocks.c.obj
 .bss.default_alarm_pool_entry_ids_high
                0x20000444       0x10 CMakeFiles/blink.dir/home/jake/pico-sdk/src/common/pico_time/time.c.obj
 .bss.default_alarm_pool_heap_nodes
                0x20000454       0x30 CMakeFiles/blink.dir/home/jake/pico-sdk/src/common/pico_time/time.c.obj
 .bss.drivers   0x20000484        0x4 CMakeFiles/blink.dir/home/jake/pico-sdk/src/rp2_common/pico_stdio/stdio.c.obj
 .bss.filter    0x20000488        0x4 CMakeFiles/blink.dir/home/jake/pico-sdk/src/rp2_common/pico_stdio/stdio.c.obj
 .bss.pools     0x2000048c       0x10 CMakeFiles/blink.dir/home/jake/pico-sdk/src/common/pico_time/time.c.obj
 .bss.sd_table  0x2000049c      0x100 CMakeFiles/blink.dir/home/jake/pico-sdk/src/rp2_common/pico_double/double_init_rom.c.obj
                0x2000049c                sd_table
 .bss.sf_clz_func
                0x2000059c        0x4 CMakeFiles/blink.dir/home/jake/pico-sdk/src/rp2_common/pico_double/double_init_rom.c.obj
                0x2000059c                sf_clz_func
 .bss.sf_table  0x200005a0      0x100 CMakeFiles/blink.dir/home/jake/pico-sdk/src/rp2_common/pico_float/float_init_rom.c.obj
                0x200005a0                sf_table
 .bss.sleep_notifier
                0x200006a0        0x4 CMakeFiles/blink.dir/home/jake/pico-sdk/src/common/pico_time/time.c.obj
 .bss.target_hi
                0x200006a4       0x10 CMakeFiles/blink.dir/home/jake/pico-sdk/src/rp2_common/hardware_timer/timer.c.obj
 .bss.claimed   0x200006b4        0x1 CMakeFiles/blink.dir/home/jake/pico-sdk/src/rp2_common/hardware_timer/timer.c.obj
 .bss.irq_hander_chain_free_slot_head
                0x200006b5        0x1 CMakeFiles/blink.dir/home/jake/pico-sdk/src/rp2_common/hardware_irq/irq.c.obj
 .bss.timer_callbacks_pending
                0x200006b6        0x1 CMakeFiles/blink.dir/home/jake/pico-sdk/src/rp2_common/hardware_timer/timer.c.obj
 *(COMMON)
                0x200006b8                        . = ALIGN (0x4)
 *fill*         0x200006b7        0x1 
                0x200006b8                        __bss_end__ = .

.heap           0x200006b8      0x800
                0x200006b8                        __end__ = .
                0x200006b8                        end = __end__
 *(.heap*)
 .heap          0x200006b8      0x800 CMakeFiles/blink.dir/home/jake/pico-sdk/src/rp2_common/pico_standard_link/crt0.S.obj
                0x20000eb8                        __HeapLimit = .

.stack1_dummy
 *(.stack1*)

.stack_dummy    0x20041000      0x800
 *(.stack*)
 .stack         0x20041000      0x800 CMakeFiles/blink.dir/home/jake/pico-sdk/src/rp2_common/pico_standard_link/crt0.S.obj

.flash_end      0x100050b4        0x0
                0x100050b4                        __flash_binary_end = .
                0x20040000                        __StackLimit = (ORIGIN (RAM) + LENGTH (RAM))
                0x20041000                        __StackOneTop = (ORIGIN (SCRATCH_X) + LENGTH (SCRATCH_X))
                0x20042000                        __StackTop = (ORIGIN (SCRATCH_Y) + LENGTH (SCRATCH_Y))
                0x20041000                        __StackOneBottom = (__StackOneTop - SIZEOF (.stack1_dummy))
                0x20041800                        __StackBottom = (__StackTop - SIZEOF (.stack_dummy))
                0x20042000                        PROVIDE (__stack = __StackTop)
                0x00000001                        ASSERT ((__StackLimit >= __HeapLimit), region RAM overflowed)
                0x00000001                        ASSERT (((__binary_info_header_end - __logical_binary_start) <= 0x100), Binary info must be in first 256 bytes of the binary)
LOAD CMakeFiles/blink.dir/src/blink.c.obj
LOAD CMakeFiles/blink.dir/home/jake/pico-sdk/src/rp2_common/pico_stdlib/stdlib.c.obj
LOAD CMakeFiles/blink.dir/home/jake/pico-sdk/src/rp2_common/hardware_gpio/gpio.c.obj
LOAD CMakeFiles/blink.dir/home/jake/pico-sdk/src/rp2_common/pico_platform/platform.c.obj
LOAD CMakeFiles/blink.dir/home/jake/pico-sdk/src/rp2_common/hardware_claim/claim.c.obj
LOAD CMakeFiles/blink.dir/home/jake/pico-sdk/src/rp2_common/hardware_sync/sync.c.obj
LOAD CMakeFiles/blink.dir/home/jake/pico-sdk/src/rp2_common/hardware_irq/irq.c.obj
LOAD CMakeFiles/blink.dir/home/jake/pico-sdk/src/rp2_common/hardware_irq/irq_handler_chain.S.obj
LOAD CMakeFiles/blink.dir/home/jake/pico-sdk/src/common/pico_sync/sem.c.obj
LOAD CMakeFiles/blink.dir/home/jake/pico-sdk/src/common/pico_sync/lock_core.c.obj
LOAD CMakeFiles/blink.dir/home/jake/pico-sdk/src/common/pico_sync/mutex.c.obj
LOAD CMakeFiles/blink.dir/home/jake/pico-sdk/src/common/pico_sync/critical_section.c.obj
LOAD CMakeFiles/blink.dir/home/jake/pico-sdk/src/common/pico_time/time.c.obj
LOAD CMakeFiles/blink.dir/home/jake/pico-sdk/src/common/pico_time/timeout_helper.c.obj
LOAD CMakeFiles/blink.dir/home/jake/pico-sdk/src/rp2_common/hardware_timer/timer.c.obj
LOAD CMakeFiles/blink.dir/home/jake/pico-sdk/src/common/pico_util/datetime.c.obj
LOAD CMakeFiles/blink.dir/home/jake/pico-sdk/src/common/pico_util/pheap.c.obj
LOAD CMakeFiles/blink.dir/home/jake/pico-sdk/src/common/pico_util/queue.c.obj
LOAD CMakeFiles/blink.dir/home/jake/pico-sdk/src/rp2_common/hardware_uart/uart.c.obj
LOAD CMakeFiles/blink.dir/home/jake/pico-sdk/src/rp2_common/hardware_clocks/clocks.c.obj
LOAD CMakeFiles/blink.dir/home/jake/pico-sdk/src/rp2_common/hardware_pll/pll.c.obj
LOAD CMakeFiles/blink.dir/home/jake/pico-sdk/src/rp2_common/hardware_vreg/vreg.c.obj
LOAD CMakeFiles/blink.dir/home/jake/pico-sdk/src/rp2_common/hardware_watchdog/watchdog.c.obj
LOAD CMakeFiles/blink.dir/home/jake/pico-sdk/src/rp2_common/hardware_xosc/xosc.c.obj
LOAD CMakeFiles/blink.dir/home/jake/pico-sdk/src/rp2_common/hardware_divider/divider.S.obj
LOAD CMakeFiles/blink.dir/home/jake/pico-sdk/src/rp2_common/pico_runtime/runtime.c.obj
LOAD CMakeFiles/blink.dir/home/jake/pico-sdk/src/rp2_common/pico_printf/printf.c.obj
LOAD CMakeFiles/blink.dir/home/jake/pico-sdk/src/rp2_common/pico_bit_ops/bit_ops_aeabi.S.obj
LOAD CMakeFiles/blink.dir/home/jake/pico-sdk/src/rp2_common/pico_bootrom/bootrom.c.obj
LOAD CMakeFiles/blink.dir/home/jake/pico-sdk/src/rp2_common/pico_divider/divider.S.obj
LOAD CMakeFiles/blink.dir/home/jake/pico-sdk/src/rp2_common/pico_double/double_aeabi.S.obj
LOAD CMakeFiles/blink.dir/home/jake/pico-sdk/src/rp2_common/pico_double/double_init_rom.c.obj
LOAD CMakeFiles/blink.dir/home/jake/pico-sdk/src/rp2_common/pico_double/double_math.c.obj
LOAD CMakeFiles/blink.dir/home/jake/pico-sdk/src/rp2_common/pico_double/double_v1_rom_shim.S.obj
LOAD CMakeFiles/blink.dir/home/jake/pico-sdk/src/rp2_common/pico_int64_ops/pico_int64_ops_aeabi.S.obj
LOAD CMakeFiles/blink.dir/home/jake/pico-sdk/src/rp2_common/pico_float/float_aeabi.S.obj
LOAD CMakeFiles/blink.dir/home/jake/pico-sdk/src/rp2_common/pico_float/float_init_rom.c.obj
LOAD CMakeFiles/blink.dir/home/jake/pico-sdk/src/rp2_common/pico_float/float_math.c.obj
LOAD CMakeFiles/blink.dir/home/jake/pico-sdk/src/rp2_common/pico_float/float_v1_rom_shim.S.obj
LOAD CMakeFiles/blink.dir/home/jake/pico-sdk/src/rp2_common/pico_malloc/pico_malloc.c.obj
LOAD CMakeFiles/blink.dir/home/jake/pico-sdk/src/rp2_common/pico_mem_ops/mem_ops_aeabi.S.obj
LOAD CMakeFiles/blink.dir/home/jake/pico-sdk/src/rp2_common/pico_standard_link/crt0.S.obj
LOAD CMakeFiles/blink.dir/home/jake/pico-sdk/src/rp2_common/pico_standard_link/new_delete.cpp.obj
LOAD CMakeFiles/blink.dir/home/jake/pico-sdk/src/rp2_common/pico_standard_link/binary_info.c.obj
LOAD CMakeFiles/blink.dir/home/jake/pico-sdk/src/rp2_common/pico_stdio/stdio.c.obj
LOAD CMakeFiles/blink.dir/home/jake/pico-sdk/src/rp2_common/pico_stdio_uart/stdio_uart.c.obj
LOAD /tmp/ccsefGHb.o
LOAD /usr/lib/gcc/arm-none-eabi/12.2.1/../../../arm-none-eabi/lib/thumb/v6-m/nofp/libstdc++.a
LOAD /usr/lib/gcc/arm-none-eabi/12.2.1/../../../arm-none-eabi/lib/thumb/v6-m/nofp/libm.a
START GROUP
LOAD /usr/lib/gcc/arm-none-eabi/12.2.1/thumb/v6-m/nofp/libgcc.a
LOAD /usr/lib/gcc/arm-none-eabi/12.2.1/../../../arm-none-eabi/lib/thumb/v6-m/nofp/libg.a
LOAD /usr/lib/gcc/arm-none-eabi/12.2.1/../../../arm-none-eabi/lib/thumb/v6-m/nofp/libc.a
END GROUP
START GROUP
LOAD /usr/lib/gcc/arm-none-eabi/12.2.1/thumb/v6-m/nofp/libgcc.a
LOAD /usr/lib/gcc/arm-none-eabi/12.2.1/../../../arm-none-eabi/lib/thumb/v6-m/nofp/libc.a
LOAD /usr/lib/gcc/arm-none-eabi/12.2.1/../../../arm-none-eabi/lib/thumb/v6-m/nofp/libnosys.a
END GROUP
LOAD /usr/lib/gcc/arm-none-eabi/12.2.1/thumb/v6-m/nofp/crtend.o
LOAD /usr/lib/gcc/arm-none-eabi/12.2.1/thumb/v6-m/nofp/crtn.o
OUTPUT(blink.elf elf32-littlearm)
LOAD linker stubs

.ARM.attributes
                0x00000000       0x28
 .ARM.attributes
                0x00000000       0x1e /usr/lib/gcc/arm-none-eabi/12.2.1/thumb/v6-m/nofp/crti.o
 .ARM.attributes
                0x0000001e       0x2c /usr/lib/gcc/arm-none-eabi/12.2.1/thumb/v6-m/nofp/crtbegin.o
 .ARM.attributes
                0x0000004a       0x2c CMakeFiles/blink.dir/src/blink.c.obj
 .ARM.attributes
                0x00000076       0x2c CMakeFiles/blink.dir/home/jake/pico-sdk/src/rp2_common/hardware_gpio/gpio.c.obj
 .ARM.attributes
                0x000000a2       0x2c CMakeFiles/blink.dir/home/jake/pico-sdk/src/rp2_common/pico_platform/platform.c.obj
 .ARM.attributes
                0x000000ce       0x2c CMakeFiles/blink.dir/home/jake/pico-sdk/src/rp2_common/hardware_claim/claim.c.obj
 .ARM.attributes
                0x000000fa       0x2c CMakeFiles/blink.dir/home/jake/pico-sdk/src/rp2_common/hardware_sync/sync.c.obj
 .ARM.attributes
                0x00000126       0x2c CMakeFiles/blink.dir/home/jake/pico-sdk/src/rp2_common/hardware_irq/irq.c.obj
 .ARM.attributes
                0x00000152       0x22 CMakeFiles/blink.dir/home/jake/pico-sdk/src/rp2_common/hardware_irq/irq_handler_chain.S.obj
 .ARM.attributes
                0x00000174       0x2c CMakeFiles/blink.dir/home/jake/pico-sdk/src/common/pico_sync/lock_core.c.obj
 .ARM.attributes
                0x000001a0       0x2c CMakeFiles/blink.dir/home/jake/pico-sdk/src/common/pico_sync/mutex.c.obj
 .ARM.attributes
                0x000001cc       0x2c CMakeFiles/blink.dir/home/jake/pico-sdk/src/common/pico_time/time.c.obj
 .ARM.attributes
                0x000001f8       0x2c CMakeFiles/blink.dir/home/jake/pico-sdk/src/rp2_common/hardware_timer/timer.c.obj
 .ARM.attributes
                0x00000224       0x2c CMakeFiles/blink.dir/home/jake/pico-sdk/src/common/pico_util/pheap.c.obj
 .ARM.attributes
                0x00000250       0x2c CMakeFiles/blink.dir/home/jake/pico-sdk/src/rp2_common/hardware_clocks/clocks.c.obj
 .ARM.attributes
                0x0000027c       0x2c CMakeFiles/blink.dir/home/jake/pico-sdk/src/rp2_common/hardware_pll/pll.c.obj
 .ARM.attributes
                0x000002a8       0x2c CMakeFiles/blink.dir/home/jake/pico-sdk/src/rp2_common/hardware_watchdog/watchdog.c.obj
 .ARM.attributes
                0x000002d4       0x2c CMakeFiles/blink.dir/home/jake/pico-sdk/src/rp2_common/hardware_xosc/xosc.c.obj
 .ARM.attributes
                0x00000300       0x2c CMakeFiles/blink.dir/home/jake/pico-sdk/src/rp2_common/pico_runtime/runtime.c.obj
 .ARM.attributes
                0x0000032c       0x2c CMakeFiles/blink.dir/home/jake/pico-sdk/src/rp2_common/pico_printf/printf.c.obj
 .ARM.attributes
                0x00000358       0x22 CMakeFiles/blink.dir/home/jake/pico-sdk/src/rp2_common/pico_bit_ops/bit_ops_aeabi.S.obj
 .ARM.attributes
                0x0000037a       0x2c CMakeFiles/blink.dir/home/jake/pico-sdk/src/rp2_common/pico_bootrom/bootrom.c.obj
 .ARM.attributes
                0x000003a6       0x22 CMakeFiles/blink.dir/home/jake/pico-sdk/src/rp2_common/pico_divider/divider.S.obj
 .ARM.attributes
                0x000003c8       0x22 CMakeFiles/blink.dir/home/jake/pico-sdk/src/rp2_common/pico_double/double_aeabi.S.obj
 .ARM.attributes
                0x000003ea       0x2c CMakeFiles/blink.dir/home/jake/pico-sdk/src/rp2_common/pico_double/double_init_rom.c.obj
 .ARM.attributes
                0x00000416       0x22 CMakeFiles/blink.dir/home/jake/pico-sdk/src/rp2_common/pico_double/double_v1_rom_shim.S.obj
 .ARM.attributes
                0x00000438       0x22 CMakeFiles/blink.dir/home/jake/pico-sdk/src/rp2_common/pico_int64_ops/pico_int64_ops_aeabi.S.obj
 .ARM.attributes
                0x0000045a       0x22 CMakeFiles/blink.dir/home/jake/pico-sdk/src/rp2_common/pico_float/float_aeabi.S.obj
 .ARM.attributes
                0x0000047c       0x2c CMakeFiles/blink.dir/home/jake/pico-sdk/src/rp2_common/pico_float/float_init_rom.c.obj
 .ARM.attributes
                0x000004a8       0x22 CMakeFiles/blink.dir/home/jake/pico-sdk/src/rp2_common/pico_float/float_v1_rom_shim.S.obj
 .ARM.attributes
                0x000004ca       0x22 CMakeFiles/blink.dir/home/jake/pico-sdk/src/rp2_common/pico_mem_ops/mem_ops_aeabi.S.obj
 .ARM.attributes
                0x000004ec       0x22 CMakeFiles/blink.dir/home/jake/pico-sdk/src/rp2_common/pico_standard_link/crt0.S.obj
 .ARM.attributes
                0x0000050e       0x2c CMakeFiles/blink.dir/home/jake/pico-sdk/src/rp2_common/pico_standard_link/binary_info.c.obj
 .ARM.attributes
                0x0000053a       0x2c CMakeFiles/blink.dir/home/jake/pico-sdk/src/rp2_common/pico_stdio/stdio.c.obj
 .ARM.attributes
                0x00000566       0x22 /tmp/ccsefGHb.o
 .ARM.attributes
                0x00000588       0x1e /usr/lib/gcc/arm-none-eabi/12.2.1/thumb/v6-m/nofp/libgcc.a(_dvmd_tls.o)
 .ARM.attributes
                0x000005a6       0x2c /usr/lib/gcc/arm-none-eabi/12.2.1/../../../arm-none-eabi/lib/thumb/v6-m/nofp/libg.a(lib_a-strlen-stub.o)
 .ARM.attributes
                0x000005d2       0x2c /usr/lib/gcc/arm-none-eabi/12.2.1/thumb/v6-m/nofp/crtend.o

.comment        0x00000000       0x59
 .comment       0x00000000       0x26 /usr/lib/gcc/arm-none-eabi/12.2.1/thumb/v6-m/nofp/crtbegin.o
                                 0x27 (size before relaxing)
 .comment       0x00000026       0x27 CMakeFiles/blink.dir/src/blink.c.obj
 .comment       0x00000026       0x27 CMakeFiles/blink.dir/home/jake/pico-sdk/src/rp2_common/hardware_gpio/gpio.c.obj
 .comment       0x00000026       0x27 CMakeFiles/blink.dir/home/jake/pico-sdk/src/rp2_common/pico_platform/platform.c.obj
 .comment       0x00000026       0x27 CMakeFiles/blink.dir/home/jake/pico-sdk/src/rp2_common/hardware_claim/claim.c.obj
 .comment       0x00000026       0x27 CMakeFiles/blink.dir/home/jake/pico-sdk/src/rp2_common/hardware_sync/sync.c.obj
 .comment       0x00000026       0x27 CMakeFiles/blink.dir/home/jake/pico-sdk/src/rp2_common/hardware_irq/irq.c.obj
 .comment       0x00000026       0x27 CMakeFiles/blink.dir/home/jake/pico-sdk/src/common/pico_sync/lock_core.c.obj
 .comment       0x00000026       0x27 CMakeFiles/blink.dir/home/jake/pico-sdk/src/common/pico_sync/mutex.c.obj
 .comment       0x00000026       0x27 CMakeFiles/blink.dir/home/jake/pico-sdk/src/common/pico_time/time.c.obj
 .comment       0x00000026       0x27 CMakeFiles/blink.dir/home/jake/pico-sdk/src/rp2_common/hardware_timer/timer.c.obj
 .comment       0x00000026       0x27 CMakeFiles/blink.dir/home/jake/pico-sdk/src/common/pico_util/pheap.c.obj
 .comment       0x00000026       0x27 CMakeFiles/blink.dir/home/jake/pico-sdk/src/rp2_common/hardware_clocks/clocks.c.obj
 .comment       0x00000026       0x27 CMakeFiles/blink.dir/home/jake/pico-sdk/src/rp2_common/hardware_pll/pll.c.obj
 .comment       0x00000026       0x27 CMakeFiles/blink.dir/home/jake/pico-sdk/src/rp2_common/hardware_watchdog/watchdog.c.obj
 .comment       0x00000026       0x27 CMakeFiles/blink.dir/home/jake/pico-sdk/src/rp2_common/hardware_xosc/xosc.c.obj
 .comment       0x00000026       0x27 CMakeFiles/blink.dir/home/jake/pico-sdk/src/rp2_common/pico_runtime/runtime.c.obj
 .comment       0x00000026       0x27 CMakeFiles/blink.dir/home/jake/pico-sdk/src/rp2_common/pico_printf/printf.c.obj
 .comment       0x00000026       0x27 CMakeFiles/blink.dir/home/jake/pico-sdk/src/rp2_common/pico_bootrom/bootrom.c.obj
 .comment       0x00000026       0x27 CMakeFiles/blink.dir/home/jake/pico-sdk/src/rp2_common/pico_double/double_init_rom.c.obj
 .comment       0x00000026       0x27 CMakeFiles/blink.dir/home/jake/pico-sdk/src/rp2_common/pico_float/float_init_rom.c.obj
 .comment       0x00000026       0x27 CMakeFiles/blink.dir/home/jake/pico-sdk/src/rp2_common/pico_standard_link/binary_info.c.obj
 .comment       0x00000026       0x27 CMakeFiles/blink.dir/home/jake/pico-sdk/src/rp2_common/pico_stdio/stdio.c.obj
 .comment       0x00000026       0x33 /usr/lib/gcc/arm-none-eabi/12.2.1/../../../arm-none-eabi/lib/thumb/v6-m/nofp/libg.a(lib_a-strlen-stub.o)
                                 0x34 (size before relaxing)
 .comment       0x00000059       0x27 /usr/lib/gcc/arm-none-eabi/12.2.1/thumb/v6-m/nofp/crtend.o

.debug_info     0x00000000    0x122e4
 .debug_info    0x00000000      0x5bd CMakeFiles/blink.dir/src/blink.c.obj
 .debug_info    0x000005bd     0x164d CMakeFiles/blink.dir/home/jake/pico-sdk/src/rp2_common/hardware_gpio/gpio.c.obj
 .debug_info    0x00001c0a      0x1e3 CMakeFiles/blink.dir/home/jake/pico-sdk/src/rp2_common/pico_platform/platform.c.obj
 .debug_info    0x00001ded      0x67e CMakeFiles/blink.dir/home/jake/pico-sdk/src/rp2_common/hardware_claim/claim.c.obj
 .debug_info    0x0000246b      0x5c3 CMakeFiles/blink.dir/home/jake/pico-sdk/src/rp2_common/hardware_sync/sync.c.obj
 .debug_info    0x00002a2e     0x1bc4 CMakeFiles/blink.dir/home/jake/pico-sdk/src/rp2_common/hardware_irq/irq.c.obj
 .debug_info    0x000045f2      0x197 CMakeFiles/blink.dir/home/jake/pico-sdk/src/common/pico_sync/lock_core.c.obj
 .debug_info    0x00004789     0x1ce3 CMakeFiles/blink.dir/home/jake/pico-sdk/src/common/pico_sync/mutex.c.obj
 .debug_info    0x0000646c     0x33a9 CMakeFiles/blink.dir/home/jake/pico-sdk/src/common/pico_time/time.c.obj
 .debug_info    0x00009815     0x13ec CMakeFiles/blink.dir/home/jake/pico-sdk/src/rp2_common/hardware_timer/timer.c.obj
 .debug_info    0x0000ac01      0xe63 CMakeFiles/blink.dir/home/jake/pico-sdk/src/common/pico_util/pheap.c.obj
 .debug_info    0x0000ba64      0xf76 CMakeFiles/blink.dir/home/jake/pico-sdk/src/rp2_common/hardware_clocks/clocks.c.obj
 .debug_info    0x0000c9da      0x4ed CMakeFiles/blink.dir/home/jake/pico-sdk/src/rp2_common/hardware_pll/pll.c.obj
 .debug_info    0x0000cec7      0x4c5 CMakeFiles/blink.dir/home/jake/pico-sdk/src/rp2_common/hardware_watchdog/watchdog.c.obj
 .debug_info    0x0000d38c      0x1af CMakeFiles/blink.dir/home/jake/pico-sdk/src/rp2_common/hardware_xosc/xosc.c.obj
 .debug_info    0x0000d53b      0xeef CMakeFiles/blink.dir/home/jake/pico-sdk/src/rp2_common/pico_runtime/runtime.c.obj
 .debug_info    0x0000e42a     0x198a CMakeFiles/blink.dir/home/jake/pico-sdk/src/rp2_common/pico_printf/printf.c.obj
 .debug_info    0x0000fdb4       0x23 CMakeFiles/blink.dir/home/jake/pico-sdk/src/rp2_common/pico_bit_ops/bit_ops_aeabi.S.obj
 .debug_info    0x0000fdd7      0x301 CMakeFiles/blink.dir/home/jake/pico-sdk/src/rp2_common/pico_bootrom/bootrom.c.obj
 .debug_info    0x000100d8       0x23 CMakeFiles/blink.dir/home/jake/pico-sdk/src/rp2_common/pico_divider/divider.S.obj
 .debug_info    0x000100fb       0x23 CMakeFiles/blink.dir/home/jake/pico-sdk/src/rp2_common/pico_double/double_aeabi.S.obj
 .debug_info    0x0001011e      0x30b CMakeFiles/blink.dir/home/jake/pico-sdk/src/rp2_common/pico_double/double_init_rom.c.obj
 .debug_info    0x00010429       0x23 CMakeFiles/blink.dir/home/jake/pico-sdk/src/rp2_common/pico_double/double_v1_rom_shim.S.obj
 .debug_info    0x0001044c       0x24 CMakeFiles/blink.dir/home/jake/pico-sdk/src/rp2_common/pico_int64_ops/pico_int64_ops_aeabi.S.obj
 .debug_info    0x00010470       0x23 CMakeFiles/blink.dir/home/jake/pico-sdk/src/rp2_common/pico_float/float_aeabi.S.obj
 .debug_info    0x00010493      0x31f CMakeFiles/blink.dir/home/jake/pico-sdk/src/rp2_common/pico_float/float_init_rom.c.obj
 .debug_info    0x000107b2       0x23 CMakeFiles/blink.dir/home/jake/pico-sdk/src/rp2_common/pico_float/float_v1_rom_shim.S.obj
 .debug_info    0x000107d5       0x23 CMakeFiles/blink.dir/home/jake/pico-sdk/src/rp2_common/pico_mem_ops/mem_ops_aeabi.S.obj
 .debug_info    0x000107f8       0x23 CMakeFiles/blink.dir/home/jake/pico-sdk/src/rp2_common/pico_standard_link/crt0.S.obj
 .debug_info    0x0001081b      0x283 CMakeFiles/blink.dir/home/jake/pico-sdk/src/rp2_common/pico_standard_link/binary_info.c.obj
 .debug_info    0x00010a9e     0x171f CMakeFiles/blink.dir/home/jake/pico-sdk/src/rp2_common/pico_stdio/stdio.c.obj
 .debug_info    0x000121bd       0x39 /usr/lib/gcc/arm-none-eabi/12.2.1/thumb/v6-m/nofp/libgcc.a(_dvmd_tls.o)
 .debug_info    0x000121f6       0xee /usr/lib/gcc/arm-none-eabi/12.2.1/../../../arm-none-eabi/lib/thumb/v6-m/nofp/libg.a(lib_a-strlen-stub.o)

.debug_abbrev   0x00000000     0x3e1d
 .debug_abbrev  0x00000000      0x1b3 CMakeFiles/blink.dir/src/blink.c.obj
 .debug_abbrev  0x000001b3      0x361 CMakeFiles/blink.dir/home/jake/pico-sdk/src/rp2_common/hardware_gpio/gpio.c.obj
 .debug_abbrev  0x00000514       0xf8 CMakeFiles/blink.dir/home/jake/pico-sdk/src/rp2_common/pico_platform/platform.c.obj
 .debug_abbrev  0x0000060c      0x2d1 CMakeFiles/blink.dir/home/jake/pico-sdk/src/rp2_common/hardware_claim/claim.c.obj
 .debug_abbrev  0x000008dd      0x249 CMakeFiles/blink.dir/home/jake/pico-sdk/src/rp2_common/hardware_sync/sync.c.obj
 .debug_abbrev  0x00000b26      0x500 CMakeFiles/blink.dir/home/jake/pico-sdk/src/rp2_common/hardware_irq/irq.c.obj
 .debug_abbrev  0x00001026      0x116 CMakeFiles/blink.dir/home/jake/pico-sdk/src/common/pico_sync/lock_core.c.obj
 .debug_abbrev  0x0000113c      0x3ec CMakeFiles/blink.dir/home/jake/pico-sdk/src/common/pico_sync/mutex.c.obj
 .debug_abbrev  0x00001528      0x5c6 CMakeFiles/blink.dir/home/jake/pico-sdk/src/common/pico_time/time.c.obj
 .debug_abbrev  0x00001aee      0x3d5 CMakeFiles/blink.dir/home/jake/pico-sdk/src/rp2_common/hardware_timer/timer.c.obj
 .debug_abbrev  0x00001ec3      0x290 CMakeFiles/blink.dir/home/jake/pico-sdk/src/common/pico_util/pheap.c.obj
 .debug_abbrev  0x00002153      0x412 CMakeFiles/blink.dir/home/jake/pico-sdk/src/rp2_common/hardware_clocks/clocks.c.obj
 .debug_abbrev  0x00002565      0x1e7 CMakeFiles/blink.dir/home/jake/pico-sdk/src/rp2_common/hardware_pll/pll.c.obj
 .debug_abbrev  0x0000274c      0x1a8 CMakeFiles/blink.dir/home/jake/pico-sdk/src/rp2_common/hardware_watchdog/watchdog.c.obj
 .debug_abbrev  0x000028f4      0x10c CMakeFiles/blink.dir/home/jake/pico-sdk/src/rp2_common/hardware_xosc/xosc.c.obj
 .debug_abbrev  0x00002a00      0x51f CMakeFiles/blink.dir/home/jake/pico-sdk/src/rp2_common/pico_runtime/runtime.c.obj
 .debug_abbrev  0x00002f1f      0x38a CMakeFiles/blink.dir/home/jake/pico-sdk/src/rp2_common/pico_printf/printf.c.obj
 .debug_abbrev  0x000032a9       0x12 CMakeFiles/blink.dir/home/jake/pico-sdk/src/rp2_common/pico_bit_ops/bit_ops_aeabi.S.obj
 .debug_abbrev  0x000032bb      0x167 CMakeFiles/blink.dir/home/jake/pico-sdk/src/rp2_common/pico_bootrom/bootrom.c.obj
 .debug_abbrev  0x00003422       0x12 CMakeFiles/blink.dir/home/jake/pico-sdk/src/rp2_common/pico_divider/divider.S.obj
 .debug_abbrev  0x00003434       0x12 CMakeFiles/blink.dir/home/jake/pico-sdk/src/rp2_common/pico_double/double_aeabi.S.obj
 .debug_abbrev  0x00003446      0x1c3 CMakeFiles/blink.dir/home/jake/pico-sdk/src/rp2_common/pico_double/double_init_rom.c.obj
 .debug_abbrev  0x00003609       0x12 CMakeFiles/blink.dir/home/jake/pico-sdk/src/rp2_common/pico_double/double_v1_rom_shim.S.obj
 .debug_abbrev  0x0000361b       0x14 CMakeFiles/blink.dir/home/jake/pico-sdk/src/rp2_common/pico_int64_ops/pico_int64_ops_aeabi.S.obj
 .debug_abbrev  0x0000362f       0x12 CMakeFiles/blink.dir/home/jake/pico-sdk/src/rp2_common/pico_float/float_aeabi.S.obj
 .debug_abbrev  0x00003641      0x1c6 CMakeFiles/blink.dir/home/jake/pico-sdk/src/rp2_common/pico_float/float_init_rom.c.obj
 .debug_abbrev  0x00003807       0x12 CMakeFiles/blink.dir/home/jake/pico-sdk/src/rp2_common/pico_float/float_v1_rom_shim.S.obj
 .debug_abbrev  0x00003819       0x12 CMakeFiles/blink.dir/home/jake/pico-sdk/src/rp2_common/pico_mem_ops/mem_ops_aeabi.S.obj
 .debug_abbrev  0x0000382b       0x12 CMakeFiles/blink.dir/home/jake/pico-sdk/src/rp2_common/pico_standard_link/crt0.S.obj
 .debug_abbrev  0x0000383d       0xb8 CMakeFiles/blink.dir/home/jake/pico-sdk/src/rp2_common/pico_standard_link/binary_info.c.obj
 .debug_abbrev  0x000038f5      0x47a CMakeFiles/blink.dir/home/jake/pico-sdk/src/rp2_common/pico_stdio/stdio.c.obj
 .debug_abbrev  0x00003d6f       0x1f /usr/lib/gcc/arm-none-eabi/12.2.1/thumb/v6-m/nofp/libgcc.a(_dvmd_tls.o)
 .debug_abbrev  0x00003d8e       0x8f /usr/lib/gcc/arm-none-eabi/12.2.1/../../../arm-none-eabi/lib/thumb/v6-m/nofp/libg.a(lib_a-strlen-stub.o)

.debug_loclists
                0x00000000     0x70a7
 .debug_loclists
                0x00000000       0xa8 CMakeFiles/blink.dir/src/blink.c.obj
 .debug_loclists
                0x000000a8      0x968 CMakeFiles/blink.dir/home/jake/pico-sdk/src/rp2_common/hardware_gpio/gpio.c.obj
 .debug_loclists
                0x00000a10       0x9f CMakeFiles/blink.dir/home/jake/pico-sdk/src/rp2_common/pico_platform/platform.c.obj
 .debug_loclists
                0x00000aaf      0x27b CMakeFiles/blink.dir/home/jake/pico-sdk/src/rp2_common/hardware_claim/claim.c.obj
 .debug_loclists
                0x00000d2a      0x157 CMakeFiles/blink.dir/home/jake/pico-sdk/src/rp2_common/hardware_sync/sync.c.obj
 .debug_loclists
                0x00000e81      0xc84 CMakeFiles/blink.dir/home/jake/pico-sdk/src/rp2_common/hardware_irq/irq.c.obj
 .debug_loclists
                0x00001b05       0x4a CMakeFiles/blink.dir/home/jake/pico-sdk/src/common/pico_sync/lock_core.c.obj
 .debug_loclists
                0x00001b4f      0x9bf CMakeFiles/blink.dir/home/jake/pico-sdk/src/common/pico_sync/mutex.c.obj
 .debug_loclists
                0x0000250e     0x12a6 CMakeFiles/blink.dir/home/jake/pico-sdk/src/common/pico_time/time.c.obj
 .debug_loclists
                0x000037b4      0x63d CMakeFiles/blink.dir/home/jake/pico-sdk/src/rp2_common/hardware_timer/timer.c.obj
 .debug_loclists
                0x00003df1      0x690 CMakeFiles/blink.dir/home/jake/pico-sdk/src/common/pico_util/pheap.c.obj
 .debug_loclists
                0x00004481      0x4f6 CMakeFiles/blink.dir/home/jake/pico-sdk/src/rp2_common/hardware_clocks/clocks.c.obj
 .debug_loclists
                0x00004977      0x1e1 CMakeFiles/blink.dir/home/jake/pico-sdk/src/rp2_common/hardware_pll/pll.c.obj
 .debug_loclists
                0x00004b58      0x1c7 CMakeFiles/blink.dir/home/jake/pico-sdk/src/rp2_common/hardware_watchdog/watchdog.c.obj
 .debug_loclists
                0x00004d1f       0x48 CMakeFiles/blink.dir/home/jake/pico-sdk/src/rp2_common/hardware_xosc/xosc.c.obj
 .debug_loclists
                0x00004d67      0x36a CMakeFiles/blink.dir/home/jake/pico-sdk/src/rp2_common/pico_runtime/runtime.c.obj
 .debug_loclists
                0x000050d1     0x1640 CMakeFiles/blink.dir/home/jake/pico-sdk/src/rp2_common/pico_printf/printf.c.obj
 .debug_loclists
                0x00006711      0x12f CMakeFiles/blink.dir/home/jake/pico-sdk/src/rp2_common/pico_bootrom/bootrom.c.obj
 .debug_loclists
                0x00006840       0x41 CMakeFiles/blink.dir/home/jake/pico-sdk/src/rp2_common/pico_double/double_init_rom.c.obj
 .debug_loclists
                0x00006881       0x4f CMakeFiles/blink.dir/home/jake/pico-sdk/src/rp2_common/pico_float/float_init_rom.c.obj
 .debug_loclists
                0x000068d0      0x7d7 CMakeFiles/blink.dir/home/jake/pico-sdk/src/rp2_common/pico_stdio/stdio.c.obj

.debug_aranges  0x00000000      0xef8
 .debug_aranges
                0x00000000       0x20 CMakeFiles/blink.dir/src/blink.c.obj
 .debug_aranges
                0x00000020      0x100 CMakeFiles/blink.dir/home/jake/pico-sdk/src/rp2_common/hardware_gpio/gpio.c.obj
 .debug_aranges
                0x00000120       0x28 CMakeFiles/blink.dir/home/jake/pico-sdk/src/rp2_common/pico_platform/platform.c.obj
 .debug_aranges
                0x00000148       0x48 CMakeFiles/blink.dir/home/jake/pico-sdk/src/rp2_common/hardware_claim/claim.c.obj
 .debug_aranges
                0x00000190       0x58 CMakeFiles/blink.dir/home/jake/pico-sdk/src/rp2_common/hardware_sync/sync.c.obj
 .debug_aranges
                0x000001e8       0xd0 CMakeFiles/blink.dir/home/jake/pico-sdk/src/rp2_common/hardware_irq/irq.c.obj
 .debug_aranges
                0x000002b8       0x20 CMakeFiles/blink.dir/home/jake/pico-sdk/src/common/pico_sync/lock_core.c.obj
 .debug_aranges
                0x000002d8       0xc0 CMakeFiles/blink.dir/home/jake/pico-sdk/src/common/pico_sync/mutex.c.obj
 .debug_aranges
                0x00000398      0x158 CMakeFiles/blink.dir/home/jake/pico-sdk/src/common/pico_time/time.c.obj
 .debug_aranges
                0x000004f0       0x90 CMakeFiles/blink.dir/home/jake/pico-sdk/src/rp2_common/hardware_timer/timer.c.obj
 .debug_aranges
                0x00000580       0x80 CMakeFiles/blink.dir/home/jake/pico-sdk/src/common/pico_util/pheap.c.obj
 .debug_aranges
                0x00000600       0x70 CMakeFiles/blink.dir/home/jake/pico-sdk/src/rp2_common/hardware_clocks/clocks.c.obj
 .debug_aranges
                0x00000670       0x28 CMakeFiles/blink.dir/home/jake/pico-sdk/src/rp2_common/hardware_pll/pll.c.obj
 .debug_aranges
                0x00000698       0x58 CMakeFiles/blink.dir/home/jake/pico-sdk/src/rp2_common/hardware_watchdog/watchdog.c.obj
 .debug_aranges
                0x000006f0       0x30 CMakeFiles/blink.dir/home/jake/pico-sdk/src/rp2_common/hardware_xosc/xosc.c.obj
 .debug_aranges
                0x00000720       0x98 CMakeFiles/blink.dir/home/jake/pico-sdk/src/rp2_common/pico_runtime/runtime.c.obj
 .debug_aranges
                0x000007b8       0x90 CMakeFiles/blink.dir/home/jake/pico-sdk/src/rp2_common/pico_printf/printf.c.obj
 .debug_aranges
                0x00000848       0x68 CMakeFiles/blink.dir/home/jake/pico-sdk/src/rp2_common/pico_bit_ops/bit_ops_aeabi.S.obj
 .debug_aranges
                0x000008b0       0x30 CMakeFiles/blink.dir/home/jake/pico-sdk/src/rp2_common/pico_bootrom/bootrom.c.obj
 .debug_aranges
                0x000008e0       0x40 CMakeFiles/blink.dir/home/jake/pico-sdk/src/rp2_common/pico_divider/divider.S.obj
 .debug_aranges
                0x00000920      0x140 CMakeFiles/blink.dir/home/jake/pico-sdk/src/rp2_common/pico_double/double_aeabi.S.obj
 .debug_aranges
                0x00000a60       0x20 CMakeFiles/blink.dir/home/jake/pico-sdk/src/rp2_common/pico_double/double_init_rom.c.obj
 .debug_aranges
                0x00000a80       0xc8 CMakeFiles/blink.dir/home/jake/pico-sdk/src/rp2_common/pico_double/double_v1_rom_shim.S.obj
 .debug_aranges
                0x00000b48       0x20 CMakeFiles/blink.dir/home/jake/pico-sdk/src/rp2_common/pico_int64_ops/pico_int64_ops_aeabi.S.obj
 .debug_aranges
                0x00000b68      0x130 CMakeFiles/blink.dir/home/jake/pico-sdk/src/rp2_common/pico_float/float_aeabi.S.obj
 .debug_aranges
                0x00000c98       0x20 CMakeFiles/blink.dir/home/jake/pico-sdk/src/rp2_common/pico_float/float_init_rom.c.obj
 .debug_aranges
                0x00000cb8       0x50 CMakeFiles/blink.dir/home/jake/pico-sdk/src/rp2_common/pico_float/float_v1_rom_shim.S.obj
 .debug_aranges
                0x00000d08       0x38 CMakeFiles/blink.dir/home/jake/pico-sdk/src/rp2_common/pico_mem_ops/mem_ops_aeabi.S.obj
 .debug_aranges
                0x00000d40       0x28 CMakeFiles/blink.dir/home/jake/pico-sdk/src/rp2_common/pico_standard_link/crt0.S.obj
 .debug_aranges
                0x00000d68       0x18 CMakeFiles/blink.dir/home/jake/pico-sdk/src/rp2_common/pico_standard_link/binary_info.c.obj
 .debug_aranges
                0x00000d80      0x138 CMakeFiles/blink.dir/home/jake/pico-sdk/src/rp2_common/pico_stdio/stdio.c.obj
 .debug_aranges
                0x00000eb8       0x20 /usr/lib/gcc/arm-none-eabi/12.2.1/thumb/v6-m/nofp/libgcc.a(_dvmd_tls.o)
 .debug_aranges
                0x00000ed8       0x20 /usr/lib/gcc/arm-none-eabi/12.2.1/../../../arm-none-eabi/lib/thumb/v6-m/nofp/libg.a(lib_a-strlen-stub.o)

.debug_rnglists
                0x00000000      0xca2
 .debug_rnglists
                0x00000000       0x13 CMakeFiles/blink.dir/src/blink.c.obj
 .debug_rnglists
                0x00000013       0xec CMakeFiles/blink.dir/home/jake/pico-sdk/src/rp2_common/hardware_gpio/gpio.c.obj
 .debug_rnglists
                0x000000ff       0x19 CMakeFiles/blink.dir/home/jake/pico-sdk/src/rp2_common/pico_platform/platform.c.obj
 .debug_rnglists
                0x00000118       0x31 CMakeFiles/blink.dir/home/jake/pico-sdk/src/rp2_common/hardware_claim/claim.c.obj
 .debug_rnglists
                0x00000149       0x3d CMakeFiles/blink.dir/home/jake/pico-sdk/src/rp2_common/hardware_sync/sync.c.obj
 .debug_rnglists
                0x00000186       0xf0 CMakeFiles/blink.dir/home/jake/pico-sdk/src/rp2_common/hardware_irq/irq.c.obj
 .debug_rnglists
                0x00000276       0x13 CMakeFiles/blink.dir/home/jake/pico-sdk/src/common/pico_sync/lock_core.c.obj
 .debug_rnglists
                0x00000289       0xcf CMakeFiles/blink.dir/home/jake/pico-sdk/src/common/pico_sync/mutex.c.obj
 .debug_rnglists
                0x00000358      0x179 CMakeFiles/blink.dir/home/jake/pico-sdk/src/common/pico_time/time.c.obj
 .debug_rnglists
                0x000004d1       0x6a CMakeFiles/blink.dir/home/jake/pico-sdk/src/rp2_common/hardware_timer/timer.c.obj
 .debug_rnglists
                0x0000053b       0x8e CMakeFiles/blink.dir/home/jake/pico-sdk/src/common/pico_util/pheap.c.obj
 .debug_rnglists
                0x000005c9       0x52 CMakeFiles/blink.dir/home/jake/pico-sdk/src/rp2_common/hardware_clocks/clocks.c.obj
 .debug_rnglists
                0x0000061b       0x1a CMakeFiles/blink.dir/home/jake/pico-sdk/src/rp2_common/hardware_pll/pll.c.obj
 .debug_rnglists
                0x00000635       0x3d CMakeFiles/blink.dir/home/jake/pico-sdk/src/rp2_common/hardware_watchdog/watchdog.c.obj
 .debug_rnglists
                0x00000672       0x1f CMakeFiles/blink.dir/home/jake/pico-sdk/src/rp2_common/hardware_xosc/xosc.c.obj
 .debug_rnglists
                0x00000691       0x7a CMakeFiles/blink.dir/home/jake/pico-sdk/src/rp2_common/pico_runtime/runtime.c.obj
 .debug_rnglists
                0x0000070b       0xc2 CMakeFiles/blink.dir/home/jake/pico-sdk/src/rp2_common/pico_printf/printf.c.obj
 .debug_rnglists
                0x000007cd       0x49 CMakeFiles/blink.dir/home/jake/pico-sdk/src/rp2_common/pico_bit_ops/bit_ops_aeabi.S.obj
 .debug_rnglists
                0x00000816       0x2b CMakeFiles/blink.dir/home/jake/pico-sdk/src/rp2_common/pico_bootrom/bootrom.c.obj
 .debug_rnglists
                0x00000841       0x2c CMakeFiles/blink.dir/home/jake/pico-sdk/src/rp2_common/pico_divider/divider.S.obj
 .debug_rnglists
                0x0000086d       0xed CMakeFiles/blink.dir/home/jake/pico-sdk/src/rp2_common/pico_double/double_aeabi.S.obj
 .debug_rnglists
                0x0000095a       0x21 CMakeFiles/blink.dir/home/jake/pico-sdk/src/rp2_common/pico_double/double_init_rom.c.obj
 .debug_rnglists
                0x0000097b       0x99 CMakeFiles/blink.dir/home/jake/pico-sdk/src/rp2_common/pico_double/double_v1_rom_shim.S.obj
 .debug_rnglists
                0x00000a14       0xdf CMakeFiles/blink.dir/home/jake/pico-sdk/src/rp2_common/pico_float/float_aeabi.S.obj
 .debug_rnglists
                0x00000af3       0x20 CMakeFiles/blink.dir/home/jake/pico-sdk/src/rp2_common/pico_float/float_init_rom.c.obj
 .debug_rnglists
                0x00000b13       0x38 CMakeFiles/blink.dir/home/jake/pico-sdk/src/rp2_common/pico_float/float_v1_rom_shim.S.obj
 .debug_rnglists
                0x00000b4b       0x25 CMakeFiles/blink.dir/home/jake/pico-sdk/src/rp2_common/pico_mem_ops/mem_ops_aeabi.S.obj
 .debug_rnglists
                0x00000b70       0x1b CMakeFiles/blink.dir/home/jake/pico-sdk/src/rp2_common/pico_standard_link/crt0.S.obj
 .debug_rnglists
                0x00000b8b      0x117 CMakeFiles/blink.dir/home/jake/pico-sdk/src/rp2_common/pico_stdio/stdio.c.obj

.debug_line     0x00000000     0xb76c
 .debug_line    0x00000000      0x2e3 CMakeFiles/blink.dir/src/blink.c.obj
 .debug_line    0x000002e3      0xae2 CMakeFiles/blink.dir/home/jake/pico-sdk/src/rp2_common/hardware_gpio/gpio.c.obj
 .debug_line    0x00000dc5      0x1cd CMakeFiles/blink.dir/home/jake/pico-sdk/src/rp2_common/pico_platform/platform.c.obj
 .debug_line    0x00000f92      0x399 CMakeFiles/blink.dir/home/jake/pico-sdk/src/rp2_common/hardware_claim/claim.c.obj
 .debug_line    0x0000132b      0x39e CMakeFiles/blink.dir/home/jake/pico-sdk/src/rp2_common/hardware_sync/sync.c.obj
 .debug_line    0x000016c9      0xe7a CMakeFiles/blink.dir/home/jake/pico-sdk/src/rp2_common/hardware_irq/irq.c.obj
 .debug_line    0x00002543      0x18d CMakeFiles/blink.dir/home/jake/pico-sdk/src/common/pico_sync/lock_core.c.obj
 .debug_line    0x000026d0      0xeef CMakeFiles/blink.dir/home/jake/pico-sdk/src/common/pico_sync/mutex.c.obj
 .debug_line    0x000035bf     0x1685 CMakeFiles/blink.dir/home/jake/pico-sdk/src/common/pico_time/time.c.obj
 .debug_line    0x00004c44      0xaa0 CMakeFiles/blink.dir/home/jake/pico-sdk/src/rp2_common/hardware_timer/timer.c.obj
 .debug_line    0x000056e4      0x6a3 CMakeFiles/blink.dir/home/jake/pico-sdk/src/common/pico_util/pheap.c.obj
 .debug_line    0x00005d87      0x8a3 CMakeFiles/blink.dir/home/jake/pico-sdk/src/rp2_common/hardware_clocks/clocks.c.obj
 .debug_line    0x0000662a      0x47a CMakeFiles/blink.dir/home/jake/pico-sdk/src/rp2_common/hardware_pll/pll.c.obj
 .debug_line    0x00006aa4      0x398 CMakeFiles/blink.dir/home/jake/pico-sdk/src/rp2_common/hardware_watchdog/watchdog.c.obj
 .debug_line    0x00006e3c      0x20c CMakeFiles/blink.dir/home/jake/pico-sdk/src/rp2_common/hardware_xosc/xosc.c.obj
 .debug_line    0x00007048      0x989 CMakeFiles/blink.dir/home/jake/pico-sdk/src/rp2_common/pico_runtime/runtime.c.obj
 .debug_line    0x000079d1     0x1167 CMakeFiles/blink.dir/home/jake/pico-sdk/src/rp2_common/pico_printf/printf.c.obj
 .debug_line    0x00008b38      0x11a CMakeFiles/blink.dir/home/jake/pico-sdk/src/rp2_common/pico_bit_ops/bit_ops_aeabi.S.obj
 .debug_line    0x00008c52      0x1d6 CMakeFiles/blink.dir/home/jake/pico-sdk/src/rp2_common/pico_bootrom/bootrom.c.obj
 .debug_line    0x00008e28      0x2a9 CMakeFiles/blink.dir/home/jake/pico-sdk/src/rp2_common/pico_divider/divider.S.obj
 .debug_line    0x000090d1      0x3fa CMakeFiles/blink.dir/home/jake/pico-sdk/src/rp2_common/pico_double/double_aeabi.S.obj
 .debug_line    0x000094cb      0x284 CMakeFiles/blink.dir/home/jake/pico-sdk/src/rp2_common/pico_double/double_init_rom.c.obj
 .debug_line    0x0000974f      0x66c CMakeFiles/blink.dir/home/jake/pico-sdk/src/rp2_common/pico_double/double_v1_rom_shim.S.obj
 .debug_line    0x00009dbb       0x61 CMakeFiles/blink.dir/home/jake/pico-sdk/src/rp2_common/pico_int64_ops/pico_int64_ops_aeabi.S.obj
 .debug_line    0x00009e1c      0x3b2 CMakeFiles/blink.dir/home/jake/pico-sdk/src/rp2_common/pico_float/float_aeabi.S.obj
 .debug_line    0x0000a1ce      0x287 CMakeFiles/blink.dir/home/jake/pico-sdk/src/rp2_common/pico_float/float_init_rom.c.obj
 .debug_line    0x0000a455      0x198 CMakeFiles/blink.dir/home/jake/pico-sdk/src/rp2_common/pico_float/float_v1_rom_shim.S.obj
 .debug_line    0x0000a5ed       0x94 CMakeFiles/blink.dir/home/jake/pico-sdk/src/rp2_common/pico_mem_ops/mem_ops_aeabi.S.obj
 .debug_line    0x0000a681       0xa5 CMakeFiles/blink.dir/home/jake/pico-sdk/src/rp2_common/pico_standard_link/crt0.S.obj
 .debug_line    0x0000a726      0x133 CMakeFiles/blink.dir/home/jake/pico-sdk/src/rp2_common/pico_standard_link/binary_info.c.obj
 .debug_line    0x0000a859      0xd57 CMakeFiles/blink.dir/home/jake/pico-sdk/src/rp2_common/pico_stdio/stdio.c.obj
 .debug_line    0x0000b5b0       0x4a /usr/lib/gcc/arm-none-eabi/12.2.1/thumb/v6-m/nofp/libgcc.a(_dvmd_tls.o)
 .debug_line    0x0000b5fa      0x172 /usr/lib/gcc/arm-none-eabi/12.2.1/../../../arm-none-eabi/lib/thumb/v6-m/nofp/libg.a(lib_a-strlen-stub.o)

.debug_str      0x00000000     0x3434
 .debug_str     0x00000000      0x36a CMakeFiles/blink.dir/src/blink.c.obj
                                0x3bc (size before relaxing)
 .debug_str     0x0000036a      0x5ea CMakeFiles/blink.dir/home/jake/pico-sdk/src/rp2_common/hardware_gpio/gpio.c.obj
                                0x963 (size before relaxing)
 .debug_str     0x00000954       0x7a CMakeFiles/blink.dir/home/jake/pico-sdk/src/rp2_common/pico_platform/platform.c.obj
                                0x1f7 (size before relaxing)