Archive member included to satisfy reference by file (symbol)

/usr/lib/gcc/arm-none-eabi/12.2.1/thumb/v6-m/nofp/libgcc.a(_dvmd_tls.o)
                              CMakeFiles/multicore.dir/home/jake/pico-sdk/src/rp2_common/pico_divider/divider.S.obj (__aeabi_idiv0)
/usr/lib/gcc/arm-none-eabi/12.2.1/../../../arm-none-eabi/lib/thumb/v6-m/nofp/libg.a(lib_a-atexit.o)
                              /usr/lib/gcc/arm-none-eabi/12.2.1/../../../arm-none-eabi/lib/thumb/v6-m/nofp/crt0.o (atexit)
/usr/lib/gcc/arm-none-eabi/12.2.1/../../../arm-none-eabi/lib/thumb/v6-m/nofp/libg.a(lib_a-calloc.o)
                              CMakeFiles/multicore.dir/home/jake/pico-sdk/src/rp2_common/pico_malloc/pico_malloc.c.obj (calloc)
/usr/lib/gcc/arm-none-eabi/12.2.1/../../../arm-none-eabi/lib/thumb/v6-m/nofp/libg.a(lib_a-callocr.o)
                              /usr/lib/gcc/arm-none-eabi/12.2.1/../../../arm-none-eabi/lib/thumb/v6-m/nofp/libg.a(lib_a-calloc.o) (_calloc_r)
/usr/lib/gcc/arm-none-eabi/12.2.1/../../../arm-none-eabi/lib/thumb/v6-m/nofp/libg.a(lib_a-fini.o)
                              /usr/lib/gcc/arm-none-eabi/12.2.1/../../../arm-none-eabi/lib/thumb/v6-m/nofp/crt0.o (__libc_fini_array)
/usr/lib/gcc/arm-none-eabi/12.2.1/../../../arm-none-eabi/lib/thumb/v6-m/nofp/libg.a(lib_a-impure.o)
                              /usr/lib/gcc/arm-none-eabi/12.2.1/../../../arm-none-eabi/lib/thumb/v6-m/nofp/libg.a(lib_a-calloc.o) (_impure_ptr)
/usr/lib/gcc/arm-none-eabi/12.2.1/../../../arm-none-eabi/lib/thumb/v6-m/nofp/libg.a(lib_a-init.o)
                              /usr/lib/gcc/arm-none-eabi/12.2.1/../../../arm-none-eabi/lib/thumb/v6-m/nofp/crt0.o (__libc_init_array)
/usr/lib/gcc/arm-none-eabi/12.2.1/../../../arm-none-eabi/lib/thumb/v6-m/nofp/libg.a(lib_a-malloc.o)
                              CMakeFiles/multicore.dir/home/jake/pico-sdk/src/rp2_common/pico_malloc/pico_malloc.c.obj (malloc)
/usr/lib/gcc/arm-none-eabi/12.2.1/../../../arm-none-eabi/lib/thumb/v6-m/nofp/libg.a(lib_a-mallocr.o)
                              /usr/lib/gcc/arm-none-eabi/12.2.1/../../../arm-none-eabi/lib/thumb/v6-m/nofp/libg.a(lib_a-callocr.o) (_malloc_r)
/usr/lib/gcc/arm-none-eabi/12.2.1/../../../arm-none-eabi/lib/thumb/v6-m/nofp/libg.a(lib_a-mlock.o)
                              /usr/lib/gcc/arm-none-eabi/12.2.1/../../../arm-none-eabi/lib/thumb/v6-m/nofp/libg.a(lib_a-mallocr.o) (__malloc_lock)
/usr/lib/gcc/arm-none-eabi/12.2.1/../../../arm-none-eabi/lib/thumb/v6-m/nofp/libg.a(lib_a-realloc.o)
                              CMakeFiles/multicore.dir/home/jake/pico-sdk/src/rp2_common/pico_malloc/pico_malloc.c.obj (realloc)
/usr/lib/gcc/arm-none-eabi/12.2.1/../../../arm-none-eabi/lib/thumb/v6-m/nofp/libg.a(lib_a-reallocr.o)
                              /usr/lib/gcc/arm-none-eabi/12.2.1/../../../arm-none-eabi/lib/thumb/v6-m/nofp/libg.a(lib_a-realloc.o) (_realloc_r)
/usr/lib/gcc/arm-none-eabi/12.2.1/../../../arm-none-eabi/lib/thumb/v6-m/nofp/libg.a(lib_a-sbrkr.o)
                              /usr/lib/gcc/arm-none-eabi/12.2.1/../../../arm-none-eabi/lib/thumb/v6-m/nofp/libg.a(lib_a-mallocr.o) (_sbrk_r)
/usr/lib/gcc/arm-none-eabi/12.2.1/../../../arm-none-eabi/lib/thumb/v6-m/nofp/libg.a(lib_a-strlen-stub.o)
                              CMakeFiles/multicore.dir/home/jake/pico-sdk/src/rp2_common/pico_stdio/stdio.c.obj (strlen)
/usr/lib/gcc/arm-none-eabi/12.2.1/../../../arm-none-eabi/lib/thumb/v6-m/nofp/libg.a(lib_a-__atexit.o)
                              /usr/lib/gcc/arm-none-eabi/12.2.1/../../../arm-none-eabi/lib/thumb/v6-m/nofp/libg.a(lib_a-atexit.o) (__register_exitproc)
/usr/lib/gcc/arm-none-eabi/12.2.1/../../../arm-none-eabi/lib/thumb/v6-m/nofp/libg.a(lib_a-freer.o)
                              /usr/lib/gcc/arm-none-eabi/12.2.1/../../../arm-none-eabi/lib/thumb/v6-m/nofp/libg.a(lib_a-malloc.o) (_free_r)
/usr/lib/gcc/arm-none-eabi/12.2.1/../../../arm-none-eabi/lib/thumb/v6-m/nofp/libg.a(lib_a-memmove.o)
                              /usr/lib/gcc/arm-none-eabi/12.2.1/../../../arm-none-eabi/lib/thumb/v6-m/nofp/libg.a(lib_a-reallocr.o) (memmove)
/usr/lib/gcc/arm-none-eabi/12.2.1/../../../arm-none-eabi/lib/thumb/v6-m/nofp/libg.a(lib_a-reent.o)
                              /usr/lib/gcc/arm-none-eabi/12.2.1/../../../arm-none-eabi/lib/thumb/v6-m/nofp/libg.a(lib_a-sbrkr.o) (errno)

Discarded input sections

 .text          0x00000000        0x0 /usr/lib/gcc/arm-none-eabi/12.2.1/thumb/v6-m/nofp/crti.o
 .data          0x00000000        0x0 /usr/lib/gcc/arm-none-eabi/12.2.1/thumb/v6-m/nofp/crti.o
 .bss           0x00000000        0x0 /usr/lib/gcc/arm-none-eabi/12.2.1/thumb/v6-m/nofp/crti.o
 .data          0x00000000        0x4 /usr/lib/gcc/arm-none-eabi/12.2.1/thumb/v6-m/nofp/crtbegin.o
 .rodata        0x00000000       0x24 /usr/lib/gcc/arm-none-eabi/12.2.1/thumb/v6-m/nofp/crtbegin.o
 .fini_array    0x00000000        0x4 /usr/lib/gcc/arm-none-eabi/12.2.1/thumb/v6-m/nofp/crtbegin.o
[...]
Memory Configuration

Name             Origin             Length             Attributes
FLASH            0x10000000         0x00200000         xr
RAM              0x20000000         0x00040000         xrw
SCRATCH_X        0x20040000         0x00001000         xrw
SCRATCH_Y        0x20041000         0x00001000         xrw
*default*        0x00000000         0xffffffff

Linker script and memory map

LOAD /usr/lib/gcc/arm-none-eabi/12.2.1/thumb/v6-m/nofp/crti.o
LOAD /usr/lib/gcc/arm-none-eabi/12.2.1/thumb/v6-m/nofp/crtbegin.o
LOAD /usr/lib/gcc/arm-none-eabi/12.2.1/../../../arm-none-eabi/lib/thumb/v6-m/nofp/crt0.o

.flash_begin    0x10000000        0x0
                0x10000000                        __flash_binary_start = .

.boot2          0x10000000      0x100
                0x10000000                        __boot2_start__ = .
 *(.boot2)
 .boot2         0x10000000      0x100 /tmp/cca5W7SD.o
                0x10000100                        __boot2_end__ = .
                0x00000001                        ASSERT (((__boot2_end__ - __boot2_start__) == 0x100), ERROR: Pico second stage bootloader must be 256 bytes in size)

.text           0x10000100     0x6ea0
                0x10000100                        __logical_binary_start = .
 *(.vectors)
 .vectors       0x10000100       0xd4 CMakeFiles/multicore.dir/home/jake/pico-sdk/src/rp2_common/pico_standard_link/crt0.S.obj
                0x10000100                __vectors
                0x10000100                __VECTOR_TABLE
                0x100001c0                isr_invalid
                0x100001c0                __default_isrs_start
                0x100001c2                isr_nmi
                0x100001c4                isr_hardfault
                0x100001c6                isr_svcall
                0x100001c8                isr_pendsv
                0x100001ca                isr_systick
                0x100001cc                isr_irq30
                0x100001cc                __unhandled_user_irq
                0x100001cc                isr_irq13
                0x100001cc                isr_irq27
                0x100001cc                isr_irq31
                0x100001cc                isr_irq5
                0x100001cc                isr_irq11
                0x100001cc                isr_irq23
                0x100001cc                isr_irq18
                0x100001cc                isr_irq28
                0x100001cc                isr_irq19
                0x100001cc                isr_irq0
                0x100001cc                isr_irq6
                0x100001cc                isr_irq22
                0x100001cc                isr_irq17
                0x100001cc                isr_irq14
                0x100001cc                isr_irq2
                0x100001cc                isr_irq10
                0x100001cc                isr_irq8
                0x100001cc                isr_irq24
                0x100001cc                isr_irq1
                0x100001cc                isr_irq7
                0x100001cc                isr_irq21
                0x100001cc                isr_irq20
                0x100001cc                isr_irq15
                0x100001cc                isr_irq25
                0x100001cc                isr_irq4
                0x100001cc                isr_irq16
                0x100001cc                isr_irq29
                0x100001cc                isr_irq26
                0x100001cc                __default_isrs_end
                0x100001cc                isr_irq3
                0x100001cc                isr_irq12
                0x100001cc                isr_irq9
                0x100001d2                unhandled_user_irq_num_in_r0
 *(.binary_info_header)
 .binary_info_header
                0x100001d4       0x14 CMakeFiles/multicore.dir/home/jake/pico-sdk/src/rp2_common/pico_standard_link/crt0.S.obj
                0x100001e8                        __binary_info_header_end = .
 *(.reset)
 .reset         0x100001e8       0xa0 CMakeFiles/multicore.dir/home/jake/pico-sdk/src/rp2_common/pico_standard_link/crt0.S.obj
                0x100001e8                _entry_point
 .reset         0x10000288       0x30 CMakeFiles/multicore.dir/home/jake/pico-sdk/src/rp2_common/pico_standard_link/binary_info.c.obj
 *(.init)
 .init          0x100002b8        0x4 /usr/lib/gcc/arm-none-eabi/12.2.1/thumb/v6-m/nofp/crti.o
                0x100002b8                _init
 *(EXCLUDE_FILE(*libm.a: *libc.a:*lib_a-mem*.o *libgcc.a:) .text*)
 .text          0x100002bc       0x98 /usr/lib/gcc/arm-none-eabi/12.2.1/thumb/v6-m/nofp/crtbegin.o
 .text.core1_entry
                0x10000354       0x20 CMakeFiles/multicore.dir/src/multicore.c.obj
                0x10000354                core1_entry
 .text.core1_interrupt_handler
                0x10000374       0x78 CMakeFiles/multicore.dir/src/multicore.c.obj
                0x10000374                core1_interrupt_handler
 .text.main     0x100003ec       0x60 CMakeFiles/multicore.dir/src/multicore.c.obj
                0x100003ec                main
 .text.core1_trampoline
                0x1000044c        0x2 CMakeFiles/multicore.dir/home/jake/pico-sdk/src/rp2_common/pico_multicore/multicore.c.obj
 .text.core1_wrapper
                0x1000044e        0xc CMakeFiles/multicore.dir/home/jake/pico-sdk/src/rp2_common/pico_multicore/multicore.c.obj
                0x1000044e                core1_wrapper
 .text.multicore_fifo_push_blocking
                0x1000045a       0x14 CMakeFiles/multicore.dir/home/jake/pico-sdk/src/rp2_common/pico_multicore/multicore.c.obj
                0x1000045a                multicore_fifo_push_blocking
 .text.multicore_fifo_pop_blocking
                0x1000046e       0x16 CMakeFiles/multicore.dir/home/jake/pico-sdk/src/rp2_common/pico_multicore/multicore.c.obj
                0x1000046e                multicore_fifo_pop_blocking
 .text.multicore_launch_core1_raw
                0x10000484       0x70 CMakeFiles/multicore.dir/home/jake/pico-sdk/src/rp2_common/pico_multicore/multicore.c.obj
                0x10000484                multicore_launch_core1_raw
 .text.multicore_launch_core1_with_stack
                0x100004f4       0x50 CMakeFiles/multicore.dir/home/jake/pico-sdk/src/rp2_common/pico_multicore/multicore.c.obj
                0x100004f4                multicore_launch_core1_with_stack
 .text.multicore_launch_core1
                0x10000544       0x24 CMakeFiles/multicore.dir/home/jake/pico-sdk/src/rp2_common/pico_multicore/multicore.c.obj
                0x10000544                multicore_launch_core1
 .text.lock_init
                0x10000568       0x10 CMakeFiles/multicore.dir/home/jake/pico-sdk/src/common/pico_sync/lock_core.c.obj
                0x10000568                lock_init
 .text.update_us_since_boot
                0x10000578       0x24 CMakeFiles/multicore.dir/home/jake/pico-sdk/src/common/pico_sync/mutex.c.obj
 .text.delayed_by_ms
                0x1000059c       0x44 CMakeFiles/multicore.dir/home/jake/pico-sdk/src/common/pico_sync/mutex.c.obj
 .text.get_absolute_time
                0x100005e0       0x22 CMakeFiles/multicore.dir/home/jake/pico-sdk/src/common/pico_sync/mutex.c.obj
 .text.make_timeout_time_ms
                0x10000602       0x20 CMakeFiles/multicore.dir/home/jake/pico-sdk/src/common/pico_sync/mutex.c.obj
 .text.mutex_init
                0x10000622       0x1a CMakeFiles/multicore.dir/home/jake/pico-sdk/src/common/pico_sync/mutex.c.obj
                0x10000622                mutex_init
 .text.recursive_mutex_init
                0x1000063c       0x1e CMakeFiles/multicore.dir/home/jake/pico-sdk/src/common/pico_sync/mutex.c.obj
                0x1000063c                recursive_mutex_init
 *fill*         0x1000065a        0x2 
 .text.critical_section_init_with_lock_num
                0x1000065c       0x14 CMakeFiles/multicore.dir/home/jake/pico-sdk/src/common/pico_sync/critical_section.c.obj
                0x1000065c                critical_section_init_with_lock_num
 .text.critical_section_init
                0x10000670       0x14 CMakeFiles/multicore.dir/home/jake/pico-sdk/src/common/pico_sync/critical_section.c.obj
                0x10000670                critical_section_init
 .text.time_reached
                0x10000684       0x28 CMakeFiles/multicore.dir/home/jake/pico-sdk/src/common/pico_time/time.c.obj
 .text.get_entry
                0x100006ac       0x38 CMakeFiles/multicore.dir/home/jake/pico-sdk/src/common/pico_time/time.c.obj
 .text.timer_pool_entry_comparator
                0x100006e4       0x2e CMakeFiles/multicore.dir/home/jake/pico-sdk/src/common/pico_time/time.c.obj
                0x100006e4                timer_pool_entry_comparator
 *fill*         0x10000712        0x2 
 .text.update_us_since_boot
                0x10000714       0x24 CMakeFiles/multicore.dir/home/jake/pico-sdk/src/common/pico_time/time.c.obj
 .text.delayed_by_us
                0x10000738       0x34 CMakeFiles/multicore.dir/home/jake/pico-sdk/src/common/pico_time/time.c.obj
 .text.ph_get_node
                0x1000076c       0x30 CMakeFiles/multicore.dir/home/jake/pico-sdk/src/common/pico_time/time.c.obj
 .text.ph_contains_node
                0x1000079c       0x1e CMakeFiles/multicore.dir/home/jake/pico-sdk/src/common/pico_time/time.c.obj
 .text.ph_new_node
                0x100007ba       0x28 CMakeFiles/multicore.dir/home/jake/pico-sdk/src/common/pico_time/time.c.obj
 *fill*         0x100007e2        0x2 
 .text.ph_add_child_node
                0x100007e4       0x6c CMakeFiles/multicore.dir/home/jake/pico-sdk/src/common/pico_time/time.c.obj
 .text.ph_merge_nodes
                0x10000850       0x3e CMakeFiles/multicore.dir/home/jake/pico-sdk/src/common/pico_time/time.c.obj
 *fill*         0x1000088e        0x2 
 .text.ph_insert_node
                0x10000890       0x3c CMakeFiles/multicore.dir/home/jake/pico-sdk/src/common/pico_time/time.c.obj
 .text.ph_free_node
                0x100008cc       0x5c CMakeFiles/multicore.dir/home/jake/pico-sdk/src/common/pico_time/time.c.obj
 .text.get_entry_id_high
                0x10000928       0x30 CMakeFiles/multicore.dir/home/jake/pico-sdk/src/common/pico_time/time.c.obj
 .text.alarm_pool_post_alloc_init
                0x10000958       0x40 CMakeFiles/multicore.dir/home/jake/pico-sdk/src/common/pico_time/time.c.obj
 .text.sleep_until_callback
                0x10000998       0x30 CMakeFiles/multicore.dir/home/jake/pico-sdk/src/common/pico_time/time.c.obj
 .text.get_absolute_time
                0x100009c8       0x22 CMakeFiles/multicore.dir/home/jake/pico-sdk/src/common/pico_time/time.c.obj
 .text.make_timeout_time_us
                0x100009ea       0x24 CMakeFiles/multicore.dir/home/jake/pico-sdk/src/common/pico_time/time.c.obj
 *fill*         0x10000a0e        0x2 
 .text.add_alarm_under_lock
                0x10000a10       0x94 CMakeFiles/multicore.dir/home/jake/pico-sdk/src/common/pico_time/time.c.obj
 .text.alarm_pool_alarm_callback
                0x10000aa4      0x20c CMakeFiles/multicore.dir/home/jake/pico-sdk/src/common/pico_time/time.c.obj
 .text.alarm_pool_init_default
                0x10000cb0       0x40 CMakeFiles/multicore.dir/home/jake/pico-sdk/src/common/pico_time/time.c.obj
                0x10000cb0                alarm_pool_init_default
 .text.alarm_pool_get_default
                0x10000cf0       0x2c CMakeFiles/multicore.dir/home/jake/pico-sdk/src/common/pico_time/time.c.obj
                0x10000cf0                alarm_pool_get_default
 .text.alarm_pool_add_alarm_at
                0x10000d1c      0x10e CMakeFiles/multicore.dir/home/jake/pico-sdk/src/common/pico_time/time.c.obj
                0x10000d1c                alarm_pool_add_alarm_at
 .text.add_alarm_at
                0x10000e2a       0x2e CMakeFiles/multicore.dir/home/jake/pico-sdk/src/common/pico_time/time.c.obj
 .text.alarm_pool_cancel_alarm
                0x10000e58       0xa0 CMakeFiles/multicore.dir/home/jake/pico-sdk/src/common/pico_time/time.c.obj
                0x10000e58                alarm_pool_cancel_alarm
 .text.cancel_alarm
                0x10000ef8       0x10 CMakeFiles/multicore.dir/home/jake/pico-sdk/src/common/pico_time/time.c.obj
 .text.alarm_pool_core_num
                0x10000f08        0x4 CMakeFiles/multicore.dir/home/jake/pico-sdk/src/common/pico_time/time.c.obj
                0x10000f08                alarm_pool_core_num
 .text.sleep_until
                0x10000f0c       0xb0 CMakeFiles/multicore.dir/home/jake/pico-sdk/src/common/pico_time/time.c.obj
                0x10000f0c                sleep_until
 .text.sleep_us
                0x10000fbc       0x1a CMakeFiles/multicore.dir/home/jake/pico-sdk/src/common/pico_time/time.c.obj
                0x10000fbc                sleep_us
 .text.sleep_ms
                0x10000fd6       0x14 CMakeFiles/multicore.dir/home/jake/pico-sdk/src/common/pico_time/time.c.obj
                0x10000fd6                sleep_ms
 *fill*         0x10000fea        0x2 
 .text.best_effort_wfe_or_timeout
                0x10000fec       0x44 CMakeFiles/multicore.dir/home/jake/pico-sdk/src/common/pico_time/time.c.obj
                0x10000fec                best_effort_wfe_or_timeout
 .text.hardware_alarm_irq_handler
                0x10001030       0x8c CMakeFiles/multicore.dir/home/jake/pico-sdk/src/rp2_common/hardware_timer/timer.c.obj
 .text.hardware_alarm_claim
                0x100010bc       0x18 CMakeFiles/multicore.dir/home/jake/pico-sdk/src/rp2_common/hardware_timer/timer.c.obj
                0x100010bc                hardware_alarm_claim
 .text.time_us_64
                0x100010d4       0x18 CMakeFiles/multicore.dir/home/jake/pico-sdk/src/rp2_common/hardware_timer/timer.c.obj
                0x100010d4                time_us_64
 .text.busy_wait_until
                0x100010ec       0x28 CMakeFiles/multicore.dir/home/jake/pico-sdk/src/rp2_common/hardware_timer/timer.c.obj
                0x100010ec                busy_wait_until
 .text.hardware_alarm_set_callback
                0x10001114       0x90 CMakeFiles/multicore.dir/home/jake/pico-sdk/src/rp2_common/hardware_timer/timer.c.obj
                0x10001114                hardware_alarm_set_callback
 .text.hardware_alarm_set_target
                0x100011a4       0xe8 CMakeFiles/multicore.dir/home/jake/pico-sdk/src/rp2_common/hardware_timer/timer.c.obj
                0x100011a4                hardware_alarm_set_target
 .text.hardware_alarm_cancel
                0x1000128c       0x40 CMakeFiles/multicore.dir/home/jake/pico-sdk/src/rp2_common/hardware_timer/timer.c.obj
                0x1000128c                hardware_alarm_cancel
 .text.running_on_fpga
                0x100012cc       0x14 CMakeFiles/multicore.dir/home/jake/pico-sdk/src/rp2_common/pico_platform/platform.c.obj
                0x100012cc                running_on_fpga
 .text.hw_claim_lock
                0x100012e0       0x18 CMakeFiles/multicore.dir/home/jake/pico-sdk/src/rp2_common/hardware_claim/claim.c.obj
                0x100012e0                hw_claim_lock
 .text.hw_claim_unlock
                0x100012f8       0x14 CMakeFiles/multicore.dir/home/jake/pico-sdk/src/rp2_common/hardware_claim/claim.c.obj
                0x100012f8                hw_claim_unlock
 .text.hw_claim_or_assert
                0x1000130c       0x32 CMakeFiles/multicore.dir/home/jake/pico-sdk/src/rp2_common/hardware_claim/claim.c.obj
                0x1000130c                hw_claim_or_assert
 .text.hw_claim_unused_from_range
                0x1000133e       0x50 CMakeFiles/multicore.dir/home/jake/pico-sdk/src/rp2_common/hardware_claim/claim.c.obj
                0x1000133e                hw_claim_unused_from_range
 *fill*         0x1000138e        0x2 
 .text.spin_locks_reset
                0x10001390       0x20 CMakeFiles/multicore.dir/home/jake/pico-sdk/src/rp2_common/hardware_sync/sync.c.obj
                0x10001390                spin_locks_reset
 .text.next_striped_spin_lock_num
                0x100013b0       0x1c CMakeFiles/multicore.dir/home/jake/pico-sdk/src/rp2_common/hardware_sync/sync.c.obj
                0x100013b0                next_striped_spin_lock_num
 .text.spin_lock_claim_unused
                0x100013cc       0x24 CMakeFiles/multicore.dir/home/jake/pico-sdk/src/rp2_common/hardware_sync/sync.c.obj
                0x100013cc                spin_lock_claim_unused
 .text.set_raw_irq_handler_and_unlock
                0x100013f0       0x28 CMakeFiles/multicore.dir/home/jake/pico-sdk/src/rp2_common/hardware_irq/irq.c.obj
 .text.resolve_branch
                0x10001418       0x30 CMakeFiles/multicore.dir/home/jake/pico-sdk/src/rp2_common/hardware_irq/irq.c.obj
 .text.make_branch
                0x10001448       0x48 CMakeFiles/multicore.dir/home/jake/pico-sdk/src/rp2_common/hardware_irq/irq.c.obj
 .text.insert_branch_and_link
                0x10001490       0x40 CMakeFiles/multicore.dir/home/jake/pico-sdk/src/rp2_common/hardware_irq/irq.c.obj
 .text.irq_is_enabled
                0x100014d0       0x18 CMakeFiles/multicore.dir/home/jake/pico-sdk/src/rp2_common/hardware_irq/irq.c.obj
                0x100014d0                irq_is_enabled
 .text.irq_set_mask_enabled
                0x100014e8       0x20 CMakeFiles/multicore.dir/home/jake/pico-sdk/src/rp2_common/hardware_irq/irq.c.obj
                0x100014e8                irq_set_mask_enabled
 .text.irq_set_enabled
                0x10001508        0xe CMakeFiles/multicore.dir/home/jake/pico-sdk/src/rp2_common/hardware_irq/irq.c.obj
                0x10001508                irq_set_enabled
 *fill*         0x10001516        0x2 
 .text.irq_set_pending
                0x10001518       0x10 CMakeFiles/multicore.dir/home/jake/pico-sdk/src/rp2_common/hardware_irq/irq.c.obj
                0x10001518                irq_set_pending
 .text.irq_get_vtable_handler
                0x10001528       0x10 CMakeFiles/multicore.dir/home/jake/pico-sdk/src/rp2_common/hardware_irq/irq.c.obj
                0x10001528                irq_get_vtable_handler
 .text.irq_has_shared_handler
                0x10001538       0x24 CMakeFiles/multicore.dir/home/jake/pico-sdk/src/rp2_common/hardware_irq/irq.c.obj
                0x10001538                irq_has_shared_handler
 .text.irq_set_exclusive_handler
                0x1000155c       0x54 CMakeFiles/multicore.dir/home/jake/pico-sdk/src/rp2_common/hardware_irq/irq.c.obj
                0x1000155c                irq_set_exclusive_handler
 .text.irq_add_shared_handler
                0x100015b0      0x210 CMakeFiles/multicore.dir/home/jake/pico-sdk/src/rp2_common/hardware_irq/irq.c.obj
                0x100015b0                irq_add_shared_handler
 .text.irq_remove_handler
                0x100017c0      0x188 CMakeFiles/multicore.dir/home/jake/pico-sdk/src/rp2_common/hardware_irq/irq.c.obj
                0x100017c0                irq_remove_handler
 .text.irq_add_tail_to_free_list
                0x10001948       0xf0 CMakeFiles/multicore.dir/home/jake/pico-sdk/src/rp2_common/hardware_irq/irq.c.obj
                0x10001948                irq_add_tail_to_free_list
 .text.irq_init_priorities
                0x10001a38       0x1c CMakeFiles/multicore.dir/home/jake/pico-sdk/src/rp2_common/hardware_irq/irq.c.obj
                0x10001a38                irq_init_priorities
 .text.user_irq_claim_unused
                0x10001a54       0x2c CMakeFiles/multicore.dir/home/jake/pico-sdk/src/rp2_common/hardware_irq/irq.c.obj
                0x10001a54                user_irq_claim_unused
 .text.ph_get_node
                0x10001a80       0x30 CMakeFiles/multicore.dir/home/jake/pico-sdk/src/common/pico_util/pheap.c.obj
 .text.ph_add_child_node
                0x10001ab0       0x6c CMakeFiles/multicore.dir/home/jake/pico-sdk/src/common/pico_util/pheap.c.obj
 .text.ph_merge_nodes
                0x10001b1c       0x3e CMakeFiles/multicore.dir/home/jake/pico-sdk/src/common/pico_util/pheap.c.obj
 .text.ph_clear
                0x10001b5a       0x34 CMakeFiles/multicore.dir/home/jake/pico-sdk/src/common/pico_util/pheap.c.obj
                0x10001b5a                ph_clear
 .text.ph_post_alloc_init
                0x10001b8e        0xe CMakeFiles/multicore.dir/home/jake/pico-sdk/src/common/pico_util/pheap.c.obj
                0x10001b8e                ph_post_alloc_init
 .text.ph_merge_two_pass
                0x10001b9c       0x5c CMakeFiles/multicore.dir/home/jake/pico-sdk/src/common/pico_util/pheap.c.obj
                0x10001b9c                ph_merge_two_pass
 .text.ph_remove_any_head
                0x10001bf8       0xc0 CMakeFiles/multicore.dir/home/jake/pico-sdk/src/common/pico_util/pheap.c.obj
 .text.ph_remove_head
                0x10001cb8       0x14 CMakeFiles/multicore.dir/home/jake/pico-sdk/src/common/pico_util/pheap.c.obj
                0x10001cb8                ph_remove_head
 .text.ph_remove_and_free_node
                0x10001ccc       0xa0 CMakeFiles/multicore.dir/home/jake/pico-sdk/src/common/pico_util/pheap.c.obj
                0x10001ccc                ph_remove_and_free_node
 .text.clock_configure
                0x10001d6c      0x104 CMakeFiles/multicore.dir/home/jake/pico-sdk/src/rp2_common/hardware_clocks/clocks.c.obj
                0x10001d6c                clock_configure
 .text.clocks_init
                0x10001e70      0x100 CMakeFiles/multicore.dir/home/jake/pico-sdk/src/rp2_common/hardware_clocks/clocks.c.obj
                0x10001e70                clocks_init
 .text.pll_init
                0x10001f70      0x12c CMakeFiles/multicore.dir/home/jake/pico-sdk/src/rp2_common/hardware_pll/pll.c.obj
                0x10001f70                pll_init
 .text.watchdog_start_tick
                0x1000209c       0x10 CMakeFiles/multicore.dir/home/jake/pico-sdk/src/rp2_common/hardware_watchdog/watchdog.c.obj
                0x1000209c                watchdog_start_tick
 .text.watchdog_update
                0x100020ac       0x14 CMakeFiles/multicore.dir/home/jake/pico-sdk/src/rp2_common/hardware_watchdog/watchdog.c.obj
                0x100020ac                watchdog_update
 .text._watchdog_enable
                0x100020c0       0x78 CMakeFiles/multicore.dir/home/jake/pico-sdk/src/rp2_common/hardware_watchdog/watchdog.c.obj
                0x100020c0                _watchdog_enable
 .text.watchdog_reboot
                0x10002138       0x48 CMakeFiles/multicore.dir/home/jake/pico-sdk/src/rp2_common/hardware_watchdog/watchdog.c.obj
                0x10002138                watchdog_reboot
 .text.xosc_init
                0x10002180       0x28 CMakeFiles/multicore.dir/home/jake/pico-sdk/src/rp2_common/hardware_xosc/xosc.c.obj
                0x10002180                xosc_init
 .text._exit    0x100021a8        0x4 CMakeFiles/multicore.dir/home/jake/pico-sdk/src/rp2_common/pico_runtime/runtime.c.obj
                0x100021a8                _exit
 .text.exit     0x100021ac        0x6 CMakeFiles/multicore.dir/home/jake/pico-sdk/src/rp2_common/pico_runtime/runtime.c.obj
                0x100021ac                exit
 *fill*         0x100021b2        0x2 
 .text.__assert_func
                0x100021b4       0x38 CMakeFiles/multicore.dir/home/jake/pico-sdk/src/rp2_common/pico_runtime/runtime.c.obj
                0x100021b4                __assert_func
 .text.runtime_init
                0x100021ec       0xf8 CMakeFiles/multicore.dir/home/jake/pico-sdk/src/rp2_common/pico_runtime/runtime.c.obj
                0x100021ec                runtime_init
 .text.panic    0x100022e4       0x30 CMakeFiles/multicore.dir/home/jake/pico-sdk/src/rp2_common/pico_runtime/runtime.c.obj
                0x100022e4                panic
 .text._out_null
                0x10002314        0x2 CMakeFiles/multicore.dir/home/jake/pico-sdk/src/rp2_common/pico_printf/printf.c.obj
 .text._out_fct
                0x10002316        0xe CMakeFiles/multicore.dir/home/jake/pico-sdk/src/rp2_common/pico_printf/printf.c.obj
 .text._atoi    0x10002324       0x24 CMakeFiles/multicore.dir/home/jake/pico-sdk/src/rp2_common/pico_printf/printf.c.obj
 .text._out_rev
                0x10002348       0xae CMakeFiles/multicore.dir/home/jake/pico-sdk/src/rp2_common/pico_printf/printf.c.obj
 .text._ntoa_format
                0x100023f6      0x110 CMakeFiles/multicore.dir/home/jake/pico-sdk/src/rp2_common/pico_printf/printf.c.obj
 .text._ntoa_long
                0x10002506       0xbc CMakeFiles/multicore.dir/home/jake/pico-sdk/src/rp2_common/pico_printf/printf.c.obj
 .text._ntoa_long_long
                0x100025c2      0x10e CMakeFiles/multicore.dir/home/jake/pico-sdk/src/rp2_common/pico_printf/printf.c.obj
 .text._etoa    0x100026d0      0x420 CMakeFiles/multicore.dir/home/jake/pico-sdk/src/rp2_common/pico_printf/printf.c.obj
 .text._ftoa    0x10002af0      0x354 CMakeFiles/multicore.dir/home/jake/pico-sdk/src/rp2_common/pico_printf/printf.c.obj
 .text._vsnprintf
                0x10002e44      0x65c CMakeFiles/multicore.dir/home/jake/pico-sdk/src/rp2_common/pico_printf/printf.c.obj
 .text.vfctprintf
                0x100034a0       0x20 CMakeFiles/multicore.dir/home/jake/pico-sdk/src/rp2_common/pico_printf/printf.c.obj
                0x100034a0                vfctprintf
 .text          0x100034c0       0x10 CMakeFiles/multicore.dir/home/jake/pico-sdk/src/rp2_common/pico_bit_ops/bit_ops_aeabi.S.obj
 .text.rom_func_lookup
                0x100034d0       0x10 CMakeFiles/multicore.dir/home/jake/pico-sdk/src/rp2_common/pico_bootrom/bootrom.c.obj
                0x100034d0                rom_func_lookup
 .text.rom_data_lookup
                0x100034e0       0x10 CMakeFiles/multicore.dir/home/jake/pico-sdk/src/rp2_common/pico_bootrom/bootrom.c.obj
                0x100034e0                rom_data_lookup
 .text.rom_funcs_lookup
                0x100034f0       0x36 CMakeFiles/multicore.dir/home/jake/pico-sdk/src/rp2_common/pico_bootrom/bootrom.c.obj
                0x100034f0                rom_funcs_lookup
 *fill*         0x10003526        0x2 
 .text.__wrap___aeabi_idiv
                0x10003528       0x50 CMakeFiles/multicore.dir/home/jake/pico-sdk/src/rp2_common/pico_divider/divider.S.obj
                0x10003528                __wrap___aeabi_idivmod
                0x10003528                divmod_s32s32
                0x10003528                div_s32s32
                0x10003528                __wrap___aeabi_idiv
                0x10003530                divmod_s32s32_unsafe
                0x1000355c                divmod_s32s32_savestate
 .text.__wrap___aeabi_uidiv
                0x10003578       0x4c CMakeFiles/multicore.dir/home/jake/pico-sdk/src/rp2_common/pico_divider/divider.S.obj
                0x10003578                __wrap___aeabi_uidiv
                0x10003578                __wrap___aeabi_uidivmod
                0x10003578                div_u32u32
                0x10003578                divmod_u32u32
                0x10003580                divmod_u32u32_unsafe
                0x100035a8                divmod_u32u32_savestate
 .text.__wrap___aeabi_ldiv
                0x100035c4      0x424 CMakeFiles/multicore.dir/home/jake/pico-sdk/src/rp2_common/pico_divider/divider.S.obj
                0x100035c4                div_s64s64
                0x100035c4                divmod_s64s64
                0x100035c4                __wrap___aeabi_ldivmod
                0x100035f4                div_u64u64
                0x100035f4                divmod_u64u64
                0x100035f4                __wrap___aeabi_uldivmod
                0x10003604                divmod_u64u64_savestate
                0x10003624                divmod_s64s64_unsafe
                0x100036ac                divmod_u64u64_unsafe
 .text.__wrap___aeabi_darithmetic
                0x100039e8       0x80 CMakeFiles/multicore.dir/home/jake/pico-sdk/src/rp2_common/pico_double/double_aeabi.S.obj
                0x100039e8                __wrap___aeabi_drsub
                0x100039ee                __wrap___aeabi_dsub
                0x10003a00                __wrap___aeabi_dadd
                0x10003a12                __wrap___aeabi_ddiv
                0x10003a4e                __wrap___aeabi_dmul
 .text.__wrap___aeabi_cdcmple
                0x10003a68       0x6c CMakeFiles/multicore.dir/home/jake/pico-sdk/src/rp2_common/pico_double/double_aeabi.S.obj
                0x10003a68                __wrap___aeabi_cdrcmple
                0x10003a78                __wrap___aeabi_cdcmple
                0x10003a78                __wrap___aeabi_cdcmpeq
 .text.__wrap___aeabi_dcmplt
                0x10003ad4        0xc CMakeFiles/multicore.dir/home/jake/pico-sdk/src/rp2_common/pico_double/double_aeabi.S.obj
                0x10003ad4                __wrap___aeabi_dcmplt
 .text.__wrap___aeabi_dcmple
                0x10003ae0       0x10 CMakeFiles/multicore.dir/home/jake/pico-sdk/src/rp2_common/pico_double/double_aeabi.S.obj
                0x10003ae0                __wrap___aeabi_dcmple
 .text.__wrap___aeabi_dcmpge
                0x10003af0       0x10 CMakeFiles/multicore.dir/home/jake/pico-sdk/src/rp2_common/pico_double/double_aeabi.S.obj
                0x10003af0                __wrap___aeabi_dcmpge
 .text.__wrap___aeabi_dcmpgt
                0x10003b00        0xa CMakeFiles/multicore.dir/home/jake/pico-sdk/src/rp2_common/pico_double/double_aeabi.S.obj
                0x10003b00                __wrap___aeabi_dcmpgt
 .text.__wrap___aeabi_dcmpun
                0x10003b0a       0x1c CMakeFiles/multicore.dir/home/jake/pico-sdk/src/rp2_common/pico_double/double_aeabi.S.obj
                0x10003b0a                __wrap___aeabi_dcmpun
 *fill*         0x10003b26        0x2 
 .text.__wrap___aeabi_i2d
                0x10003b28       0x38 CMakeFiles/multicore.dir/home/jake/pico-sdk/src/rp2_common/pico_double/double_aeabi.S.obj
                0x10003b28                __wrap___aeabi_ui2d
                0x10003b30                __wrap___aeabi_i2d
 .text.__wrap___aeabi_d2iz
                0x10003b60       0x48 CMakeFiles/multicore.dir/home/jake/pico-sdk/src/rp2_common/pico_double/double_aeabi.S.obj
                0x10003b60                __wrap___aeabi_d2iz
                0x10003b60                double2int_z
 .text.__wrap___aeabi_d2uiz
                0x10003ba8       0x18 CMakeFiles/multicore.dir/home/jake/pico-sdk/src/rp2_common/pico_double/double_aeabi.S.obj
                0x10003ba8                double2uint
                0x10003ba8                __wrap___aeabi_d2uiz
 .text.__wrap___aeabi_d2f
                0x10003bc0       0x18 CMakeFiles/multicore.dir/home/jake/pico-sdk/src/rp2_common/pico_double/double_aeabi.S.obj
                0x10003bc0                __wrap___aeabi_d2f
 .text.__aeabi_double_init
                0x10003bd8       0xcc CMakeFiles/multicore.dir/home/jake/pico-sdk/src/rp2_common/pico_double/double_init_rom.c.obj
                0x10003bd8                __aeabi_double_init
 .text.double_table_shim_on_use_helper
                0x10003ca4       0x34 CMakeFiles/multicore.dir/home/jake/pico-sdk/src/rp2_common/pico_double/double_v1_rom_shim.S.obj
                0x10003ca4                double_table_shim_on_use_helper
 .text.__wrap___aeabi_dsub
                0x10003cd8       0x10 CMakeFiles/multicore.dir/home/jake/pico-sdk/src/rp2_common/pico_double/double_v1_rom_shim.S.obj
                0x10003cd8                drsub_shim
                0x10003cde                dsub_shim
 .text.dadd_shim
                0x10003ce8      0x15c CMakeFiles/multicore.dir/home/jake/pico-sdk/src/rp2_common/pico_double/double_v1_rom_shim.S.obj
                0x10003ce8                dadd_shim
 .text.dmul_shim
                0x10003e44      0x15c CMakeFiles/multicore.dir/home/jake/pico-sdk/src/rp2_common/pico_double/double_v1_rom_shim.S.obj
                0x10003e44                dmul_shim
 .text.ddiv_shim
                0x10003fa0      0x1b0 CMakeFiles/multicore.dir/home/jake/pico-sdk/src/rp2_common/pico_double/double_v1_rom_shim.S.obj
                0x10003fa0                ddiv_shim
 .text.double2uint_shim
                0x10004150        0xe CMakeFiles/multicore.dir/home/jake/pico-sdk/src/rp2_common/pico_double/double_v1_rom_shim.S.obj
                0x10004150                double2uint_shim
                0x10004152                double2ufix_shim
 *fill*         0x1000415e        0x2 
 .text.double2uint64_shim
                0x10004160       0x70 CMakeFiles/multicore.dir/home/jake/pico-sdk/src/rp2_common/pico_double/double_v1_rom_shim.S.obj
                0x10004160                double2uint64_shim
                0x10004162                double2ufix64_shim
                0x10004182                d2fix_a
 .text.double2float_shim
                0x100041d0       0x5c CMakeFiles/multicore.dir/home/jake/pico-sdk/src/rp2_common/pico_double/double_v1_rom_shim.S.obj
                0x100041d0                double2float_shim
 .text.dunpacks
                0x1000422c       0x3c CMakeFiles/multicore.dir/home/jake/pico-sdk/src/rp2_common/pico_double/double_v1_rom_shim.S.obj
                0x1000422c                dunpacks
 .text.__aeabi_lmul
                0x10004268       0x32 CMakeFiles/multicore.dir/home/jake/pico-sdk/src/rp2_common/pico_int64_ops/pico_int64_ops_aeabi.S.obj
                0x10004268                __wrap___aeabi_lmul
 *fill*         0x1000429a        0x2 
 .text.__wrap___aeabi_farithmetic
                0x1000429c       0x58 CMakeFiles/multicore.dir/home/jake/pico-sdk/src/rp2_common/pico_float/float_aeabi.S.obj
                0x1000429c                __wrap___aeabi_frsub
                0x100042a2                __wrap___aeabi_fsub
                0x100042ac                __wrap___aeabi_fadd
                0x100042b6                __wrap___aeabi_fdiv
                0x100042e2                __wrap___aeabi_fmul
 .text.__wrap___aeabi_i2f
                0x100042f4       0x44 CMakeFiles/multicore.dir/home/jake/pico-sdk/src/rp2_common/pico_float/float_aeabi.S.obj
                0x100042f4                __wrap___aeabi_i2f
 .text.__wrap___aeabi_f2d
                0x10004338       0x14 CMakeFiles/multicore.dir/home/jake/pico-sdk/src/rp2_common/pico_float/float_aeabi.S.obj
                0x10004338                __wrap___aeabi_f2d
 .text.__aeabi_float_init
                0x1000434c       0xfc CMakeFiles/multicore.dir/home/jake/pico-sdk/src/rp2_common/pico_float/float_init_rom.c.obj
                0x1000434c                __aeabi_float_init
 .text.float_table_shim_on_use_helper
                0x10004448       0x34 CMakeFiles/multicore.dir/home/jake/pico-sdk/src/rp2_common/pico_float/float_v1_rom_shim.S.obj
                0x10004448                float_table_shim_on_use_helper
 .text.float2double_shim
                0x1000447c       0x30 CMakeFiles/multicore.dir/home/jake/pico-sdk/src/rp2_common/pico_float/float_v1_rom_shim.S.obj
                0x1000447c                float2double_shim
 .text          0x100044ac       0x10 CMakeFiles/multicore.dir/home/jake/pico-sdk/src/rp2_common/pico_mem_ops/mem_ops_aeabi.S.obj
                0x100044ac                __aeabi_mem_init
 .text.memset   0x100044bc        0xc CMakeFiles/multicore.dir/home/jake/pico-sdk/src/rp2_common/pico_mem_ops/mem_ops_aeabi.S.obj
                0x100044bc                __wrap_memset
 .text.memcpy   0x100044c8        0xc CMakeFiles/multicore.dir/home/jake/pico-sdk/src/rp2_common/pico_mem_ops/mem_ops_aeabi.S.obj
                0x100044c8                __wrap___aeabi_memcpy
                0x100044c8                __wrap_memcpy
 .text.stdio_out_chars_no_crlf
                0x100044d4        0xe CMakeFiles/multicore.dir/home/jake/pico-sdk/src/rp2_common/pico_stdio/stdio.c.obj
 *fill*         0x100044e2        0x2 
 .text.stdio_out_chars_crlf
                0x100044e4       0x80 CMakeFiles/multicore.dir/home/jake/pico-sdk/src/rp2_common/pico_stdio/stdio.c.obj
 .text.stdio_stack_buffer_flush
                0x10004564       0x44 CMakeFiles/multicore.dir/home/jake/pico-sdk/src/rp2_common/pico_stdio/stdio.c.obj
 .text.stdio_buffered_printer
                0x100045a8       0x20 CMakeFiles/multicore.dir/home/jake/pico-sdk/src/rp2_common/pico_stdio/stdio.c.obj
 .text.update_us_since_boot
                0x100045c8       0x24 CMakeFiles/multicore.dir/home/jake/pico-sdk/src/rp2_common/pico_stdio/stdio.c.obj
 .text.get_absolute_time
                0x100045ec       0x22 CMakeFiles/multicore.dir/home/jake/pico-sdk/src/rp2_common/pico_stdio/stdio.c.obj
 *fill*         0x1000460e        0x2 
 .text.delayed_by_ms
                0x10004610       0x44 CMakeFiles/multicore.dir/home/jake/pico-sdk/src/rp2_common/pico_stdio/stdio.c.obj
 .text.make_timeout_time_ms
                0x10004654       0x20 CMakeFiles/multicore.dir/home/jake/pico-sdk/src/rp2_common/pico_stdio/stdio.c.obj
 .text.stdout_serialize_begin
                0x10004674       0x20 CMakeFiles/multicore.dir/home/jake/pico-sdk/src/rp2_common/pico_stdio/stdio.c.obj
                0x10004674                stdout_serialize_begin
 .text.stdout_serialize_end
                0x10004694       0x10 CMakeFiles/multicore.dir/home/jake/pico-sdk/src/rp2_common/pico_stdio/stdio.c.obj
                0x10004694                stdout_serialize_end
 .text.stdio_put_string
                0x100046a4       0x98 CMakeFiles/multicore.dir/home/jake/pico-sdk/src/rp2_common/pico_stdio/stdio.c.obj
 .text.stdio_set_driver_enabled
                0x1000473c       0x2c CMakeFiles/multicore.dir/home/jake/pico-sdk/src/rp2_common/pico_stdio/stdio.c.obj
                0x1000473c                stdio_set_driver_enabled
 .text.stdio_flush
                0x10004768       0x20 CMakeFiles/multicore.dir/home/jake/pico-sdk/src/rp2_common/pico_stdio/stdio.c.obj
                0x10004768                stdio_flush
 .text.__wrap_puts
                0x10004788       0x1e CMakeFiles/multicore.dir/home/jake/pico-sdk/src/rp2_common/pico_stdio/stdio.c.obj
                0x10004788                __wrap_puts
 *fill*         0x100047a6        0x2 
 .text.__wrap_vprintf
                0x100047a8       0x40 CMakeFiles/multicore.dir/home/jake/pico-sdk/src/rp2_common/pico_stdio/stdio.c.obj
                0x100047a8                __wrap_vprintf
 .text.__wrap_printf
                0x100047e8       0x18 CMakeFiles/multicore.dir/home/jake/pico-sdk/src/rp2_common/pico_stdio/stdio.c.obj
                0x100047e8                __wrap_printf
 .text.stdio_init_all
                0x10004800        0x8 CMakeFiles/multicore.dir/home/jake/pico-sdk/src/rp2_common/pico_stdio/stdio.c.obj
                0x10004800                stdio_init_all
 .text.resetd_init
                0x10004808        0x2 CMakeFiles/multicore.dir/home/jake/pico-sdk/src/rp2_common/pico_stdio_usb/reset_interface.c.obj
 *fill*         0x1000480a        0x2 
 .text.resetd_reset
                0x1000480c        0xc CMakeFiles/multicore.dir/home/jake/pico-sdk/src/rp2_common/pico_stdio_usb/reset_interface.c.obj
 .text.resetd_open
                0x10004818       0x34 CMakeFiles/multicore.dir/home/jake/pico-sdk/src/rp2_common/pico_stdio_usb/reset_interface.c.obj
 .text.resetd_xfer_cb
                0x1000484c        0x4 CMakeFiles/multicore.dir/home/jake/pico-sdk/src/rp2_common/pico_stdio_usb/reset_interface.c.obj
 .text.reset_usb_boot
                0x10004850       0x18 CMakeFiles/multicore.dir/home/jake/pico-sdk/src/rp2_common/pico_stdio_usb/reset_interface.c.obj
 .text.resetd_control_xfer_cb
                0x10004868       0x5c CMakeFiles/multicore.dir/home/jake/pico-sdk/src/rp2_common/pico_stdio_usb/reset_interface.c.obj
 .text.usbd_app_driver_get_cb
                0x100048c4        0xc CMakeFiles/multicore.dir/home/jake/pico-sdk/src/rp2_common/pico_stdio_usb/reset_interface.c.obj
                0x100048c4                usbd_app_driver_get_cb
 .text.tud_cdc_line_coding_cb
                0x100048d0       0x28 CMakeFiles/multicore.dir/home/jake/pico-sdk/src/rp2_common/pico_stdio_usb/reset_interface.c.obj
                0x100048d0                tud_cdc_line_coding_cb
 .text.stdio_usb_set_chars_available_callback
                0x100048f8       0x14 CMakeFiles/multicore.dir/home/jake/pico-sdk/src/rp2_common/pico_stdio_usb/stdio_usb.c.obj
                0x100048f8                stdio_usb_set_chars_available_callback
 .text.update_us_since_boot
                0x1000490c       0x24 CMakeFiles/multicore.dir/home/jake/pico-sdk/src/rp2_common/pico_stdio_usb/stdio_usb.c.obj
 .text.get_absolute_time
                0x10004930       0x22 CMakeFiles/multicore.dir/home/jake/pico-sdk/src/rp2_common/pico_stdio_usb/stdio_usb.c.obj
 *fill*         0x10004952        0x2 
 .text.delayed_by_ms
                0x10004954       0x44 CMakeFiles/multicore.dir/home/jake/pico-sdk/src/rp2_common/pico_stdio_usb/stdio_usb.c.obj
 .text.make_timeout_time_ms
                0x10004998       0x20 CMakeFiles/multicore.dir/home/jake/pico-sdk/src/rp2_common/pico_stdio_usb/stdio_usb.c.obj
 .text.delayed_by_us
                0x100049b8       0x34 CMakeFiles/multicore.dir/home/jake/pico-sdk/src/rp2_common/pico_stdio_usb/stdio_usb.c.obj
 .text.usb_irq  0x100049ec       0x10 CMakeFiles/multicore.dir/home/jake/pico-sdk/src/rp2_common/pico_stdio_usb/stdio_usb.c.obj
 .text.timer_task
                0x100049fc       0x58 CMakeFiles/multicore.dir/home/jake/pico-sdk/src/rp2_common/pico_stdio_usb/stdio_usb.c.obj
 .text.alarm_pool_add_alarm_in_us
                0x10004a54       0x3a CMakeFiles/multicore.dir/home/jake/pico-sdk/src/rp2_common/pico_stdio_usb/stdio_usb.c.obj
 .text.add_alarm_in_us
                0x10004a8e       0x2e CMakeFiles/multicore.dir/home/jake/pico-sdk/src/rp2_common/pico_stdio_usb/stdio_usb.c.obj
 .text.low_priority_worker_irq
                0x10004abc       0x84 CMakeFiles/multicore.dir/home/jake/pico-sdk/src/rp2_common/pico_stdio_usb/stdio_usb.c.obj
 .text.tud_cdc_rx_cb
                0x10004b40       0x20 CMakeFiles/multicore.dir/home/jake/pico-sdk/src/rp2_common/pico_stdio_usb/stdio_usb.c.obj
                0x10004b40                tud_cdc_rx_cb
 .text.stdio_usb_init
                0x10004b60       0xdc CMakeFiles/multicore.dir/home/jake/pico-sdk/src/rp2_common/pico_stdio_usb/stdio_usb.c.obj
                0x10004b60                stdio_usb_init
 .text.stdio_usb_connected
                0x10004c3c        0xa CMakeFiles/multicore.dir/home/jake/pico-sdk/src/rp2_common/pico_stdio_usb/stdio_usb.c.obj
                0x10004c3c                stdio_usb_connected
 *fill*         0x10004c46        0x2 
 .text.stdio_usb_in_chars
                0x10004c48       0x88 CMakeFiles/multicore.dir/home/jake/pico-sdk/src/rp2_common/pico_stdio_usb/stdio_usb.c.obj
                0x10004c48                stdio_usb_in_chars
 .text.stdio_usb_out_chars
                0x10004cd0       0xd8 CMakeFiles/multicore.dir/home/jake/pico-sdk/src/rp2_common/pico_stdio_usb/stdio_usb.c.obj
 .text.tud_descriptor_device_cb
                0x10004da8        0x8 CMakeFiles/multicore.dir/home/jake/pico-sdk/src/rp2_common/pico_stdio_usb/stdio_usb_descriptors.c.obj
                0x10004da8                tud_descriptor_device_cb
 .text.tud_descriptor_configuration_cb
                0x10004db0        0x8 CMakeFiles/multicore.dir/home/jake/pico-sdk/src/rp2_common/pico_stdio_usb/stdio_usb_descriptors.c.obj
                0x10004db0                tud_descriptor_configuration_cb
 .text.tud_descriptor_string_cb
                0x10004db8       0x6c CMakeFiles/multicore.dir/home/jake/pico-sdk/src/rp2_common/pico_stdio_usb/stdio_usb_descriptors.c.obj
                0x10004db8                tud_descriptor_string_cb
 .text._retrieve_unique_id_on_boot
                0x10004e24       0x10 CMakeFiles/multicore.dir/home/jake/pico-sdk/src/rp2_common/pico_unique_id/unique_id.c.obj
 .text.pico_get_unique_board_id_string
                0x10004e34       0x5c CMakeFiles/multicore.dir/home/jake/pico-sdk/src/rp2_common/pico_unique_id/unique_id.c.obj
                0x10004e34                pico_get_unique_board_id_string
 .text.flash_get_unique_id
                0x10004e90       0x46 CMakeFiles/multicore.dir/home/jake/pico-sdk/src/rp2_common/hardware_flash/flash.c.obj
                0x10004e90                flash_get_unique_id
 *fill*         0x10004ed6        0x2 
 .text.hw_endpoint_get_by_addr
                0x10004ed8       0x18 CMakeFiles/multicore.dir/home/jake/pico-sdk/lib/tinyusb/src/portable/raspberrypi/rp2040/dcd_rp2040.c.obj
 .text._hw_endpoint_alloc
                0x10004ef0       0x70 CMakeFiles/multicore.dir/home/jake/pico-sdk/lib/tinyusb/src/portable/raspberrypi/rp2040/dcd_rp2040.c.obj
 .text.hw_endpoint_init
                0x10004f60       0x88 CMakeFiles/multicore.dir/home/jake/pico-sdk/lib/tinyusb/src/portable/raspberrypi/rp2040/dcd_rp2040.c.obj
 .text.dcd_event_sof
                0x10004fe8       0x2c CMakeFiles/multicore.dir/home/jake/pico-sdk/lib/tinyusb/src/portable/raspberrypi/rp2040/dcd_rp2040.c.obj
 .text.hw_endpoint_xfer
                0x10005014       0x14 CMakeFiles/multicore.dir/home/jake/pico-sdk/lib/tinyusb/src/portable/raspberrypi/rp2040/dcd_rp2040.c.obj
 .text.dcd_int_enable
                0x10005028       0x2c CMakeFiles/multicore.dir/home/jake/pico-sdk/lib/tinyusb/src/portable/raspberrypi/rp2040/dcd_rp2040.c.obj
                0x10005028                dcd_int_enable
 .text.dcd_set_address
                0x10005054       0x2c CMakeFiles/multicore.dir/home/jake/pico-sdk/lib/tinyusb/src/portable/raspberrypi/rp2040/dcd_rp2040.c.obj
                0x10005054                dcd_set_address
 .text.dcd_connect
                0x10005080       0x10 CMakeFiles/multicore.dir/home/jake/pico-sdk/lib/tinyusb/src/portable/raspberrypi/rp2040/dcd_rp2040.c.obj
                0x10005080                dcd_connect
 .text.dcd_init
                0x10005090       0x80 CMakeFiles/multicore.dir/home/jake/pico-sdk/lib/tinyusb/src/portable/raspberrypi/rp2040/dcd_rp2040.c.obj
                0x10005090                dcd_init
 .text.dcd_edpt0_status_complete
                0x10005110       0x1c CMakeFiles/multicore.dir/home/jake/pico-sdk/lib/tinyusb/src/portable/raspberrypi/rp2040/dcd_rp2040.c.obj
                0x10005110                dcd_edpt0_status_complete
 .text.dcd_edpt_open
                0x1000512c       0x40 CMakeFiles/multicore.dir/home/jake/pico-sdk/lib/tinyusb/src/portable/raspberrypi/rp2040/dcd_rp2040.c.obj
                0x1000512c                dcd_edpt_open
 .text.dcd_edpt_close_all
                0x1000516c        0x8 CMakeFiles/multicore.dir/home/jake/pico-sdk/lib/tinyusb/src/portable/raspberrypi/rp2040/dcd_rp2040.c.obj
                0x1000516c                dcd_edpt_close_all
 .text.dcd_edpt_xfer
                0x10005174       0x34 CMakeFiles/multicore.dir/home/jake/pico-sdk/lib/tinyusb/src/portable/raspberrypi/rp2040/dcd_rp2040.c.obj
                0x10005174                dcd_edpt_xfer
 .text.dcd_edpt_stall
                0x100051a8       0x2c CMakeFiles/multicore.dir/home/jake/pico-sdk/lib/tinyusb/src/portable/raspberrypi/rp2040/dcd_rp2040.c.obj
                0x100051a8                dcd_edpt_stall
 .text.dcd_edpt_clear_stall
                0x100051d4       0x20 CMakeFiles/multicore.dir/home/jake/pico-sdk/lib/tinyusb/src/portable/raspberrypi/rp2040/dcd_rp2040.c.obj
                0x100051d4                dcd_edpt_clear_stall
 .text.rp2040_usb_init
                0x100051f4       0x4c CMakeFiles/multicore.dir/home/jake/pico-sdk/lib/tinyusb/src/portable/raspberrypi/rp2040/rp2040_usb.c.obj
                0x100051f4                rp2040_usb_init
 .text.hw_endpoint_xfer_start
                0x10005240       0x50 CMakeFiles/multicore.dir/home/jake/pico-sdk/lib/tinyusb/src/portable/raspberrypi/rp2040/rp2040_usb.c.obj
                0x10005240                hw_endpoint_xfer_start
 .text.configuration_reset
                0x10005290       0x84 CMakeFiles/multicore.dir/home/jake/pico-sdk/lib/tinyusb/src/device/usbd.c.obj
 .text.usbd_reset
                0x10005314        0xc CMakeFiles/multicore.dir/home/jake/pico-sdk/lib/tinyusb/src/device/usbd.c.obj
 .text.invoke_class_control
                0x10005320       0x1a CMakeFiles/multicore.dir/home/jake/pico-sdk/lib/tinyusb/src/device/usbd.c.obj
 *fill*         0x1000533a        0x2 
 .text.process_set_config
                0x1000533c      0x178 CMakeFiles/multicore.dir/home/jake/pico-sdk/lib/tinyusb/src/device/usbd.c.obj
 .text.process_get_descriptor
                0x100054b4       0xdc CMakeFiles/multicore.dir/home/jake/pico-sdk/lib/tinyusb/src/device/usbd.c.obj
 .text.tud_mounted
                0x10005590       0x10 CMakeFiles/multicore.dir/home/jake/pico-sdk/lib/tinyusb/src/device/usbd.c.obj
                0x10005590                tud_mounted
 .text.tud_suspended
                0x100055a0       0x10 CMakeFiles/multicore.dir/home/jake/pico-sdk/lib/tinyusb/src/device/usbd.c.obj
                0x100055a0                tud_suspended
 .text.tud_inited
                0x100055b0       0x14 CMakeFiles/multicore.dir/home/jake/pico-sdk/lib/tinyusb/src/device/usbd.c.obj
                0x100055b0                tud_inited
 .text.tud_init
                0x100055c4       0xcc CMakeFiles/multicore.dir/home/jake/pico-sdk/lib/tinyusb/src/device/usbd.c.obj
                0x100055c4                tud_init
 .text.usbd_defer_func
                0x10005690       0x2a CMakeFiles/multicore.dir/home/jake/pico-sdk/lib/tinyusb/src/device/usbd.c.obj
                0x10005690                usbd_defer_func
 *fill*         0x100056ba        0x2 
 .text.usbd_edpt_open
                0x100056bc       0x34 CMakeFiles/multicore.dir/home/jake/pico-sdk/lib/tinyusb/src/device/usbd.c.obj
                0x100056bc                usbd_edpt_open
 .text.usbd_open_edpt_pair
                0x100056f0       0x62 CMakeFiles/multicore.dir/home/jake/pico-sdk/lib/tinyusb/src/device/usbd.c.obj
                0x100056f0                usbd_open_edpt_pair
 *fill*         0x10005752        0x2 
 .text.usbd_edpt_claim
                0x10005754       0x28 CMakeFiles/multicore.dir/home/jake/pico-sdk/lib/tinyusb/src/device/usbd.c.obj
                0x10005754                usbd_edpt_claim
 .text.usbd_edpt_release
                0x1000577c       0x28 CMakeFiles/multicore.dir/home/jake/pico-sdk/lib/tinyusb/src/device/usbd.c.obj
                0x1000577c                usbd_edpt_release
 .text.usbd_edpt_xfer
                0x100057a4       0x78 CMakeFiles/multicore.dir/home/jake/pico-sdk/lib/tinyusb/src/device/usbd.c.obj
                0x100057a4                usbd_edpt_xfer
 .text.usbd_edpt_stall
                0x1000581c       0x48 CMakeFiles/multicore.dir/home/jake/pico-sdk/lib/tinyusb/src/device/usbd.c.obj
                0x1000581c                usbd_edpt_stall
 .text.usbd_edpt_clear_stall
                0x10005864       0x48 CMakeFiles/multicore.dir/home/jake/pico-sdk/lib/tinyusb/src/device/usbd.c.obj
                0x10005864                usbd_edpt_clear_stall
 .text.usbd_edpt_stalled
                0x100058ac       0x1c CMakeFiles/multicore.dir/home/jake/pico-sdk/lib/tinyusb/src/device/usbd.c.obj
                0x100058ac                usbd_edpt_stalled
 .text.process_control_request
                0x100058c8      0x374 CMakeFiles/multicore.dir/home/jake/pico-sdk/lib/tinyusb/src/device/usbd.c.obj
 .text.tud_task_ext
                0x10005c3c      0x1b4 CMakeFiles/multicore.dir/home/jake/pico-sdk/lib/tinyusb/src/device/usbd.c.obj
                0x10005c3c                tud_task_ext
 .text._status_stage_xact
                0x10005df0       0x1a CMakeFiles/multicore.dir/home/jake/pico-sdk/lib/tinyusb/src/device/usbd_control.c.obj
 *fill*         0x10005e0a        0x2 
 .text._data_stage_xact
                0x10005e0c       0x58 CMakeFiles/multicore.dir/home/jake/pico-sdk/lib/tinyusb/src/device/usbd_control.c.obj
 .text.tud_control_status
                0x10005e64       0x28 CMakeFiles/multicore.dir/home/jake/pico-sdk/lib/tinyusb/src/device/usbd_control.c.obj
                0x10005e64                tud_control_status
 .text.tud_control_xfer
                0x10005e8c       0x68 CMakeFiles/multicore.dir/home/jake/pico-sdk/lib/tinyusb/src/device/usbd_control.c.obj
                0x10005e8c                tud_control_xfer
 .text.usbd_control_reset
                0x10005ef4       0x14 CMakeFiles/multicore.dir/home/jake/pico-sdk/lib/tinyusb/src/device/usbd_control.c.obj
                0x10005ef4                usbd_control_reset
 .text.usbd_control_set_complete_callback
                0x10005f08        0xc CMakeFiles/multicore.dir/home/jake/pico-sdk/lib/tinyusb/src/device/usbd_control.c.obj
                0x10005f08                usbd_control_set_complete_callback
 .text.usbd_control_set_request
                0x10005f14       0x1c CMakeFiles/multicore.dir/home/jake/pico-sdk/lib/tinyusb/src/device/usbd_control.c.obj
                0x10005f14                usbd_control_set_request
 .text.usbd_control_xfer_cb
                0x10005f30       0xbc CMakeFiles/multicore.dir/home/jake/pico-sdk/lib/tinyusb/src/device/usbd_control.c.obj
                0x10005f30                usbd_control_xfer_cb
 .text._prep_out_transaction
                0x10005fec       0x4a CMakeFiles/multicore.dir/home/jake/pico-sdk/lib/tinyusb/src/class/cdc/cdc_device.c.obj
 *fill*         0x10006036        0x2 
 .text.tud_cdc_n_connected
                0x10006038       0x38 CMakeFiles/multicore.dir/home/jake/pico-sdk/lib/tinyusb/src/class/cdc/cdc_device.c.obj
                0x10006038                tud_cdc_n_connected
 .text.tud_cdc_n_available
                0x10006070       0x18 CMakeFiles/multicore.dir/home/jake/pico-sdk/lib/tinyusb/src/class/cdc/cdc_device.c.obj
                0x10006070                tud_cdc_n_available
 .text.tud_cdc_n_read
                0x10006088       0x28 CMakeFiles/multicore.dir/home/jake/pico-sdk/lib/tinyusb/src/class/cdc/cdc_device.c.obj
                0x10006088                tud_cdc_n_read
 .text.tud_cdc_n_write_flush
                0x100060b0       0xb8 CMakeFiles/multicore.dir/home/jake/pico-sdk/lib/tinyusb/src/class/cdc/cdc_device.c.obj
                0x100060b0                tud_cdc_n_write_flush
 .text.tud_cdc_n_write
                0x10006168       0x38 CMakeFiles/multicore.dir/home/jake/pico-sdk/lib/tinyusb/src/class/cdc/cdc_device.c.obj
                0x10006168                tud_cdc_n_write
 .text.tud_cdc_n_write_available
                0x100061a0       0x1c CMakeFiles/multicore.dir/home/jake/pico-sdk/lib/tinyusb/src/class/cdc/cdc_device.c.obj
                0x100061a0                tud_cdc_n_write_available
 .text.cdcd_init
                0x100061bc       0xbc CMakeFiles/multicore.dir/home/jake/pico-sdk/lib/tinyusb/src/class/cdc/cdc_device.c.obj
                0x100061bc                cdcd_init
 .text.cdcd_reset
                0x10006278       0x44 CMakeFiles/multicore.dir/home/jake/pico-sdk/lib/tinyusb/src/class/cdc/cdc_device.c.obj
                0x10006278                cdcd_reset
 .text.cdcd_open
                0x100062bc       0xc4 CMakeFiles/multicore.dir/home/jake/pico-sdk/lib/tinyusb/src/class/cdc/cdc_device.c.obj
                0x100062bc                cdcd_open
 .text.cdcd_control_xfer_cb
                0x10006380      0x134 CMakeFiles/multicore.dir/home/jake/pico-sdk/lib/tinyusb/src/class/cdc/cdc_device.c.obj
                0x10006380                cdcd_control_xfer_cb
 .text.cdcd_xfer_cb
                0x100064b4      0x130 CMakeFiles/multicore.dir/home/jake/pico-sdk/lib/tinyusb/src/class/cdc/cdc_device.c.obj
                0x100064b4                cdcd_xfer_cb
 .text.tusb_init
                0x100065e4        0xa CMakeFiles/multicore.dir/home/jake/pico-sdk/lib/tinyusb/src/tusb.c.obj
                0x100065e4                tusb_init
 .text.tusb_inited
                0x100065ee        0xe CMakeFiles/multicore.dir/home/jake/pico-sdk/lib/tinyusb/src/tusb.c.obj
                0x100065ee                tusb_inited
 .text.tu_edpt_claim
                0x100065fc       0x50 CMakeFiles/multicore.dir/home/jake/pico-sdk/lib/tinyusb/src/tusb.c.obj
                0x100065fc                tu_edpt_claim
 .text.tu_edpt_release
                0x1000664c       0x38 CMakeFiles/multicore.dir/home/jake/pico-sdk/lib/tinyusb/src/tusb.c.obj
                0x1000664c                tu_edpt_release
 .text.tu_edpt_validate
                0x10006684       0x78 CMakeFiles/multicore.dir/home/jake/pico-sdk/lib/tinyusb/src/tusb.c.obj
                0x10006684                tu_edpt_validate
 .text.tu_edpt_bind_driver
                0x100066fc       0x26 CMakeFiles/multicore.dir/home/jake/pico-sdk/lib/tinyusb/src/tusb.c.obj
                0x100066fc                tu_edpt_bind_driver
 .text.advance_index
                0x10006722       0x1a CMakeFiles/multicore.dir/home/jake/pico-sdk/lib/tinyusb/src/common/tusb_fifo.c.obj
 .text._tu_fifo_peek
                0x1000673c       0x56 CMakeFiles/multicore.dir/home/jake/pico-sdk/lib/tinyusb/src/common/tusb_fifo.c.obj
 .text._ff_pull_const_addr
                0x10006792       0x4c CMakeFiles/multicore.dir/home/jake/pico-sdk/lib/tinyusb/src/common/tusb_fifo.c.obj
 .text._ff_pull_n
                0x100067de      0x110 CMakeFiles/multicore.dir/home/jake/pico-sdk/lib/tinyusb/src/common/tusb_fifo.c.obj
 .text._tu_fifo_peek_n
                0x100068ee       0x6a CMakeFiles/multicore.dir/home/jake/pico-sdk/lib/tinyusb/src/common/tusb_fifo.c.obj
 .text._tu_fifo_read_n
                0x10006958       0x4e CMakeFiles/multicore.dir/home/jake/pico-sdk/lib/tinyusb/src/common/tusb_fifo.c.obj
 .text._ff_push_const_addr
                0x100069a6       0x40 CMakeFiles/multicore.dir/home/jake/pico-sdk/lib/tinyusb/src/common/tusb_fifo.c.obj
 .text._ff_push_n
                0x100069e6      0x10c CMakeFiles/multicore.dir/home/jake/pico-sdk/lib/tinyusb/src/common/tusb_fifo.c.obj
 .text._tu_fifo_write_n
                0x10006af2       0xf0 CMakeFiles/multicore.dir/home/jake/pico-sdk/lib/tinyusb/src/common/tusb_fifo.c.obj
 .text.tu_fifo_config
                0x10006be2       0x7c CMakeFiles/multicore.dir/home/jake/pico-sdk/lib/tinyusb/src/common/tusb_fifo.c.obj
                0x10006be2                tu_fifo_config
 .text.tu_fifo_count
                0x10006c5e       0x2a CMakeFiles/multicore.dir/home/jake/pico-sdk/lib/tinyusb/src/common/tusb_fifo.c.obj
                0x10006c5e                tu_fifo_count
 .text.tu_fifo_empty
                0x10006c88        0xe CMakeFiles/multicore.dir/home/jake/pico-sdk/lib/tinyusb/src/common/tusb_fifo.c.obj
                0x10006c88                tu_fifo_empty
 .text.tu_fifo_full
                0x10006c96       0x28 CMakeFiles/multicore.dir/home/jake/pico-sdk/lib/tinyusb/src/common/tusb_fifo.c.obj
                0x10006c96                tu_fifo_full
 .text.tu_fifo_remaining
                0x10006cbe       0x2c CMakeFiles/multicore.dir/home/jake/pico-sdk/lib/tinyusb/src/common/tusb_fifo.c.obj
                0x10006cbe                tu_fifo_remaining
 .text.tu_fifo_read
                0x10006cea       0x42 CMakeFiles/multicore.dir/home/jake/pico-sdk/lib/tinyusb/src/common/tusb_fifo.c.obj
                0x10006cea                tu_fifo_read
 .text.tu_fifo_read_n
                0x10006d2c        0xa CMakeFiles/multicore.dir/home/jake/pico-sdk/lib/tinyusb/src/common/tusb_fifo.c.obj
                0x10006d2c                tu_fifo_read_n
 .text.tu_fifo_write
                0x10006d36       0x64 CMakeFiles/multicore.dir/home/jake/pico-sdk/lib/tinyusb/src/common/tusb_fifo.c.obj
                0x10006d36                tu_fifo_write
 .text.tu_fifo_write_n
                0x10006d9a        0xa CMakeFiles/multicore.dir/home/jake/pico-sdk/lib/tinyusb/src/common/tusb_fifo.c.obj
                0x10006d9a                tu_fifo_write_n
 .text.tu_fifo_clear
                0x10006da4       0x3e CMakeFiles/multicore.dir/home/jake/pico-sdk/lib/tinyusb/src/common/tusb_fifo.c.obj
                0x10006da4                tu_fifo_clear
 .text.tu_fifo_set_overwritable
                0x10006de2       0x46 CMakeFiles/multicore.dir/home/jake/pico-sdk/lib/tinyusb/src/common/tusb_fifo.c.obj
                0x10006de2                tu_fifo_set_overwritable
 .text.adc_init
                0x10006e28       0x34 CMakeFiles/multicore.dir/home/jake/pico-sdk/src/rp2_common/hardware_adc/adc.c.obj
                0x10006e28                adc_init
 .text          0x10006e5c       0x5c /usr/lib/gcc/arm-none-eabi/12.2.1/../../../arm-none-eabi/lib/thumb/v6-m/nofp/libg.a(lib_a-strlen-stub.o)
                0x10006e5c                strlen
 *(.fini)
 .fini          0x10006eb8        0x4 /usr/lib/gcc/arm-none-eabi/12.2.1/thumb/v6-m/nofp/crti.o
                0x10006eb8                _fini
 *fill*         0x10006ebc        0x4 
 .fini.__stub   0x10006ec0       0xe0 linker stubs
 *crtbegin.o(.ctors)
 *crtbegin?.o(.ctors)
 *(EXCLUDE_FILE(*crtend.o *crtend?.o) .ctors)
 *(SORT_BY_NAME(.ctors.*))
 *(.ctors)
 *crtbegin.o(.dtors)
 *crtbegin?.o(.dtors)
 *(EXCLUDE_FILE(*crtend.o *crtend?.o) .dtors)
 *(SORT_BY_NAME(.dtors.*))
 *(.dtors)
 *(.eh_frame*)
 .eh_frame      0x10006fa0        0x0 /usr/lib/gcc/arm-none-eabi/12.2.1/thumb/v6-m/nofp/crtbegin.o
                0x10006fa0                        . = ALIGN (0x4)

.glue_7         0x10006fa0        0x0
 .glue_7        0x10006fa0        0x0 linker stubs

.glue_7t        0x10006fa0        0x0
 .glue_7t       0x10006fa0        0x0 linker stubs

.vfp11_veneer   0x10006fa0        0x0
 .vfp11_veneer  0x10006fa0        0x0 linker stubs

.v4_bx          0x10006fa0        0x0
 .v4_bx         0x10006fa0        0x0 linker stubs

.iplt           0x10006fa0        0x0
 .iplt          0x10006fa0        0x0 /usr/lib/gcc/arm-none-eabi/12.2.1/thumb/v6-m/nofp/crtbegin.o

.rodata         0x10006fa0     0x1544
 *(EXCLUDE_FILE(*libm.a: *libc.a:*lib_a-mem*.o *libgcc.a:) .rodata*)
 .rodata.core1_interrupt_handler.str1.4
                0x10006fa0        0xd CMakeFiles/multicore.dir/src/multicore.c.obj
 *fill*         0x10006fad        0x3 
 .rodata.multicore_lockout_start_block_until.str1.4
                0x10006fb0       0x56 CMakeFiles/multicore.dir/home/jake/pico-sdk/src/rp2_common/pico_multicore/multicore.c.obj
 *fill*         0x10007006        0x2 
 .rodata.multicore_launch_core1_with_stack.str1.4
                0x10007008       0x19 CMakeFiles/multicore.dir/home/jake/pico-sdk/src/rp2_common/pico_multicore/multicore.c.obj
 *fill*         0x10007021        0x3 
 .rodata.__func__.2
                0x10007024       0x22 CMakeFiles/multicore.dir/home/jake/pico-sdk/src/rp2_common/pico_multicore/multicore.c.obj
 *fill*         0x10007046        0x2 
 .rodata.update_us_since_boot.str1.4
                0x10007048       0x5a CMakeFiles/multicore.dir/home/jake/pico-sdk/src/common/pico_sync/mutex.c.obj
 *fill*         0x100070a2        0x2 
 .rodata.str1.4
                0x100070a4       0x85 CMakeFiles/multicore.dir/home/jake/pico-sdk/src/common/pico_sync/mutex.c.obj
 *fill*         0x10007129        0x3 
 .rodata.__func__.1
                0x1000712c        0xb CMakeFiles/multicore.dir/home/jake/pico-sdk/src/common/pico_sync/mutex.c.obj
 *fill*         0x10007137        0x1 
 .rodata.__func__.3
                0x10007138       0x18 CMakeFiles/multicore.dir/home/jake/pico-sdk/src/common/pico_sync/mutex.c.obj
 .rodata.__func__.4
                0x10007150       0x15 CMakeFiles/multicore.dir/home/jake/pico-sdk/src/common/pico_sync/mutex.c.obj
 *fill*         0x10007165        0x3 
 .rodata.get_entry.str1.4
                0x10007168       0x54 CMakeFiles/multicore.dir/home/jake/pico-sdk/src/common/pico_time/time.c.obj
 .rodata.update_us_since_boot.str1.4
                0x100071bc       0x5a CMakeFiles/multicore.dir/home/jake/pico-sdk/src/common/pico_time/time.c.obj
 .rodata.ph_get_node.str1.4
                0x100071bc       0x5f CMakeFiles/multicore.dir/home/jake/pico-sdk/src/common/pico_time/time.c.obj
 *fill*         0x1000721b        0x1 
 .rodata.ph_add_child_node.str1.4
                0x1000721c       0x2e CMakeFiles/multicore.dir/home/jake/pico-sdk/src/common/pico_time/time.c.obj
 *fill*         0x1000724a        0x2 
 .rodata.ph_insert_node.str1.4
                0x1000724c        0x3 CMakeFiles/multicore.dir/home/jake/pico-sdk/src/common/pico_time/time.c.obj
 *fill*         0x1000724f        0x1 
 .rodata.ph_free_node.str1.4
                0x10007250       0x38 CMakeFiles/multicore.dir/home/jake/pico-sdk/src/common/pico_time/time.c.obj
 .rodata.add_alarm_under_lock.str1.4
                0x10007288       0x28 CMakeFiles/multicore.dir/home/jake/pico-sdk/src/common/pico_time/time.c.obj
 .rodata.alarm_pool_alarm_callback.str1.4
                0x100072b0       0x60 CMakeFiles/multicore.dir/home/jake/pico-sdk/src/common/pico_time/time.c.obj
 .rodata.alarm_pool_get_default.str1.4
                0x10007310       0x21 CMakeFiles/multicore.dir/home/jake/pico-sdk/src/common/pico_time/time.c.obj
 *fill*         0x10007331        0x3 
 .rodata.alarm_pool_cancel_alarm.str1.4
                0x10007334       0x27 CMakeFiles/multicore.dir/home/jake/pico-sdk/src/common/pico_time/time.c.obj
 *fill*         0x1000735b        0x1 
 .rodata.sleep_until.str1.4
                0x1000735c       0x4d CMakeFiles/multicore.dir/home/jake/pico-sdk/src/common/pico_time/time.c.obj
 *fill*         0x100073a9        0x3 
 .rodata.__func__.1
                0x100073ac       0x18 CMakeFiles/multicore.dir/home/jake/pico-sdk/src/common/pico_time/time.c.obj
 .rodata.__func__.3
                0x100073c4       0x17 CMakeFiles/multicore.dir/home/jake/pico-sdk/src/common/pico_time/time.c.obj
 *fill*         0x100073db        0x1 
 .rodata.__func__.4
                0x100073dc       0x12 CMakeFiles/multicore.dir/home/jake/pico-sdk/src/common/pico_time/time.c.obj
 *fill*         0x100073ee        0x2 
 .rodata.__func__.5
                0x100073f0        0xd CMakeFiles/multicore.dir/home/jake/pico-sdk/src/common/pico_time/time.c.obj
 *fill*         0x100073fd        0x3 
 .rodata.__func__.6
                0x10007400       0x12 CMakeFiles/multicore.dir/home/jake/pico-sdk/src/common/pico_time/time.c.obj
 *fill*         0x10007412        0x2 
 .rodata.__func__.7
                0x10007414        0xf CMakeFiles/multicore.dir/home/jake/pico-sdk/src/common/pico_time/time.c.obj
 *fill*         0x10007423        0x1 
 .rodata.__func__.8
                0x10007424        0xc CMakeFiles/multicore.dir/home/jake/pico-sdk/src/common/pico_time/time.c.obj
 .rodata.__func__.9
                0x10007430       0x15 CMakeFiles/multicore.dir/home/jake/pico-sdk/src/common/pico_time/time.c.obj
 *fill*         0x10007445        0x3 
 .rodata.__func__.10
                0x10007448       0x15 CMakeFiles/multicore.dir/home/jake/pico-sdk/src/common/pico_time/time.c.obj
 *fill*         0x1000745d        0x3 
 .rodata.__func__.11
                0x10007460       0x1a CMakeFiles/multicore.dir/home/jake/pico-sdk/src/common/pico_time/time.c.obj
 *fill*         0x1000747a        0x2 
 .rodata.__func__.12
                0x1000747c        0xa CMakeFiles/multicore.dir/home/jake/pico-sdk/src/common/pico_time/time.c.obj
 *fill*         0x10007486        0x2 
 .rodata.hardware_alarm_claim.str1.4
                0x10007488       0x22 CMakeFiles/multicore.dir/home/jake/pico-sdk/src/rp2_common/hardware_timer/timer.c.obj
 *fill*         0x100074aa        0x2 
 .rodata.hardware_alarm_set_target.str1.4
                0x100074ac       0x5e CMakeFiles/multicore.dir/home/jake/pico-sdk/src/rp2_common/hardware_timer/timer.c.obj
 *fill*         0x1000750a        0x2 
 .rodata.__func__.0
                0x1000750c       0x1a CMakeFiles/multicore.dir/home/jake/pico-sdk/src/rp2_common/hardware_timer/timer.c.obj
 *fill*         0x10007526        0x2 
 .rodata.spin_lock_claim_unused.str1.4
                0x10007528       0x1b CMakeFiles/multicore.dir/home/jake/pico-sdk/src/rp2_common/hardware_sync/sync.c.obj
 *fill*         0x10007543        0x1 
 .rodata.resolve_branch.str1.4
                0x10007544       0x4e CMakeFiles/multicore.dir/home/jake/pico-sdk/src/rp2_common/hardware_irq/irq.c.obj
 *fill*         0x10007592        0x2 
 .rodata.make_branch.str1.4
                0x10007594       0x30 CMakeFiles/multicore.dir/home/jake/pico-sdk/src/rp2_common/hardware_irq/irq.c.obj
 .rodata.insert_branch_and_link.str1.4
                0x100075c4       0x10 CMakeFiles/multicore.dir/home/jake/pico-sdk/src/rp2_common/hardware_irq/irq.c.obj
 .rodata.irq_set_exclusive_handler.str1.4
                0x100075d4       0x36 CMakeFiles/multicore.dir/home/jake/pico-sdk/src/rp2_common/hardware_irq/irq.c.obj
 *fill*         0x1000760a        0x2 
 .rodata.irq_add_shared_handler.str1.4
                0x1000760c       0xc2 CMakeFiles/multicore.dir/home/jake/pico-sdk/src/rp2_common/hardware_irq/irq.c.obj
 *fill*         0x100076ce        0x2 
 .rodata.irq_remove_handler.str1.4
                0x100076d0       0x3a CMakeFiles/multicore.dir/home/jake/pico-sdk/src/rp2_common/hardware_irq/irq.c.obj
 *fill*         0x1000770a        0x2 
 .rodata.irq_add_tail_to_free_list.str1.4
                0x1000770c       0x3a CMakeFiles/multicore.dir/home/jake/pico-sdk/src/rp2_common/hardware_irq/irq.c.obj
 *fill*         0x10007746        0x2 
 .rodata.user_irq_claim_unused.str1.4
                0x10007748       0x1b CMakeFiles/multicore.dir/home/jake/pico-sdk/src/rp2_common/hardware_irq/irq.c.obj
 *fill*         0x10007763        0x1 
 .rodata.__func__.0
                0x10007764       0x1a CMakeFiles/multicore.dir/home/jake/pico-sdk/src/rp2_common/hardware_irq/irq.c.obj
 *fill*         0x1000777e        0x2 
 .rodata.__func__.1
                0x10007780       0x17 CMakeFiles/multicore.dir/home/jake/pico-sdk/src/rp2_common/hardware_irq/irq.c.obj
 *fill*         0x10007797        0x1 
 .rodata.__func__.2
                0x10007798       0x13 CMakeFiles/multicore.dir/home/jake/pico-sdk/src/rp2_common/hardware_irq/irq.c.obj
 *fill*         0x100077ab        0x1 
 .rodata.__func__.3
                0x100077ac        0xc CMakeFiles/multicore.dir/home/jake/pico-sdk/src/rp2_common/hardware_irq/irq.c.obj
 .rodata.__func__.4
                0x100077b8        0xf CMakeFiles/multicore.dir/home/jake/pico-sdk/src/rp2_common/hardware_irq/irq.c.obj
 *fill*         0x100077c7        0x1 
 .rodata.__func__.5
                0x100077c8       0x17 CMakeFiles/multicore.dir/home/jake/pico-sdk/src/rp2_common/hardware_irq/irq.c.obj
 *fill*         0x100077df        0x1 
 .rodata.__func__.6
                0x100077e0       0x1a CMakeFiles/multicore.dir/home/jake/pico-sdk/src/rp2_common/hardware_irq/irq.c.obj
 .rodata.ph_get_node.str1.4
                0x100077fa       0x5f CMakeFiles/multicore.dir/home/jake/pico-sdk/src/common/pico_util/pheap.c.obj
 .rodata.ph_add_child_node.str1.4
                0x100077fa       0x2e CMakeFiles/multicore.dir/home/jake/pico-sdk/src/common/pico_util/pheap.c.obj
 *fill*         0x100077fa        0x2 
 .rodata.ph_remove_any_head.str1.4
                0x100077fc       0x88 CMakeFiles/multicore.dir/home/jake/pico-sdk/src/common/pico_util/pheap.c.obj
                                 0x9c (size before relaxing)
 .rodata.ph_remove_and_free_node.str1.4
                0x10007884       0x1e CMakeFiles/multicore.dir/home/jake/pico-sdk/src/common/pico_util/pheap.c.obj
                                 0x26 (size before relaxing)
 *fill*         0x100078a2        0x2 
 .rodata.__func__.0
                0x100078a4       0x18 CMakeFiles/multicore.dir/home/jake/pico-sdk/src/common/pico_util/pheap.c.obj
 .rodata.__func__.1
                0x100078bc       0x13 CMakeFiles/multicore.dir/home/jake/pico-sdk/src/common/pico_util/pheap.c.obj
 *fill*         0x100078cf        0x1 
 .rodata.__func__.2
                0x100078d0       0x12 CMakeFiles/multicore.dir/home/jake/pico-sdk/src/common/pico_util/pheap.c.obj
 *fill*         0x100078e2        0x2 
 .rodata.__func__.3
                0x100078e4        0xc CMakeFiles/multicore.dir/home/jake/pico-sdk/src/common/pico_util/pheap.c.obj
 .rodata.clock_configure.str1.4
                0x100078f0       0x50 CMakeFiles/multicore.dir/home/jake/pico-sdk/src/rp2_common/hardware_clocks/clocks.c.obj
 .rodata.__func__.1
                0x10007940       0x10 CMakeFiles/multicore.dir/home/jake/pico-sdk/src/rp2_common/hardware_clocks/clocks.c.obj
 .rodata.pll_init.str1.4
                0x10007950      0x11b CMakeFiles/multicore.dir/home/jake/pico-sdk/src/rp2_common/hardware_pll/pll.c.obj
 *fill*         0x10007a6b        0x1 
 .rodata.__func__.0
                0x10007a6c        0x9 CMakeFiles/multicore.dir/home/jake/pico-sdk/src/rp2_common/hardware_pll/pll.c.obj
 *fill*         0x10007a75        0x3 
 .rodata.__assert_func.str1.4
                0x10007a78       0x3f CMakeFiles/multicore.dir/home/jake/pico-sdk/src/rp2_common/pico_runtime/runtime.c.obj
                                 0x43 (size before relaxing)
 *fill*         0x10007ab7        0x1 
 .rodata.runtime_init.str1.4
                0x10007ab8       0x5a CMakeFiles/multicore.dir/home/jake/pico-sdk/src/rp2_common/pico_runtime/runtime.c.obj
 *fill*         0x10007b12        0x2 
 .rodata.panic.str1.4
                0x10007b14       0x12 CMakeFiles/multicore.dir/home/jake/pico-sdk/src/rp2_common/pico_runtime/runtime.c.obj
 *fill*         0x10007b26        0x2 
 .rodata.__func__.2
                0x10007b28        0xd CMakeFiles/multicore.dir/home/jake/pico-sdk/src/rp2_common/pico_runtime/runtime.c.obj
 *fill*         0x10007b35        0x3 
 .rodata._ftoa.str1.4
                0x10007b38       0x15 CMakeFiles/multicore.dir/home/jake/pico-sdk/src/rp2_common/pico_printf/printf.c.obj
 *fill*         0x10007b4d        0x3 
 .rodata._vsnprintf
                0x10007b50      0x19c CMakeFiles/multicore.dir/home/jake/pico-sdk/src/rp2_common/pico_printf/printf.c.obj
 *fill*         0x10007cec        0x4 
 .rodata.pow10.0
                0x10007cf0       0x50 CMakeFiles/multicore.dir/home/jake/pico-sdk/src/rp2_common/pico_printf/printf.c.obj
 .rodata.__aeabi_double_init.str1.4
                0x10007d40       0xa1 CMakeFiles/multicore.dir/home/jake/pico-sdk/src/rp2_common/pico_double/double_init_rom.c.obj
 *fill*         0x10007de1        0x3 
 .rodata.__func__.0
                0x10007de4       0x14 CMakeFiles/multicore.dir/home/jake/pico-sdk/src/rp2_common/pico_double/double_init_rom.c.obj
 .rodata.__aeabi_float_init.str1.4
                0x10007df8       0x73 CMakeFiles/multicore.dir/home/jake/pico-sdk/src/rp2_common/pico_float/float_init_rom.c.obj
                                 0x77 (size before relaxing)
 *fill*         0x10007e6b        0x1 
 .rodata.__func__.0
                0x10007e6c       0x13 CMakeFiles/multicore.dir/home/jake/pico-sdk/src/rp2_common/pico_float/float_init_rom.c.obj
 *fill*         0x10007e7f        0x1 
 .rodata.str1.4
                0x10007e80       0x40 CMakeFiles/multicore.dir/home/jake/pico-sdk/src/rp2_common/pico_standard_link/binary_info.c.obj
 .rodata.__bi_81
                0x10007ec0        0xc CMakeFiles/multicore.dir/home/jake/pico-sdk/src/rp2_common/pico_standard_link/binary_info.c.obj
 .rodata.__bi_75
                0x10007ecc        0xc CMakeFiles/multicore.dir/home/jake/pico-sdk/src/rp2_common/pico_standard_link/binary_info.c.obj
 .rodata.__bi_44
                0x10007ed8        0xc CMakeFiles/multicore.dir/home/jake/pico-sdk/src/rp2_common/pico_standard_link/binary_info.c.obj
 .rodata.update_us_since_boot.str1.4
                0x10007ee4       0x5a CMakeFiles/multicore.dir/home/jake/pico-sdk/src/rp2_common/pico_stdio/stdio.c.obj
 .rodata.crlf_str.2
                0x10007ee4        0x2 CMakeFiles/multicore.dir/home/jake/pico-sdk/src/rp2_common/pico_stdio/stdio.c.obj
 *fill*         0x10007ee6        0x2 
 .rodata.__func__.3
                0x10007ee8       0x15 CMakeFiles/multicore.dir/home/jake/pico-sdk/src/rp2_common/pico_stdio/stdio.c.obj
 *fill*         0x10007efd        0x3 
 .rodata._resetd_driver
                0x10007f00       0x18 CMakeFiles/multicore.dir/home/jake/pico-sdk/src/rp2_common/pico_stdio_usb/reset_interface.c.obj
 .rodata.update_us_since_boot.str1.4
                0x10007f18       0x5a CMakeFiles/multicore.dir/home/jake/pico-sdk/src/rp2_common/pico_stdio_usb/stdio_usb.c.obj
 .rodata.stdio_usb_init.str1.4
                0x10007f18       0x3e CMakeFiles/multicore.dir/home/jake/pico-sdk/src/rp2_common/pico_stdio_usb/stdio_usb.c.obj
                                 0x46 (size before relaxing)
 *fill*         0x10007f56        0x2 
 .rodata.str1.4
                0x10007f58       0x13 CMakeFiles/multicore.dir/home/jake/pico-sdk/src/rp2_common/pico_stdio_usb/stdio_usb.c.obj
 *fill*         0x10007f6b        0x1 
 .rodata.__bi_188.0
                0x10007f6c        0xc CMakeFiles/multicore.dir/home/jake/pico-sdk/src/rp2_common/pico_stdio_usb/stdio_usb.c.obj
 .rodata.__func__.1
                0x10007f78        0xf CMakeFiles/multicore.dir/home/jake/pico-sdk/src/rp2_common/pico_stdio_usb/stdio_usb.c.obj
 *fill*         0x10007f87        0x1 
 .rodata.__func__.3
                0x10007f88       0x15 CMakeFiles/multicore.dir/home/jake/pico-sdk/src/rp2_common/pico_stdio_usb/stdio_usb.c.obj
 *fill*         0x10007f9d        0x3 
 .rodata.str1.4
                0x10007fa0       0x2a CMakeFiles/multicore.dir/home/jake/pico-sdk/src/rp2_common/pico_stdio_usb/stdio_usb_descriptors.c.obj
 *fill*         0x10007fca        0x2 
 .rodata.usbd_desc_str
                0x10007fcc       0x18 CMakeFiles/multicore.dir/home/jake/pico-sdk/src/rp2_common/pico_stdio_usb/stdio_usb_descriptors.c.obj
 .rodata.usbd_desc_cfg
                0x10007fe4       0x54 CMakeFiles/multicore.dir/home/jake/pico-sdk/src/rp2_common/pico_stdio_usb/stdio_usb_descriptors.c.obj
 .rodata.usbd_desc_device
                0x10008038       0x12 CMakeFiles/multicore.dir/home/jake/pico-sdk/src/rp2_common/pico_stdio_usb/stdio_usb_descriptors.c.obj
 *fill*         0x1000804a        0x2 
 .rodata.pico_get_unique_board_id_string.str1.4
                0x1000804c       0x46 CMakeFiles/multicore.dir/home/jake/pico-sdk/src/rp2_common/pico_unique_id/unique_id.c.obj
 *fill*         0x10008092        0x2 
 .rodata.__func__.0
                0x10008094       0x20 CMakeFiles/multicore.dir/home/jake/pico-sdk/src/rp2_common/pico_unique_id/unique_id.c.obj
 .rodata.str1.4
                0x100080b4      0x152 CMakeFiles/multicore.dir/home/jake/pico-sdk/src/rp2_common/hardware_flash/flash.c.obj
 *fill*         0x10008206        0x2 
 .rodata.__func__.0
                0x10008208        0xd CMakeFiles/multicore.dir/home/jake/pico-sdk/src/rp2_common/hardware_flash/flash.c.obj
 *fill*         0x10008215        0x3 
 .rodata._hw_endpoint_alloc.str1.4
                0x10008218       0xb1 CMakeFiles/multicore.dir/home/jake/pico-sdk/lib/tinyusb/src/portable/raspberrypi/rp2040/dcd_rp2040.c.obj
 *fill*         0x100082c9        0x3 
 .rodata.str1.4
                0x100082cc       0x14 CMakeFiles/multicore.dir/home/jake/pico-sdk/lib/tinyusb/src/portable/raspberrypi/rp2040/dcd_rp2040.c.obj
 .rodata.dcd_int_enable.str1.4
                0x100082e0        0xc CMakeFiles/multicore.dir/home/jake/pico-sdk/lib/tinyusb/src/portable/raspberrypi/rp2040/dcd_rp2040.c.obj
 .rodata.__func__.0
                0x100082ec        0xe CMakeFiles/multicore.dir/home/jake/pico-sdk/lib/tinyusb/src/portable/raspberrypi/rp2040/dcd_rp2040.c.obj
 *fill*         0x100082fa        0x2 
 .rodata.__func__.1
                0x100082fc        0xe CMakeFiles/multicore.dir/home/jake/pico-sdk/lib/tinyusb/src/portable/raspberrypi/rp2040/dcd_rp2040.c.obj
 *fill*         0x1000830a        0x2 
 .rodata.__func__.3
                0x1000830c       0x10 CMakeFiles/multicore.dir/home/jake/pico-sdk/lib/tinyusb/src/portable/raspberrypi/rp2040/dcd_rp2040.c.obj
 .rodata.__func__.5
                0x1000831c        0xf CMakeFiles/multicore.dir/home/jake/pico-sdk/lib/tinyusb/src/portable/raspberrypi/rp2040/dcd_rp2040.c.obj
 *fill*         0x1000832b        0x1 
 .rodata.__func__.6
                0x1000832c       0x13 CMakeFiles/multicore.dir/home/jake/pico-sdk/lib/tinyusb/src/portable/raspberrypi/rp2040/dcd_rp2040.c.obj
 *fill*         0x1000833f        0x1 
 .rodata.__func__.7
                0x10008340        0x9 CMakeFiles/multicore.dir/home/jake/pico-sdk/lib/tinyusb/src/portable/raspberrypi/rp2040/dcd_rp2040.c.obj
 *fill*         0x10008349        0x3 
 .rodata.str1.4
                0x1000834c       0xe3 CMakeFiles/multicore.dir/home/jake/pico-sdk/lib/tinyusb/src/portable/raspberrypi/rp2040/rp2040_usb.c.obj
 *fill*         0x1000842f        0x1 
 .rodata.__func__.0
                0x10008430        0xf CMakeFiles/multicore.dir/home/jake/pico-sdk/lib/tinyusb/src/portable/raspberrypi/rp2040/rp2040_usb.c.obj
 *fill*         0x1000843f        0x1 
 .rodata.process_get_descriptor
                0x10008440       0x40 CMakeFiles/multicore.dir/home/jake/pico-sdk/lib/tinyusb/src/device/usbd.c.obj
 .rodata.process_control_request
                0x10008480       0x28 CMakeFiles/multicore.dir/home/jake/pico-sdk/lib/tinyusb/src/device/usbd.c.obj
 .rodata.tud_task_ext
                0x100084a8       0x24 CMakeFiles/multicore.dir/home/jake/pico-sdk/lib/tinyusb/src/device/usbd.c.obj
 .rodata._usbd_driver
                0x100084cc       0x18 CMakeFiles/multicore.dir/home/jake/pico-sdk/lib/tinyusb/src/device/usbd.c.obj
                0x100084e4                        . = ALIGN (0x4)
 *(SORT_BY_ALIGNMENT(SORT_BY_NAME(.flashdata*)))
                0x100084e4                        . = ALIGN (0x4)

.rel.dyn        0x100084e4        0x0
 .rel.iplt      0x100084e4        0x0 /usr/lib/gcc/arm-none-eabi/12.2.1/thumb/v6-m/nofp/crtbegin.o

.ARM.extab
 *(.ARM.extab* .gnu.linkonce.armextab.*)
                0x100084e4                        __exidx_start = .

.ARM.exidx
 *(.ARM.exidx* .gnu.linkonce.armexidx.*)
                0x100084e4                        __exidx_end = .
                0x100084e4                        . = ALIGN (0x4)
                0x100084e4                        __binary_info_start = .

.binary_info    0x100084e4       0x20
 *(.binary_info.keep.*)
 .binary_info.keep.__bi_ptr81
                0x100084e4        0x4 CMakeFiles/multicore.dir/home/jake/pico-sdk/src/rp2_common/pico_standard_link/binary_info.c.obj
 .binary_info.keep.__bi_ptr75
                0x100084e8        0x4 CMakeFiles/multicore.dir/home/jake/pico-sdk/src/rp2_common/pico_standard_link/binary_info.c.obj
 .binary_info.keep.__bi_ptr50
                0x100084ec        0x4 CMakeFiles/multicore.dir/home/jake/pico-sdk/src/rp2_common/pico_standard_link/binary_info.c.obj
 .binary_info.keep.__bi_ptr44
                0x100084f0        0x4 CMakeFiles/multicore.dir/home/jake/pico-sdk/src/rp2_common/pico_standard_link/binary_info.c.obj
 .binary_info.keep.__bi_ptr38
                0x100084f4        0x4 CMakeFiles/multicore.dir/home/jake/pico-sdk/src/rp2_common/pico_standard_link/binary_info.c.obj
 .binary_info.keep.__bi_ptr30
                0x100084f8        0x4 CMakeFiles/multicore.dir/home/jake/pico-sdk/src/rp2_common/pico_standard_link/binary_info.c.obj
 .binary_info.keep.__bi_ptr22
                0x100084fc        0x4 CMakeFiles/multicore.dir/home/jake/pico-sdk/src/rp2_common/pico_standard_link/binary_info.c.obj
 *(.binary_info.*)
 .binary_info.__bi_ptr188
                0x10008500        0x4 CMakeFiles/multicore.dir/home/jake/pico-sdk/src/rp2_common/pico_stdio_usb/stdio_usb.c.obj
                0x10008504                        __binary_info_end = .
                0x10008504                        . = ALIGN (0x4)
                0x10008504                        __etext = .

.ram_vector_table
                0x20000000       0xc0
 *(.ram_vector_table)
 .ram_vector_table
                0x20000000       0xc0 CMakeFiles/multicore.dir/home/jake/pico-sdk/src/rp2_common/pico_runtime/runtime.c.obj
                0x20000000                ram_vector_table

.data           0x200000c0      0xb68 load address 0x10008504
                0x200000c0                        __data_start__ = .
 *(vtable)
 *(.time_critical*)
 .time_critical.mutex_try_enter
                0x200000c0       0x46 CMakeFiles/multicore.dir/home/jake/pico-sdk/src/common/pico_sync/mutex.c.obj
                0x200000c0                mutex_try_enter
 *fill*         0x20000106        0x2 
 .time_critical.mutex_enter_block_until
                0x20000108       0x8c CMakeFiles/multicore.dir/home/jake/pico-sdk/src/common/pico_sync/mutex.c.obj
                0x20000108                mutex_enter_block_until
 .time_critical.mutex_try_enter_block_until
                0x20000194       0x34 CMakeFiles/multicore.dir/home/jake/pico-sdk/src/common/pico_sync/mutex.c.obj
                0x20000194                mutex_try_enter_block_until
 .time_critical.mutex_enter_timeout_ms
                0x200001c8       0x1a CMakeFiles/multicore.dir/home/jake/pico-sdk/src/common/pico_sync/mutex.c.obj
                0x200001c8                mutex_enter_timeout_ms
 *fill*         0x200001e2        0x2 
 .time_critical.mutex_exit
                0x200001e4       0x4c CMakeFiles/multicore.dir/home/jake/pico-sdk/src/common/pico_sync/mutex.c.obj
                0x200001e4                mutex_exit
 .time_critical.flash_init_boot2_copyout
                0x20000230       0x30 CMakeFiles/multicore.dir/home/jake/pico-sdk/src/rp2_common/hardware_flash/flash.c.obj
 .time_critical.flash_enable_xip_via_boot2
                0x20000260        0xc CMakeFiles/multicore.dir/home/jake/pico-sdk/src/rp2_common/hardware_flash/flash.c.obj
 .time_critical.flash_cs_force
                0x2000026c       0x28 CMakeFiles/multicore.dir/home/jake/pico-sdk/src/rp2_common/hardware_flash/flash.c.obj
 .time_critical.flash_do_cmd
                0x20000294       0xd8 CMakeFiles/multicore.dir/home/jake/pico-sdk/src/rp2_common/hardware_flash/flash.c.obj
                0x20000294                flash_do_cmd
 .time_critical.reset_non_control_endpoints
                0x2000036c       0x40 CMakeFiles/multicore.dir/home/jake/pico-sdk/lib/tinyusb/src/portable/raspberrypi/rp2040/dcd_rp2040.c.obj
 .time_critical.hw_handle_buff_status
                0x200003ac       0xa4 CMakeFiles/multicore.dir/home/jake/pico-sdk/lib/tinyusb/src/portable/raspberrypi/rp2040/dcd_rp2040.c.obj
 .time_critical.dcd_rp2040_irq
                0x20000450      0x1b8 CMakeFiles/multicore.dir/home/jake/pico-sdk/lib/tinyusb/src/portable/raspberrypi/rp2040/dcd_rp2040.c.obj
 .time_critical.e15_is_bulkin_ep
                0x20000608       0x2c CMakeFiles/multicore.dir/home/jake/pico-sdk/lib/tinyusb/src/portable/raspberrypi/rp2040/rp2040_usb.c.obj
 .time_critical.e15_is_critical_frame_period
                0x20000634       0x30 CMakeFiles/multicore.dir/home/jake/pico-sdk/lib/tinyusb/src/portable/raspberrypi/rp2040/rp2040_usb.c.obj
 .time_critical.prepare_ep_buffer
                0x20000664       0x6c CMakeFiles/multicore.dir/home/jake/pico-sdk/lib/tinyusb/src/portable/raspberrypi/rp2040/rp2040_usb.c.obj
 .time_critical.sync_ep_buffer
                0x200006d0       0x7c CMakeFiles/multicore.dir/home/jake/pico-sdk/lib/tinyusb/src/portable/raspberrypi/rp2040/rp2040_usb.c.obj
 .time_critical._hw_endpoint_xfer_sync
                0x2000074c       0x28 CMakeFiles/multicore.dir/home/jake/pico-sdk/lib/tinyusb/src/portable/raspberrypi/rp2040/rp2040_usb.c.obj
 .time_critical.hw_endpoint_reset_transfer
                0x20000774        0xc CMakeFiles/multicore.dir/home/jake/pico-sdk/lib/tinyusb/src/portable/raspberrypi/rp2040/rp2040_usb.c.obj
                0x20000774                hw_endpoint_reset_transfer
 .time_critical._hw_endpoint_buffer_control_update32
                0x20000780       0x58 CMakeFiles/multicore.dir/home/jake/pico-sdk/lib/tinyusb/src/portable/raspberrypi/rp2040/rp2040_usb.c.obj
                0x20000780                _hw_endpoint_buffer_control_update32
 .time_critical.hw_endpoint_start_next_buffer
                0x200007d8       0x7c CMakeFiles/multicore.dir/home/jake/pico-sdk/lib/tinyusb/src/portable/raspberrypi/rp2040/rp2040_usb.c.obj
                0x200007d8                hw_endpoint_start_next_buffer
 .time_critical.hw_endpoint_xfer_continue
                0x20000854       0x50 CMakeFiles/multicore.dir/home/jake/pico-sdk/lib/tinyusb/src/portable/raspberrypi/rp2040/rp2040_usb.c.obj
                0x20000854                hw_endpoint_xfer_continue
 .time_critical.tinyusb
                0x200008a4      0x1e8 CMakeFiles/multicore.dir/home/jake/pico-sdk/lib/tinyusb/src/device/usbd.c.obj
                0x200008a4                dcd_event_handler
 *(.text*)
 .text          0x20000a8c        0x4 /usr/lib/gcc/arm-none-eabi/12.2.1/thumb/v6-m/nofp/libgcc.a(_dvmd_tls.o)
                0x20000a8c                __aeabi_ldiv0
                0x20000a8c                __aeabi_idiv0
 .text.__stub   0x20000a90       0x90 linker stubs
                0x20000b20                        . = ALIGN (0x4)
 *(.rodata*)
                0x20000b20                        . = ALIGN (0x4)
 *(.data*)
 .data.default_alarm_pool
                0x20000b20       0x18 CMakeFiles/multicore.dir/home/jake/pico-sdk/src/common/pico_time/time.c.obj
 .data.default_alarm_pool_heap
                0x20000b38       0x10 CMakeFiles/multicore.dir/home/jake/pico-sdk/src/common/pico_time/time.c.obj
 .data.striped_spin_lock_num
                0x20000b48        0x1 CMakeFiles/multicore.dir/home/jake/pico-sdk/src/rp2_common/hardware_sync/sync.c.obj
 *fill*         0x20000b49        0x3 
 .data          0x20000b4c       0x48 CMakeFiles/multicore.dir/home/jake/pico-sdk/src/rp2_common/hardware_irq/irq_handler_chain.S.obj
                0x20000b4c                irq_handler_chain_slots
                0x20000b7c                irq_handler_chain_first_slot
                0x20000b86                irq_handler_chain_remove_tail
 *fill*         0x20000b94        0xc 
 .data.aeabi_bits_funcs
                0x20000ba0       0x10 CMakeFiles/multicore.dir/home/jake/pico-sdk/src/rp2_common/pico_bit_ops/bit_ops_aeabi.S.obj
                0x20000ba0                aeabi_bits_funcs
                0x20000bb0                aeabi_bits_funcs_end
 .data.aeabi_mem_funcs
                0x20000bb0       0x10 CMakeFiles/multicore.dir/home/jake/pico-sdk/src/rp2_common/pico_mem_ops/mem_ops_aeabi.S.obj
                0x20000bb0                aeabi_mem_funcs
                0x20000bc0                aeabi_mem_funcs_end
 .data.stdio_usb
                0x20000bc0       0x18 CMakeFiles/multicore.dir/home/jake/pico-sdk/src/rp2_common/pico_stdio_usb/stdio_usb.c.obj
                0x20000bc0                stdio_usb
 .data.ep_dir_string
                0x20000bd8        0x8 CMakeFiles/multicore.dir/home/jake/pico-sdk/lib/tinyusb/src/portable/raspberrypi/rp2040/rp2040_usb.c.obj
                0x20000bd8                ep_dir_string
 .data._usbd_qdef
                0x20000be0       0x1c CMakeFiles/multicore.dir/home/jake/pico-sdk/lib/tinyusb/src/device/usbd.c.obj
                0x20000be0                _usbd_qdef
 .data._usbd_rhport
                0x20000bfc        0x1 CMakeFiles/multicore.dir/home/jake/pico-sdk/lib/tinyusb/src/device/usbd.c.obj
                0x20000c00                        . = ALIGN (0x4)
 *fill*         0x20000bfd        0x3 
 *(.after_data.*)
                0x20000c00                        . = ALIGN (0x4)
                0x20000c00                        PROVIDE (__mutex_array_start = .)
 *(SORT_BY_NAME(.mutex_array.*))
 *(.mutex_array)
 .mutex_array   0x20000c00        0x8 CMakeFiles/multicore.dir/home/jake/pico-sdk/src/rp2_common/pico_malloc/pico_malloc.c.obj
 .mutex_array   0x20000c08        0x8 CMakeFiles/multicore.dir/home/jake/pico-sdk/src/rp2_common/pico_stdio/stdio.c.obj
                0x20000c10                        PROVIDE (__mutex_array_end = .)
                0x20000c10                        . = ALIGN (0x4)
                0x20000c10                        PROVIDE (__preinit_array_start = .)
 *(SORT_BY_NAME(.preinit_array.*))
 .preinit_array.00001
                0x20000c10        0x4 CMakeFiles/multicore.dir/home/jake/pico-sdk/src/rp2_common/pico_mem_ops/mem_ops_aeabi.S.obj
 .preinit_array.00010
                0x20000c14        0x4 CMakeFiles/multicore.dir/home/jake/pico-sdk/src/rp2_common/pico_bit_ops/bit_ops_aeabi.S.obj
 .preinit_array.00020
                0x20000c18        0x4 CMakeFiles/multicore.dir/home/jake/pico-sdk/src/rp2_common/pico_double/double_aeabi.S.obj
 .preinit_array.00020
                0x20000c1c        0x4 CMakeFiles/multicore.dir/home/jake/pico-sdk/src/rp2_common/pico_float/float_aeabi.S.obj
 *(.preinit_array)
                0x20000c20                        PROVIDE (__preinit_array_end = .)
                0x20000c20                        . = ALIGN (0x4)
                0x20000c20                        PROVIDE (__init_array_start = .)
 *(SORT_BY_NAME(.init_array.*))
 *(.init_array)
 .init_array    0x20000c20        0x4 /usr/lib/gcc/arm-none-eabi/12.2.1/thumb/v6-m/nofp/crtbegin.o
 .init_array    0x20000c24        0x4 CMakeFiles/multicore.dir/home/jake/pico-sdk/src/rp2_common/pico_unique_id/unique_id.c.obj
                0x20000c28                        PROVIDE (__init_array_end = .)
                0x20000c28                        . = ALIGN (0x4)
                0x20000c28                        PROVIDE (__fini_array_start = .)
 *(SORT_BY_NAME(.fini_array.*))
 *(.fini_array)
                0x20000c28                        PROVIDE (__fini_array_end = .)
 *(.jcr)
                0x20000c28                        . = ALIGN (0x4)
                0x20000c28                        __data_end__ = .

.tm_clone_table
                0x20000c28        0x0 load address 0x1000906c
 .tm_clone_table
                0x20000c28        0x0 /usr/lib/gcc/arm-none-eabi/12.2.1/thumb/v6-m/nofp/crtbegin.o
 .tm_clone_table
                0x20000c28        0x0 /usr/lib/gcc/arm-none-eabi/12.2.1/thumb/v6-m/nofp/crtend.o

.igot.plt       0x20000c28        0x0 load address 0x1000906c
 .igot.plt      0x20000c28        0x0 /usr/lib/gcc/arm-none-eabi/12.2.1/thumb/v6-m/nofp/crtbegin.o

.uninitialized_data
                0x20000c28        0x0 load address 0x1000906c
                0x20000c28                        . = ALIGN (0x4)
 *(.uninitialized_data*)

.scratch_x      0x20040000        0x0 load address 0x1000906c
                0x20040000                        __scratch_x_start__ = .
 *(.scratch_x.*)
                0x20040000                        . = ALIGN (0x4)
                0x20040000                        __scratch_x_end__ = .
                0x1000906c                        __scratch_x_source__ = LOADADDR (.scratch_x)

.scratch_y      0x20041000        0x0 load address 0x1000906c